2025-07-08 22:15:51 - block_text_comparison.py:76 - ===============skip cnt：1 || material_id='m_00001a' || rule='基础产品销售信息' || end_result=True===============
2025-07-08 22:15:51 - block_text_comparison.py:76 - ===============skip cnt：2 || material_id='m_00002a' || rule='赔付 & 领取规则' || end_result=False===============
2025-07-08 22:15:51 - block_text_comparison.py:76 - ===============skip cnt：3 || material_id='m_00003a' || rule='责任免除' || end_result=True===============
2025-07-08 22:15:51 - block_text_comparison.py:76 - ===============skip cnt：4 || material_id='m_00004a' || rule='投保条款' || end_result=False===============
2025-07-08 22:15:51 - block_text_comparison.py:76 - ===============skip cnt：5 || material_id='m_00005a' || rule='投保条款' || end_result=False===============
2025-07-08 22:15:51 - block_text_comparison.py:76 - ===============skip cnt：6 || material_id='m_00006a' || rule='责任免除' || end_result=True===============
2025-07-08 22:15:51 - block_text_comparison.py:76 - ===============skip cnt：7 || material_id='m_00007a' || rule='续保条款' || end_result=False===============
2025-07-08 22:15:51 - block_text_comparison.py:76 - ===============skip cnt：8 || material_id='m_00008a' || rule='责任免除' || end_result=False===============
2025-07-08 22:15:51 - block_text_comparison.py:76 - ===============skip cnt：9 || material_id='m_00009a' || rule='出险条款' || end_result=True===============
2025-07-08 22:15:51 - block_text_comparison.py:76 - ===============skip cnt：10 || material_id='m_00010a' || rule='保障相关时间' || end_result=False===============
2025-07-08 22:15:51 - block_text_comparison.py:76 - ===============skip cnt：11 || material_id='m_00011a' || rule='赔付 & 领取规则' || end_result=False===============
2025-07-08 22:15:51 - block_text_comparison.py:76 - ===============skip cnt：12 || material_id='m_00012a' || rule='责任免除' || end_result=False===============
2025-07-08 22:15:51 - block_text_comparison.py:76 - ===============skip cnt：13 || material_id='m_00013a' || rule='责任免除' || end_result=False===============
2025-07-08 22:15:51 - block_text_comparison.py:76 - ===============skip cnt：14 || material_id='m_00014a' || rule='保障责任' || end_result=True===============
2025-07-08 22:15:51 - block_text_comparison.py:76 - ===============skip cnt：15 || material_id='m_00015a' || rule='退保条款' || end_result=False===============
2025-07-08 22:15:51 - block_text_comparison.py:76 - ===============skip cnt：16 || material_id='m_00016a' || rule='保障责任' || end_result=False===============
2025-07-08 22:15:51 - block_text_comparison.py:76 - ===============skip cnt：17 || material_id='m_00017a' || rule='赔付 & 领取规则' || end_result=False===============
2025-07-08 22:15:51 - block_text_comparison.py:76 - ===============skip cnt：18 || material_id='m_00018a' || rule='退保条款' || end_result=True===============
2025-07-08 22:15:51 - block_text_comparison.py:76 - ===============skip cnt：19 || material_id='m_00019a' || rule='投保条款' || end_result=False===============
2025-07-08 22:15:51 - block_text_comparison.py:76 - ===============skip cnt：20 || material_id='m_00020a' || rule='续保条款' || end_result=True===============
2025-07-08 22:15:51 - block_text_comparison.py:76 - ===============skip cnt：21 || material_id='m_00021a' || rule='出险条款' || end_result=True===============
2025-07-08 22:15:51 - block_text_comparison.py:76 - ===============skip cnt：22 || material_id='m_00022a' || rule='投保条款' || end_result=False===============
2025-07-08 22:15:51 - block_text_comparison.py:76 - ===============skip cnt：23 || material_id='m_00023a' || rule='续保条款' || end_result=True===============
2025-07-08 22:15:51 - block_text_comparison.py:76 - ===============skip cnt：24 || material_id='m_00024a' || rule='责任免除' || end_result=True===============
2025-07-08 22:15:51 - block_text_comparison.py:76 - ===============skip cnt：25 || material_id='m_00025a' || rule='保障相关时间' || end_result=True===============
2025-07-08 22:15:51 - block_text_comparison.py:76 - ===============skip cnt：26 || material_id='m_00011a' || rule='保障责任' || end_result=False===============
2025-07-08 22:15:51 - block_text_comparison.py:76 - ===============skip cnt：27 || material_id='m_00014a' || rule='责任免除' || end_result=True===============
2025-07-08 22:15:51 - block_text_comparison.py:76 - ===============skip cnt：28 || material_id='m_00026a' || rule='保障责任' || end_result=True===============
2025-07-08 22:15:51 - block_text_comparison.py:76 - ===============skip cnt：29 || material_id='m_00027a' || rule='责任免除' || end_result=True===============
2025-07-08 22:15:51 - block_text_comparison.py:76 - ===============skip cnt：30 || material_id='m_00020a' || rule='保障责任' || end_result=True===============
2025-07-08 22:15:51 - block_text_comparison.py:76 - ===============skip cnt：31 || material_id='m_00010a' || rule='责任免除' || end_result=True===============
2025-07-08 22:15:51 - block_text_comparison.py:76 - ===============skip cnt：32 || material_id='m_00028a' || rule='术语解释' || end_result=True===============
2025-07-08 22:15:51 - block_text_comparison.py:76 - ===============skip cnt：33 || material_id='m_00029a' || rule='保障相关时间' || end_result=True===============
2025-07-08 22:15:51 - block_text_comparison.py:76 - ===============skip cnt：34 || material_id='m_00030a' || rule='基础产品销售信息' || end_result=False===============
2025-07-08 22:15:51 - block_text_comparison.py:76 - ===============skip cnt：35 || material_id='m_00031a' || rule='责任免除' || end_result=False===============
2025-07-08 22:15:51 - block_text_comparison.py:76 - ===============skip cnt：36 || material_id='m_00032a' || rule='责任免除' || end_result=False===============
2025-07-08 22:15:51 - block_text_comparison.py:76 - ===============skip cnt：37 || material_id='m_00033a' || rule='赔付 & 领取规则' || end_result=True===============
2025-07-08 22:15:51 - block_text_comparison.py:76 - ===============skip cnt：38 || material_id='m_00034a' || rule='基础产品销售信息' || end_result=True===============
2025-07-08 22:15:51 - block_text_comparison.py:76 - ===============skip cnt：39 || material_id='m_00035a' || rule='赔付 & 领取规则' || end_result=True===============
2025-07-08 22:15:51 - block_text_comparison.py:84 - ===============cnt：39 || material_id='m_00036a' || rule='附加条款' || label=None===============
2025-07-08 22:15:51 - block_text_comparison.py:90 - load data data/clean_data_qwen2.5-72b-instruct/materials/m_00036a/ADDITIONAL_AGREEMENT/附加条款.txt...
2025-07-08 22:15:51 - block_text_comparison.py:90 - load data data/clean_data_qwen2.5-72b-instruct/materials/m_00036a/CLAUSE/附加条款.txt...
2025-07-08 22:15:51 - block_text_comparison.py:90 - load data data/clean_data_qwen2.5-72b-instruct/materials/m_00036a/HEAD_IMG/附加条款.txt...
2025-07-08 22:15:51 - block_text_comparison.py:90 - load data data/clean_data_qwen2.5-72b-instruct/materials/m_00036a/HEALTH_INFORM/附加条款.txt...
2025-07-08 22:15:51 - block_text_comparison.py:90 - load data data/clean_data_qwen2.5-72b-instruct/materials/m_00036a/INSURE_NOTICE/附加条款.txt...
2025-07-08 22:15:51 - block_text_comparison.py:90 - load data data/clean_data_qwen2.5-72b-instruct/materials/m_00036a/INTRODUCE_IMG/附加条款.txt...
2025-07-08 22:15:51 - block_text_comparison.py:90 - load data data/clean_data_qwen2.5-72b-instruct/materials/m_00036a/LIABILITY_EXCLUSION/附加条款.txt...
2025-07-08 22:15:53 - block_text_comparison.py:116 - ```
◆本保险产品承保地区：中国境内（不含港澳台地区）。
◆本保险产品投保人需为被保险人本人或被保险人的子女、配偶及父母（含配偶父母），否则投保无效。
◆本保险产品最早生效时刻为投保后第七天零时。
◆本产品同一保险期间内每位被保险人限购1份，多投保无效。
◆承保被保险人年龄范围：30天至60周岁（含）。
◆本保险产品被保险人须为身体健康，能正常工作或正常生活的自然人，须未患过癫痫、精神和行为障碍（含抑郁症）、脑中风、终末期肾病、冠心病、心肌梗死、心绞痛、肺源性心脏病、心脏瓣膜病、心房/心室扑动或颤动、风湿性心脏病、心肌病、先天性心脏病、心功能不全、恶性肿瘤疾病，近1年内未长期服药（有规律服药持续超过3个月）、长期卧床以及住院经历，否则视为不实告知，保险人不承担上述保险责任。
◆本保险产品仅承保职业类别为1-4类人员（不含无固定工作人员），职业类别查询网址为：http://service.ehuatai.com/page/occupation/mobile.jsp；若实际出险时职业类别（含临时或短期工作）高于4类，保险人按20%比例承担各项赔付责任。固定工作是指投保前1年内有连续6个月及以上的职工社保缴纳记录，或有连续6月及以上的来自同一雇主的工资收入证明，或投保时与雇主签订一年及以上的劳动合同（出险时须补充考勤记录或者工资发放记录证明），不能提供前述证明材料的视为无固定工作,保险人按20%比例承担各项赔付责任。
◆保险人认可的医院为中华人民共和国境内二级及以上公立医院或保险人认可的医疗机构，且仅限上述医院的普通部。保险人不承担在下述医院治疗时发生的医疗费和住院津贴的赔偿责任：河南省、内蒙古赤峰市、吉林省长春市、四平市、辽宁省铁岭市、山东省烟台市、济宁市、菏泽市、聊城市、潍坊市、淄博市、泰安市宁阳县、江苏省徐州市、四川省宜宾市、内江市所有医院、黑龙江省中医医院、辽宁中医药大学附属第二医院、中国人民解放jūn第二0五医院、宿州市中医院、佛山市中医院、内江市中医院、中山市中医院、枣庄市薛城区人民医院。
◆意外伤害医疗费用不含采用物理治疗或康复治疗方式发生的费用，不含入住康复中心、康复医院、康复科、康复病房发生的医疗费用。
◆被保险人因溺水、高空坠落（离地2米以上）、一氧化碳中毒以及违反交通法规导致交通意外事故导致身故伤残的，保险人按20%比例赔付身故责任。
◆被保险人未违反交通法规但在交通事故中须承担全部责任或主要责任的，保险人按50%比例赔付身故责任。
◆“个人人身意外伤害身故/伤残”保险责任对投保时年龄在50-60周岁（含60周岁）的被保险人保额减半。
◆保险事故发生后，被保险人或者受益人应在24小时内及时报案，保险人对无法确定的部分，不承担赔偿或者给付保险金的责任。
◆若被保险人同时持有多张生效意外险保单，根据重复保险分摊原则，保险人按照比例责任制方式承担医疗费用赔偿责任；意外住院津贴每日赔付金额=本保单意外住院津贴每日保额-其他意外险保单住院津贴每日保额，若小于零，则不予理赔该项责任。
◆根据国务院保险监督管理机构的规定，除航空意外身故责任和重大自然灾害意外身故责任对应的保险金额外，对于未成年人作为被保险人的人身保险，在被保险人成年之前，被保险人死亡时各保险公司实际给付的保险金总和按以下限额执行：（一）对于被保险人不满10周岁的，不得超过人民币20万元；（二）对于被保险人已满10周岁但未满18周岁的，不得超过人民币50万元。
◆投保人、被保险人可打40060-95509，进行保单验真、查询和理赔。  
◆本保险单及其保险条款、附件等构成本保险合同不可分割的组成部分。除法律另有规定外，如本保险单与上述其他文件有任何不一致之处，应以本保险单为准。
◆保险人已将保险条款及附加险条款提供给投保人，并就条款内容，特别是责任免除、责任减轻及投保人和被保险人的义务内容，向投保人作了明确说明，投保人及所有被保险人对本保险合同的条款及保险条件已完全了解。保险条款可通过投保渠道或公司网站pc.ehuatai.com查询。如有问题，需在24小时内联系保险人，客服电话：400-609-5509。
``` 
vs
 根据提供的文档内容，关于“附加条款（约定该产品的附加条款，如特别约定等）”的信息如下：
### 华泰财险附加猝死保险（A款）条款
**总则**
- **第一条**：本附加保险合同（以下简称“本附加险合同”）须附加于保险人普通意外保险或健康保险合同（以下简称“主险合同”）使用。主险合同效力终止，本附加险合同效力亦同时终止；主险合同无效，本附加险合同亦无效。主险合同与本附加险合同相抵触之处，以本附加险合同为准。本附加险合同未约定事项，以主险合同为准。凡涉及本附加险合同的约定，均应采用书面形式。
**保险责任**
- **第二条**：保险期间内，被保险人猝死，保险人按本附加险合同约定的保险金额给付猝死保险金，同时保险人对该被保险人的本附加险合同责任终止。根据世界卫生组织（WHO）对于猝死的定义，猝死指平素身体健康或貌似健康的患者，在短时间内，因自然疾病而突然身故。猝死的时间限度指从首次发病到身故所经过的时间，具体由投保人与保险人协商确定，并在保险单中载明，该时间以外身故的，不属于本附加险合同保险责任。导致猝死的自然疾病必须是被保险人在投保前自身未知且未曾进行诊疗而在保险期间内突然发生的。
**责任免除**
- **第三条**：因下列原因之一导致被保险人猝死的，保险人不承担保险金给付责任：
  - (一) 投保人的故意杀害、故意伤害行为；
  - (二) 被保险人故意犯罪或者抗拒依法采取的刑事强制措施、自致伤害或自杀，但被保险人自杀时为无民事行为能力人的除外；
  - (三) 因被保险人挑衅或故意行为而导致的打斗、被袭击或被谋杀；
  - (四) 被保险人未遵医嘱，私自服用、涂用、注射药物；
  - (五) 被保险人及家庭成员（释义1）不遵医嘱，拒绝配合治疗的；
  - (六) 被保险人醉酒或者受酒精、毒品或者管制药品的影响期间；
  - (七) 慢性疾病急性发作；
  - (八) 战争、军事行动、暴动、恐怖活动或武装叛乱；
  - (九) 被保险人流产、分娩及由以上原因引起之并发症；
  - (十) 被保险人接受医疗检查、麻醉、整容、整形手术及其他内、外科手术；
  - (十一) 被保险人因意外伤害（释义2）事故身故；
  - (十二) 被保险人从事跳伞、滑翔、探险活动、武术比赛、摔跤比赛、特技表演、赛马、马术表演、赛车、拳击等高风险运动或活动；
  - (十三) 任何生物、化学、原子能武器，原子能或核能装置所造成的爆炸、灼伤、污染或辐射。
- **第四条**：出现下列情形之一时，保险人不承担保险金给付责任：
  - (一) 精神和行为障碍（以世界卫生组织颁布的《疾病和有关健康问题的国际统计分类 (ICD-10)》为准）或者癫痫发作期间；
  - (二) 任何获取移植器官或者捐献器官的行为；
  - (三) 被保险人患艾滋病（AIDS）或感染艾滋病病毒（HIV呈阳性）；
  - (四) 被保险人患精神病、遗传性疾病（释义3）、先天性疾病、先天性畸形（释义4）、性传播疾病；
  - (五) 被保险人在投保前已知或已经明确诊疗的疾病，在保险期间因此疾病身故的。
- **第五条**：主险合同中规定的其他责任免除事项也适用于本附加险合同。
**保险金额**
- **第六条**：保险金额是保险人承担给付保险金责任的最高限额。保险金额由投保人与保险人协商确定，并在保险单中载明。
**保险金申请与给付**
- **第七条**：保险金申请人向保险人申请给付保险金时，应按下述要求提交材料。保险金申请人未能提供有关材料、导致保险人无法核实该申请的真实性的，保险人对无法核实部分不承担给付保险金的责任。
  - （一）保险单原件或其他保险凭证原件；
  - （二）实施抢救的医疗机构（释义5）或其他保险人认可的机构出具的被保险人死亡证明；
  - （三）实施抢救的医疗机构出具的住院病历、诊断证明、出院小结及其他医疗证明材料；
  - （四）由殡葬部门或居委会出具的殡葬证明、或派出所的户口注销证明；
  - （五）受益人的身份证明及与被保险人的关系证明；
  - （六）受益人签字确认的理赔金银行转账授权书原件及银行账户；
  - （七）受益人出具的授权保险人进行调查的授权委托书；
  - （八）若猝死保险金受益人委托他人申请的，还应提供授权委托书原件、委托人和受托人的身份证明等相关证明文件；
  - （九）保险金申请人所能提供的或保险人要求提供的其他与本项申请相关的材料。
**释义**
- **1. 家庭成员**：指配偶、父母、子女和其他共同生活的近亲属。
- **2. 意外伤害**：指遭受外来的、突发的、非本意的、非疾病的客观事件为直接且单独的原因致使身体受到的伤害。
- **3. 遗传性疾病**：指生殖细胞或受精卵的遗传物质（染色体和基因）发生突变或畸形所引起的疾病，通常具有由亲代传至后代的垂直传递的特征。
- **4. 先天性畸形**：指被保险人出生时就具有畸形。先天性畸形依照世界卫生组织《疾病和有关健康问题的国际统计分类》（ICD-10）确定。
- **5. 医疗机构**：指保险人与投保人约定的定点医疗机构，未约定定点医疗机构的，则指经中华人民共和国卫生部门评审确定的二级或二级以上的社保定点医疗机构及急救中心，但不包括主要作为诊所、康复、护理、休养、静养、戒酒、戒毒等或类似的医疗机构。该医疗机构必须具有符合国家有关医疗机构管理规则设置标准的医疗设备，且全天二十四小时有合格医师及护士驻院提供医疗及护理服务。 
>>> result=<res>文本一致</res>
<冲突文本段>：无。
2025-07-08 22:15:54 - block_text_comparison.py:116 - ```
◆本保险产品承保地区：中国境内（不含港澳台地区）。
◆本保险产品投保人需为被保险人本人或被保险人的子女、配偶及父母（含配偶父母），否则投保无效。
◆本保险产品最早生效时刻为投保后第七天零时。
◆本产品同一保险期间内每位被保险人限购1份，多投保无效。
◆承保被保险人年龄范围：30天至60周岁（含）。
◆本保险产品被保险人须为身体健康，能正常工作或正常生活的自然人，须未患过癫痫、精神和行为障碍（含抑郁症）、脑中风、终末期肾病、冠心病、心肌梗死、心绞痛、肺源性心脏病、心脏瓣膜病、心房/心室扑动或颤动、风湿性心脏病、心肌病、先天性心脏病、心功能不全、恶性肿瘤疾病，近1年内未长期服药（有规律服药持续超过3个月）、长期卧床以及住院经历，否则视为不实告知，保险人不承担上述保险责任。
◆本保险产品仅承保职业类别为1-4类人员（不含无固定工作人员），职业类别查询网址为：http://service.ehuatai.com/page/occupation/mobile.jsp；若实际出险时职业类别（含临时或短期工作）高于4类，保险人按20%比例承担各项赔付责任。固定工作是指投保前1年内有连续6个月及以上的职工社保缴纳记录，或有连续6月及以上的来自同一雇主的工资收入证明，或投保时与雇主签订一年及以上的劳动合同（出险时须补充考勤记录或者工资发放记录证明），不能提供前述证明材料的视为无固定工作,保险人按20%比例承担各项赔付责任。
◆保险人认可的医院为中华人民共和国境内二级及以上公立医院或保险人认可的医疗机构，且仅限上述医院的普通部。保险人不承担在下述医院治疗时发生的医疗费和住院津贴的赔偿责任：河南省、内蒙古赤峰市、吉林省长春市、四平市、辽宁省铁岭市、山东省烟台市、济宁市、菏泽市、聊城市、潍坊市、淄博市、泰安市宁阳县、江苏省徐州市、四川省宜宾市、内江市所有医院、黑龙江省中医医院、辽宁中医药大学附属第二医院、中国人民解放jūn第二0五医院、宿州市中医院、佛山市中医院、内江市中医院、中山市中医院、枣庄市薛城区人民医院。
◆意外伤害医疗费用不含采用物理治疗或康复治疗方式发生的费用，不含入住康复中心、康复医院、康复科、康复病房发生的医疗费用。
◆被保险人因溺水、高空坠落（离地2米以上）、一氧化碳中毒以及违反交通法规导致交通意外事故导致身故伤残的，保险人按20%比例赔付身故责任。
◆被保险人未违反交通法规但在交通事故中须承担全部责任或主要责任的，保险人按50%比例赔付身故责任。
◆“个人人身意外伤害身故/伤残”保险责任对投保时年龄在50-60周岁（含60周岁）的被保险人保额减半。
◆保险事故发生后，被保险人或者受益人应在24小时内及时报案，保险人对无法确定的部分，不承担赔偿或者给付保险金的责任。
◆若被保险人同时持有多张生效意外险保单，根据重复保险分摊原则，保险人按照比例责任制方式承担医疗费用赔偿责任；意外住院津贴每日赔付金额=本保单意外住院津贴每日保额-其他意外险保单住院津贴每日保额，若小于零，则不予理赔该项责任。
◆根据国务院保险监督管理机构的规定，除航空意外身故责任和重大自然灾害意外身故责任对应的保险金额外，对于未成年人作为被保险人的人身保险，在被保险人成年之前，被保险人死亡时各保险公司实际给付的保险金总和按以下限额执行：（一）对于被保险人不满10周岁的，不得超过人民币20万元；（二）对于被保险人已满10周岁但未满18周岁的，不得超过人民币50万元。
◆投保人、被保险人可打40060-95509，进行保单验真、查询和理赔。  
◆本保险单及其保险条款、附件等构成本保险合同不可分割的组成部分。除法律另有规定外，如本保险单与上述其他文件有任何不一致之处，应以本保险单为准。
◆保险人已将保险条款及附加险条款提供给投保人，并就条款内容，特别是责任免除、责任减轻及投保人和被保险人的义务内容，向投保人作了明确说明，投保人及所有被保险人对本保险合同的条款及保险条件已完全了解。保险条款可通过投保渠道或公司网站pc.ehuatai.com查询。如有问题，需在24小时内联系保险人，客服电话：400-609-5509。
``` 
vs
 ```
附加意外伤害医疗费用：每次事故免赔额100元，使用医保卡就医结算的100%赔付，若未使用医保卡就医结算赔付70%，限社保范围。不含康复科医疗费用以及其他康复治疗费用。
附加意外伤害住院津贴：每次事故免赔3天，同一事故最长赔付90天，全年累计赔付不超过180天。其中非手术住院最长赔付3天。
附加意外伤害重症监护住院津贴：按照进入重症监护室天数进行赔偿，无免赔，同一次住院最长赔付30天，全年累计赔付180天。
意外伤害医疗费用不含采用物理治疗或康复治疗方式发生的费用，不含入住康复中心、康复医院、康复科、康复病房发生的医疗费用。
``` 
>>> result=<res>文本一致</res>
<冲突文本段>：无。
2025-07-08 22:15:55 - block_text_comparison.py:116 - ```
◆本保险产品承保地区：中国境内（不含港澳台地区）。
◆本保险产品投保人需为被保险人本人或被保险人的子女、配偶及父母（含配偶父母），否则投保无效。
◆本保险产品最早生效时刻为投保后第七天零时。
◆本产品同一保险期间内每位被保险人限购1份，多投保无效。
◆承保被保险人年龄范围：30天至60周岁（含）。
◆本保险产品被保险人须为身体健康，能正常工作或正常生活的自然人，须未患过癫痫、精神和行为障碍（含抑郁症）、脑中风、终末期肾病、冠心病、心肌梗死、心绞痛、肺源性心脏病、心脏瓣膜病、心房/心室扑动或颤动、风湿性心脏病、心肌病、先天性心脏病、心功能不全、恶性肿瘤疾病，近1年内未长期服药（有规律服药持续超过3个月）、长期卧床以及住院经历，否则视为不实告知，保险人不承担上述保险责任。
◆本保险产品仅承保职业类别为1-4类人员（不含无固定工作人员），职业类别查询网址为：http://service.ehuatai.com/page/occupation/mobile.jsp；若实际出险时职业类别（含临时或短期工作）高于4类，保险人按20%比例承担各项赔付责任。固定工作是指投保前1年内有连续6个月及以上的职工社保缴纳记录，或有连续6月及以上的来自同一雇主的工资收入证明，或投保时与雇主签订一年及以上的劳动合同（出险时须补充考勤记录或者工资发放记录证明），不能提供前述证明材料的视为无固定工作,保险人按20%比例承担各项赔付责任。
◆保险人认可的医院为中华人民共和国境内二级及以上公立医院或保险人认可的医疗机构，且仅限上述医院的普通部。保险人不承担在下述医院治疗时发生的医疗费和住院津贴的赔偿责任：河南省、内蒙古赤峰市、吉林省长春市、四平市、辽宁省铁岭市、山东省烟台市、济宁市、菏泽市、聊城市、潍坊市、淄博市、泰安市宁阳县、江苏省徐州市、四川省宜宾市、内江市所有医院、黑龙江省中医医院、辽宁中医药大学附属第二医院、中国人民解放jūn第二0五医院、宿州市中医院、佛山市中医院、内江市中医院、中山市中医院、枣庄市薛城区人民医院。
◆意外伤害医疗费用不含采用物理治疗或康复治疗方式发生的费用，不含入住康复中心、康复医院、康复科、康复病房发生的医疗费用。
◆被保险人因溺水、高空坠落（离地2米以上）、一氧化碳中毒以及违反交通法规导致交通意外事故导致身故伤残的，保险人按20%比例赔付身故责任。
◆被保险人未违反交通法规但在交通事故中须承担全部责任或主要责任的，保险人按50%比例赔付身故责任。
◆“个人人身意外伤害身故/伤残”保险责任对投保时年龄在50-60周岁（含60周岁）的被保险人保额减半。
◆保险事故发生后，被保险人或者受益人应在24小时内及时报案，保险人对无法确定的部分，不承担赔偿或者给付保险金的责任。
◆若被保险人同时持有多张生效意外险保单，根据重复保险分摊原则，保险人按照比例责任制方式承担医疗费用赔偿责任；意外住院津贴每日赔付金额=本保单意外住院津贴每日保额-其他意外险保单住院津贴每日保额，若小于零，则不予理赔该项责任。
◆根据国务院保险监督管理机构的规定，除航空意外身故责任和重大自然灾害意外身故责任对应的保险金额外，对于未成年人作为被保险人的人身保险，在被保险人成年之前，被保险人死亡时各保险公司实际给付的保险金总和按以下限额执行：（一）对于被保险人不满10周岁的，不得超过人民币20万元；（二）对于被保险人已满10周岁但未满18周岁的，不得超过人民币50万元。
◆投保人、被保险人可打40060-95509，进行保单验真、查询和理赔。  
◆本保险单及其保险条款、附件等构成本保险合同不可分割的组成部分。除法律另有规定外，如本保险单与上述其他文件有任何不一致之处，应以本保险单为准。
◆保险人已将保险条款及附加险条款提供给投保人，并就条款内容，特别是责任免除、责任减轻及投保人和被保险人的义务内容，向投保人作了明确说明，投保人及所有被保险人对本保险合同的条款及保险条件已完全了解。保险条款可通过投保渠道或公司网站pc.ehuatai.com查询。如有问题，需在24小时内联系保险人，客服电话：400-609-5509。
``` 
vs
 ```
``` 
>>> result=<res>文本一致</res>
<冲突文本段>：无。
2025-07-08 22:15:56 - block_text_comparison.py:116 - 根据提供的文档内容，关于“附加条款（约定该产品的附加条款，如特别约定等）”的信息如下：
### 华泰财险附加猝死保险（A款）条款
**总则**
- **第一条**：本附加保险合同（以下简称“本附加险合同”）须附加于保险人普通意外保险或健康保险合同（以下简称“主险合同”）使用。主险合同效力终止，本附加险合同效力亦同时终止；主险合同无效，本附加险合同亦无效。主险合同与本附加险合同相抵触之处，以本附加险合同为准。本附加险合同未约定事项，以主险合同为准。凡涉及本附加险合同的约定，均应采用书面形式。
**保险责任**
- **第二条**：保险期间内，被保险人猝死，保险人按本附加险合同约定的保险金额给付猝死保险金，同时保险人对该被保险人的本附加险合同责任终止。根据世界卫生组织（WHO）对于猝死的定义，猝死指平素身体健康或貌似健康的患者，在短时间内，因自然疾病而突然身故。猝死的时间限度指从首次发病到身故所经过的时间，具体由投保人与保险人协商确定，并在保险单中载明，该时间以外身故的，不属于本附加险合同保险责任。导致猝死的自然疾病必须是被保险人在投保前自身未知且未曾进行诊疗而在保险期间内突然发生的。
**责任免除**
- **第三条**：因下列原因之一导致被保险人猝死的，保险人不承担保险金给付责任：
  - (一) 投保人的故意杀害、故意伤害行为；
  - (二) 被保险人故意犯罪或者抗拒依法采取的刑事强制措施、自致伤害或自杀，但被保险人自杀时为无民事行为能力人的除外；
  - (三) 因被保险人挑衅或故意行为而导致的打斗、被袭击或被谋杀；
  - (四) 被保险人未遵医嘱，私自服用、涂用、注射药物；
  - (五) 被保险人及家庭成员（释义1）不遵医嘱，拒绝配合治疗的；
  - (六) 被保险人醉酒或者受酒精、毒品或者管制药品的影响期间；
  - (七) 慢性疾病急性发作；
  - (八) 战争、军事行动、暴动、恐怖活动或武装叛乱；
  - (九) 被保险人流产、分娩及由以上原因引起之并发症；
  - (十) 被保险人接受医疗检查、麻醉、整容、整形手术及其他内、外科手术；
  - (十一) 被保险人因意外伤害（释义2）事故身故；
  - (十二) 被保险人从事跳伞、滑翔、探险活动、武术比赛、摔跤比赛、特技表演、赛马、马术表演、赛车、拳击等高风险运动或活动；
  - (十三) 任何生物、化学、原子能武器，原子能或核能装置所造成的爆炸、灼伤、污染或辐射。
- **第四条**：出现下列情形之一时，保险人不承担保险金给付责任：
  - (一) 精神和行为障碍（以世界卫生组织颁布的《疾病和有关健康问题的国际统计分类 (ICD-10)》为准）或者癫痫发作期间；
  - (二) 任何获取移植器官或者捐献器官的行为；
  - (三) 被保险人患艾滋病（AIDS）或感染艾滋病病毒（HIV呈阳性）；
  - (四) 被保险人患精神病、遗传性疾病（释义3）、先天性疾病、先天性畸形（释义4）、性传播疾病；
  - (五) 被保险人在投保前已知或已经明确诊疗的疾病，在保险期间因此疾病身故的。
- **第五条**：主险合同中规定的其他责任免除事项也适用于本附加险合同。
**保险金额**
- **第六条**：保险金额是保险人承担给付保险金责任的最高限额。保险金额由投保人与保险人协商确定，并在保险单中载明。
**保险金申请与给付**
- **第七条**：保险金申请人向保险人申请给付保险金时，应按下述要求提交材料。保险金申请人未能提供有关材料、导致保险人无法核实该申请的真实性的，保险人对无法核实部分不承担给付保险金的责任。
  - （一）保险单原件或其他保险凭证原件；
  - （二）实施抢救的医疗机构（释义5）或其他保险人认可的机构出具的被保险人死亡证明；
  - （三）实施抢救的医疗机构出具的住院病历、诊断证明、出院小结及其他医疗证明材料；
  - （四）由殡葬部门或居委会出具的殡葬证明、或派出所的户口注销证明；
  - （五）受益人的身份证明及与被保险人的关系证明；
  - （六）受益人签字确认的理赔金银行转账授权书原件及银行账户；
  - （七）受益人出具的授权保险人进行调查的授权委托书；
  - （八）若猝死保险金受益人委托他人申请的，还应提供授权委托书原件、委托人和受托人的身份证明等相关证明文件；
  - （九）保险金申请人所能提供的或保险人要求提供的其他与本项申请相关的材料。
**释义**
- **1. 家庭成员**：指配偶、父母、子女和其他共同生活的近亲属。
- **2. 意外伤害**：指遭受外来的、突发的、非本意的、非疾病的客观事件为直接且单独的原因致使身体受到的伤害。
- **3. 遗传性疾病**：指生殖细胞或受精卵的遗传物质（染色体和基因）发生突变或畸形所引起的疾病，通常具有由亲代传至后代的垂直传递的特征。
- **4. 先天性畸形**：指被保险人出生时就具有畸形。先天性畸形依照世界卫生组织《疾病和有关健康问题的国际统计分类》（ICD-10）确定。
- **5. 医疗机构**：指保险人与投保人约定的定点医疗机构，未约定定点医疗机构的，则指经中华人民共和国卫生部门评审确定的二级或二级以上的社保定点医疗机构及急救中心，但不包括主要作为诊所、康复、护理、休养、静养、戒酒、戒毒等或类似的医疗机构。该医疗机构必须具有符合国家有关医疗机构管理规则设置标准的医疗设备，且全天二十四小时有合格医师及护士驻院提供医疗及护理服务。 
vs
 ```
附加意外伤害医疗费用：每次事故免赔额100元，使用医保卡就医结算的100%赔付，若未使用医保卡就医结算赔付70%，限社保范围。不含康复科医疗费用以及其他康复治疗费用。
附加意外伤害住院津贴：每次事故免赔3天，同一事故最长赔付90天，全年累计赔付不超过180天。其中非手术住院最长赔付3天。
附加意外伤害重症监护住院津贴：按照进入重症监护室天数进行赔偿，无免赔，同一次住院最长赔付30天，全年累计赔付180天。
意外伤害医疗费用不含采用物理治疗或康复治疗方式发生的费用，不含入住康复中心、康复医院、康复科、康复病房发生的医疗费用。
``` 
>>> result=<res>文本一致</res>
<冲突文本段>：无。
2025-07-08 22:15:57 - block_text_comparison.py:116 - 根据提供的文档内容，关于“附加条款（约定该产品的附加条款，如特别约定等）”的信息如下：
### 华泰财险附加猝死保险（A款）条款
**总则**
- **第一条**：本附加保险合同（以下简称“本附加险合同”）须附加于保险人普通意外保险或健康保险合同（以下简称“主险合同”）使用。主险合同效力终止，本附加险合同效力亦同时终止；主险合同无效，本附加险合同亦无效。主险合同与本附加险合同相抵触之处，以本附加险合同为准。本附加险合同未约定事项，以主险合同为准。凡涉及本附加险合同的约定，均应采用书面形式。
**保险责任**
- **第二条**：保险期间内，被保险人猝死，保险人按本附加险合同约定的保险金额给付猝死保险金，同时保险人对该被保险人的本附加险合同责任终止。根据世界卫生组织（WHO）对于猝死的定义，猝死指平素身体健康或貌似健康的患者，在短时间内，因自然疾病而突然身故。猝死的时间限度指从首次发病到身故所经过的时间，具体由投保人与保险人协商确定，并在保险单中载明，该时间以外身故的，不属于本附加险合同保险责任。导致猝死的自然疾病必须是被保险人在投保前自身未知且未曾进行诊疗而在保险期间内突然发生的。
**责任免除**
- **第三条**：因下列原因之一导致被保险人猝死的，保险人不承担保险金给付责任：
  - (一) 投保人的故意杀害、故意伤害行为；
  - (二) 被保险人故意犯罪或者抗拒依法采取的刑事强制措施、自致伤害或自杀，但被保险人自杀时为无民事行为能力人的除外；
  - (三) 因被保险人挑衅或故意行为而导致的打斗、被袭击或被谋杀；
  - (四) 被保险人未遵医嘱，私自服用、涂用、注射药物；
  - (五) 被保险人及家庭成员（释义1）不遵医嘱，拒绝配合治疗的；
  - (六) 被保险人醉酒或者受酒精、毒品或者管制药品的影响期间；
  - (七) 慢性疾病急性发作；
  - (八) 战争、军事行动、暴动、恐怖活动或武装叛乱；
  - (九) 被保险人流产、分娩及由以上原因引起之并发症；
  - (十) 被保险人接受医疗检查、麻醉、整容、整形手术及其他内、外科手术；
  - (十一) 被保险人因意外伤害（释义2）事故身故；
  - (十二) 被保险人从事跳伞、滑翔、探险活动、武术比赛、摔跤比赛、特技表演、赛马、马术表演、赛车、拳击等高风险运动或活动；
  - (十三) 任何生物、化学、原子能武器，原子能或核能装置所造成的爆炸、灼伤、污染或辐射。
- **第四条**：出现下列情形之一时，保险人不承担保险金给付责任：
  - (一) 精神和行为障碍（以世界卫生组织颁布的《疾病和有关健康问题的国际统计分类 (ICD-10)》为准）或者癫痫发作期间；
  - (二) 任何获取移植器官或者捐献器官的行为；
  - (三) 被保险人患艾滋病（AIDS）或感染艾滋病病毒（HIV呈阳性）；
  - (四) 被保险人患精神病、遗传性疾病（释义3）、先天性疾病、先天性畸形（释义4）、性传播疾病；
  - (五) 被保险人在投保前已知或已经明确诊疗的疾病，在保险期间因此疾病身故的。
- **第五条**：主险合同中规定的其他责任免除事项也适用于本附加险合同。
**保险金额**
- **第六条**：保险金额是保险人承担给付保险金责任的最高限额。保险金额由投保人与保险人协商确定，并在保险单中载明。
**保险金申请与给付**
- **第七条**：保险金申请人向保险人申请给付保险金时，应按下述要求提交材料。保险金申请人未能提供有关材料、导致保险人无法核实该申请的真实性的，保险人对无法核实部分不承担给付保险金的责任。
  - （一）保险单原件或其他保险凭证原件；
  - （二）实施抢救的医疗机构（释义5）或其他保险人认可的机构出具的被保险人死亡证明；
  - （三）实施抢救的医疗机构出具的住院病历、诊断证明、出院小结及其他医疗证明材料；
  - （四）由殡葬部门或居委会出具的殡葬证明、或派出所的户口注销证明；
  - （五）受益人的身份证明及与被保险人的关系证明；
  - （六）受益人签字确认的理赔金银行转账授权书原件及银行账户；
  - （七）受益人出具的授权保险人进行调查的授权委托书；
  - （八）若猝死保险金受益人委托他人申请的，还应提供授权委托书原件、委托人和受托人的身份证明等相关证明文件；
  - （九）保险金申请人所能提供的或保险人要求提供的其他与本项申请相关的材料。
**释义**
- **1. 家庭成员**：指配偶、父母、子女和其他共同生活的近亲属。
- **2. 意外伤害**：指遭受外来的、突发的、非本意的、非疾病的客观事件为直接且单独的原因致使身体受到的伤害。
- **3. 遗传性疾病**：指生殖细胞或受精卵的遗传物质（染色体和基因）发生突变或畸形所引起的疾病，通常具有由亲代传至后代的垂直传递的特征。
- **4. 先天性畸形**：指被保险人出生时就具有畸形。先天性畸形依照世界卫生组织《疾病和有关健康问题的国际统计分类》（ICD-10）确定。
- **5. 医疗机构**：指保险人与投保人约定的定点医疗机构，未约定定点医疗机构的，则指经中华人民共和国卫生部门评审确定的二级或二级以上的社保定点医疗机构及急救中心，但不包括主要作为诊所、康复、护理、休养、静养、戒酒、戒毒等或类似的医疗机构。该医疗机构必须具有符合国家有关医疗机构管理规则设置标准的医疗设备，且全天二十四小时有合格医师及护士驻院提供医疗及护理服务。 
vs
 ```
``` 
>>> result=<res>文本一致</res>
<冲突文本段>：无。
2025-07-08 22:15:58 - block_text_comparison.py:116 - ```
附加意外伤害医疗费用：每次事故免赔额100元，使用医保卡就医结算的100%赔付，若未使用医保卡就医结算赔付70%，限社保范围。不含康复科医疗费用以及其他康复治疗费用。
附加意外伤害住院津贴：每次事故免赔3天，同一事故最长赔付90天，全年累计赔付不超过180天。其中非手术住院最长赔付3天。
附加意外伤害重症监护住院津贴：按照进入重症监护室天数进行赔偿，无免赔，同一次住院最长赔付30天，全年累计赔付180天。
意外伤害医疗费用不含采用物理治疗或康复治疗方式发生的费用，不含入住康复中心、康复医院、康复科、康复病房发生的医疗费用。
``` 
vs
 ```
``` 
>>> result=<res>文本一致</res>
<冲突文本段>：无。
2025-07-08 22:15:58 - block_text_comparison.py:120 - results: [True, True, True, True, True, True]
2025-07-08 22:15:58 - block_text_comparison.py:128 - ===============cnt=39 || material_id='m_00036a' || rule='附加条款' || end_result=True===============
2025-07-08 22:15:58 - block_text_comparison.py:76 - ===============skip cnt：41 || material_id='m_00037a' || rule='退保条款' || end_result=True===============
2025-07-08 22:15:58 - block_text_comparison.py:76 - ===============skip cnt：42 || material_id='m_00038a' || rule='保障相关时间' || end_result=True===============
2025-07-08 22:15:58 - block_text_comparison.py:76 - ===============skip cnt：43 || material_id='m_00032a' || rule='续保条款' || end_result=True===============
2025-07-08 22:15:58 - block_text_comparison.py:76 - ===============skip cnt：44 || material_id='m_00039a' || rule='保障相关时间' || end_result=False===============
2025-07-08 22:15:58 - block_text_comparison.py:76 - ===============skip cnt：45 || material_id='m_00040a' || rule='保障责任' || end_result=True===============
2025-07-08 22:15:58 - block_text_comparison.py:76 - ===============skip cnt：46 || material_id='m_00041a' || rule='投保条款' || end_result=True===============
2025-07-08 22:15:58 - block_text_comparison.py:84 - ===============cnt：46 || material_id='m_00016a' || rule='附加条款' || label=None===============
2025-07-08 22:15:58 - block_text_comparison.py:90 - load data data/clean_data_qwen2.5-72b-instruct/materials/m_00016a/ADDITIONAL_AGREEMENT/附加条款.txt...
2025-07-08 22:15:58 - block_text_comparison.py:90 - load data data/clean_data_qwen2.5-72b-instruct/materials/m_00016a/CLAUSE/附加条款.txt...
2025-07-08 22:15:58 - block_text_comparison.py:90 - load data data/clean_data_qwen2.5-72b-instruct/materials/m_00016a/HEAD_IMG/附加条款.txt...
2025-07-08 22:15:58 - block_text_comparison.py:90 - load data data/clean_data_qwen2.5-72b-instruct/materials/m_00016a/INSURE_NOTICE/附加条款.txt...
2025-07-08 22:15:58 - block_text_comparison.py:90 - load data data/clean_data_qwen2.5-72b-instruct/materials/m_00016a/INTRODUCE_IMG/附加条款.txt...
2025-07-08 22:15:58 - block_text_comparison.py:90 - load data data/clean_data_qwen2.5-72b-instruct/materials/m_00016a/LIABILITY_EXCLUSION/附加条款.txt...
2025-07-08 22:15:58 - block_text_comparison.py:116 - ```
◆ 承保年龄范围限1周岁至90周岁 （不含1和90周岁）。 
◆ 承保地区：中国境内（不含港澳台地区）。
◆ 本保险产品最早生效时刻为投保成功后次日零时。
◆ 保障计划必须在被保险人离开境内日常居住地或日常工作地前投保，否则无效。  保险期间必须完整覆盖被保险人离开及返回到日常生活、工作所在地的旅行期间。 
◆ 本保险产品最多可以投保1份，多投无效。若保险人承保该被保险人的多种综合保险（不包括团体保险），且在不同保障产品中有相同保险利益的，则保险人仅按其中保险金额最高者做出赔偿，并退还其他保险项下已收取的相应保险利益的保险费。
◆ 根据国务院保险监督管理机构的规定，除航空意外身故责任和重大自然灾害意外身故责任对应的保险金额外，对于未成年人作为被保险人的人身保险，在被保险人成年之前，被保险人死亡时各保险公司实际给付的保险金总和按以下限额执行：
（一）对于被保险人不满10周岁的，不得超过人民币20万元。
（二）对于被保险人已满10周岁但未满18周岁的，不得超过人民币50万元 。
◆ 66周岁至80周岁（均含）的被保险人，其“意外身故、伤残”类 、“附加猝死保险”和“医疗费用”类的保险金额为上述所载保险金额的60%，保险费维持不变。 
◆ 81周岁至90周岁（均含）的被保险人，其“意外身故、伤残”类 、“附加猝死保险”和“医疗费用”类的保险金额为上述所载保险金额的四分之一，保险费维持不变。 
◆ 本保险产品扩展承保被保险人参加户外运动期间的意外伤害，本保险所扩展承保的户外运动包括且仅包括非职业性、非比赛性和非商业性的潜水、滑雪、滑水、热气球、蹦极、冲浪、风筝冲浪、攀岩、速降、自行车、徒步、野外穿越、野外定向、登山（海拔低于4000米以下）、溯溪、骑马、皮划艇、帆船、野战、拓展训练、漂流、自驾车。  另外，参与潜水的被保险人需要具备CMAS国际潜水合格证、潜水教练专业协会（PADI）资质证书或其它类似资质认证证书或在合格教练陪伴下潜水。在前述情形下，潜水深度不得超过所获CMAS国际潜水合格证、PADI资质证书或其他类似资质认证证书所注明的深度，最大潜水深度以30米为限，且个人不得的独自潜水，否则视为高危活动，不在保险承保范围内。
◆ 本保险产品仅保障非职业运动员在合法经营的公共体育场所内或合法经营的景区内进行的户外活动发生的意外伤害。
1）户外运动仅承担在合法经营场地内进行的，已经过专业人士培训和指导并采取了相应防范措施的运动，被保险人违反活动经营场所或户外运动设施的安全管理规则而导致的意外事故不属于保险责任范围。
2） 不承担竞技、竞赛性、职业性运动保险责任。
◆ 被保险人故意做出的危险性行为而导致的意外伤害事故，保险公司不承担保险责任，危险性行为包括但不限于：不听从导游、领队、教练或现场安全人员的要求及劝阻；违反景区或当地的警示/禁令标示；违规进入国家或当地政府明令禁止的线路或地区等。
◆ 保险人已将保险条款及附加险条款提供给投保人，并就条款内容，特别是责任免除、责任减轻及投保人和被保险人的义务内容，向投保人作了明确说明，投保人及所有被保险人对本保险合同的条款及保险条件已完全了解。保险条款可通过投保渠道或公司网站pc.ehuatai.com查询。
◆ 投保人、被保险人可拨打40060-95509，进行保单验真、查询和自助理赔。
``` 
vs
 ```
```
```
```
```
```
```plaintext
``` 
根据提供的文本内容，没有明确提到“附加条款（约定该产品的附加条款，如特别约定等）”的具体信息，因此输出为空字符串。
```
```
```
```
```
``` 
>>> result=<res>文本一致</res>
<冲突文本段>：无。
2025-07-08 22:15:59 - block_text_comparison.py:116 - ```
◆ 承保年龄范围限1周岁至90周岁 （不含1和90周岁）。 
◆ 承保地区：中国境内（不含港澳台地区）。
◆ 本保险产品最早生效时刻为投保成功后次日零时。
◆ 保障计划必须在被保险人离开境内日常居住地或日常工作地前投保，否则无效。  保险期间必须完整覆盖被保险人离开及返回到日常生活、工作所在地的旅行期间。 
◆ 本保险产品最多可以投保1份，多投无效。若保险人承保该被保险人的多种综合保险（不包括团体保险），且在不同保障产品中有相同保险利益的，则保险人仅按其中保险金额最高者做出赔偿，并退还其他保险项下已收取的相应保险利益的保险费。
◆ 根据国务院保险监督管理机构的规定，除航空意外身故责任和重大自然灾害意外身故责任对应的保险金额外，对于未成年人作为被保险人的人身保险，在被保险人成年之前，被保险人死亡时各保险公司实际给付的保险金总和按以下限额执行：
（一）对于被保险人不满10周岁的，不得超过人民币20万元。
（二）对于被保险人已满10周岁但未满18周岁的，不得超过人民币50万元 。
◆ 66周岁至80周岁（均含）的被保险人，其“意外身故、伤残”类 、“附加猝死保险”和“医疗费用”类的保险金额为上述所载保险金额的60%，保险费维持不变。 
◆ 81周岁至90周岁（均含）的被保险人，其“意外身故、伤残”类 、“附加猝死保险”和“医疗费用”类的保险金额为上述所载保险金额的四分之一，保险费维持不变。 
◆ 本保险产品扩展承保被保险人参加户外运动期间的意外伤害，本保险所扩展承保的户外运动包括且仅包括非职业性、非比赛性和非商业性的潜水、滑雪、滑水、热气球、蹦极、冲浪、风筝冲浪、攀岩、速降、自行车、徒步、野外穿越、野外定向、登山（海拔低于4000米以下）、溯溪、骑马、皮划艇、帆船、野战、拓展训练、漂流、自驾车。  另外，参与潜水的被保险人需要具备CMAS国际潜水合格证、潜水教练专业协会（PADI）资质证书或其它类似资质认证证书或在合格教练陪伴下潜水。在前述情形下，潜水深度不得超过所获CMAS国际潜水合格证、PADI资质证书或其他类似资质认证证书所注明的深度，最大潜水深度以30米为限，且个人不得的独自潜水，否则视为高危活动，不在保险承保范围内。
◆ 本保险产品仅保障非职业运动员在合法经营的公共体育场所内或合法经营的景区内进行的户外活动发生的意外伤害。
1）户外运动仅承担在合法经营场地内进行的，已经过专业人士培训和指导并采取了相应防范措施的运动，被保险人违反活动经营场所或户外运动设施的安全管理规则而导致的意外事故不属于保险责任范围。
2） 不承担竞技、竞赛性、职业性运动保险责任。
◆ 被保险人故意做出的危险性行为而导致的意外伤害事故，保险公司不承担保险责任，危险性行为包括但不限于：不听从导游、领队、教练或现场安全人员的要求及劝阻；违反景区或当地的警示/禁令标示；违规进入国家或当地政府明令禁止的线路或地区等。
◆ 保险人已将保险条款及附加险条款提供给投保人，并就条款内容，特别是责任免除、责任减轻及投保人和被保险人的义务内容，向投保人作了明确说明，投保人及所有被保险人对本保险合同的条款及保险条件已完全了解。保险条款可通过投保渠道或公司网站pc.ehuatai.com查询。
◆ 投保人、被保险人可拨打40060-95509，进行保单验真、查询和自助理赔。
``` 
vs
 
```
```
```
```
 
>>> result=<res>文本一致</res>
<冲突文本段>：无。
2025-07-08 22:16:00 - block_text_comparison.py:116 - ```
◆ 承保年龄范围限1周岁至90周岁 （不含1和90周岁）。 
◆ 承保地区：中国境内（不含港澳台地区）。
◆ 本保险产品最早生效时刻为投保成功后次日零时。
◆ 保障计划必须在被保险人离开境内日常居住地或日常工作地前投保，否则无效。  保险期间必须完整覆盖被保险人离开及返回到日常生活、工作所在地的旅行期间。 
◆ 本保险产品最多可以投保1份，多投无效。若保险人承保该被保险人的多种综合保险（不包括团体保险），且在不同保障产品中有相同保险利益的，则保险人仅按其中保险金额最高者做出赔偿，并退还其他保险项下已收取的相应保险利益的保险费。
◆ 根据国务院保险监督管理机构的规定，除航空意外身故责任和重大自然灾害意外身故责任对应的保险金额外，对于未成年人作为被保险人的人身保险，在被保险人成年之前，被保险人死亡时各保险公司实际给付的保险金总和按以下限额执行：
（一）对于被保险人不满10周岁的，不得超过人民币20万元。
（二）对于被保险人已满10周岁但未满18周岁的，不得超过人民币50万元 。
◆ 66周岁至80周岁（均含）的被保险人，其“意外身故、伤残”类 、“附加猝死保险”和“医疗费用”类的保险金额为上述所载保险金额的60%，保险费维持不变。 
◆ 81周岁至90周岁（均含）的被保险人，其“意外身故、伤残”类 、“附加猝死保险”和“医疗费用”类的保险金额为上述所载保险金额的四分之一，保险费维持不变。 
◆ 本保险产品扩展承保被保险人参加户外运动期间的意外伤害，本保险所扩展承保的户外运动包括且仅包括非职业性、非比赛性和非商业性的潜水、滑雪、滑水、热气球、蹦极、冲浪、风筝冲浪、攀岩、速降、自行车、徒步、野外穿越、野外定向、登山（海拔低于4000米以下）、溯溪、骑马、皮划艇、帆船、野战、拓展训练、漂流、自驾车。  另外，参与潜水的被保险人需要具备CMAS国际潜水合格证、潜水教练专业协会（PADI）资质证书或其它类似资质认证证书或在合格教练陪伴下潜水。在前述情形下，潜水深度不得超过所获CMAS国际潜水合格证、PADI资质证书或其他类似资质认证证书所注明的深度，最大潜水深度以30米为限，且个人不得的独自潜水，否则视为高危活动，不在保险承保范围内。
◆ 本保险产品仅保障非职业运动员在合法经营的公共体育场所内或合法经营的景区内进行的户外活动发生的意外伤害。
1）户外运动仅承担在合法经营场地内进行的，已经过专业人士培训和指导并采取了相应防范措施的运动，被保险人违反活动经营场所或户外运动设施的安全管理规则而导致的意外事故不属于保险责任范围。
2） 不承担竞技、竞赛性、职业性运动保险责任。
◆ 被保险人故意做出的危险性行为而导致的意外伤害事故，保险公司不承担保险责任，危险性行为包括但不限于：不听从导游、领队、教练或现场安全人员的要求及劝阻；违反景区或当地的警示/禁令标示；违规进入国家或当地政府明令禁止的线路或地区等。
◆ 保险人已将保险条款及附加险条款提供给投保人，并就条款内容，特别是责任免除、责任减轻及投保人和被保险人的义务内容，向投保人作了明确说明，投保人及所有被保险人对本保险合同的条款及保险条件已完全了解。保险条款可通过投保渠道或公司网站pc.ehuatai.com查询。
◆ 投保人、被保险人可拨打40060-95509，进行保单验真、查询和自助理赔。
``` 
vs
 ```plaintext
``` 
>>> result=<res>文本一致</res>
<冲突文本段>：无。
2025-07-08 22:16:01 - block_text_comparison.py:116 - ```
```
```
```
```
```
```plaintext
``` 
根据提供的文本内容，没有明确提到“附加条款（约定该产品的附加条款，如特别约定等）”的具体信息，因此输出为空字符串。
```
```
```
```
```
``` 
vs
 
```
```
```
```
 
>>> result=<res>文本一致</res>
<冲突文本段>：无。
2025-07-08 22:16:01 - block_text_comparison.py:116 - ```
```
```
```
```
```
```plaintext
``` 
根据提供的文本内容，没有明确提到“附加条款（约定该产品的附加条款，如特别约定等）”的具体信息，因此输出为空字符串。
```
```
```
```
```
``` 
vs
 ```plaintext
``` 
>>> result=<res>文本一致</res>
<冲突文本段>：无。
2025-07-08 22:16:01 - block_text_comparison.py:120 - results: [True, True, True, True, True]
2025-07-08 22:16:01 - block_text_comparison.py:128 - ===============cnt=46 || material_id='m_00016a' || rule='附加条款' || end_result=True===============
2025-07-08 22:16:01 - block_text_comparison.py:76 - ===============skip cnt：48 || material_id='m_00024a' || rule='保障责任' || end_result=True===============
2025-07-08 22:16:01 - block_text_comparison.py:76 - ===============skip cnt：49 || material_id='m_00042a' || rule='出险条款' || end_result=True===============
2025-07-08 22:16:01 - block_text_comparison.py:76 - ===============skip cnt：50 || material_id='m_00043a' || rule='投保条款' || end_result=False===============
2025-07-08 22:16:01 - block_text_comparison.py:76 - ===============skip cnt：51 || material_id='m_00017a' || rule='术语解释' || end_result=True===============
2025-07-08 22:16:01 - block_text_comparison.py:76 - ===============skip cnt：52 || material_id='m_00044a' || rule='赔付 & 领取规则' || end_result=False===============
2025-07-08 22:16:01 - block_text_comparison.py:76 - ===============skip cnt：53 || material_id='m_00045a' || rule='投保条款' || end_result=False===============
2025-07-08 22:16:01 - block_text_comparison.py:76 - ===============skip cnt：54 || material_id='m_00024a' || rule='保障相关时间' || end_result=False===============
2025-07-08 22:16:01 - block_text_comparison.py:76 - ===============skip cnt：55 || material_id='m_00046a' || rule='投保条款' || end_result=True===============
2025-07-08 22:16:01 - block_text_comparison.py:76 - ===============skip cnt：56 || material_id='m_00047a' || rule='术语解释' || end_result=True===============
2025-07-08 22:16:01 - block_text_comparison.py:76 - ===============skip cnt：57 || material_id='m_00048a' || rule='责任免除' || end_result=False===============
2025-07-08 22:16:01 - block_text_comparison.py:76 - ===============skip cnt：58 || material_id='m_00049a' || rule='责任免除' || end_result=False===============
2025-07-08 22:16:01 - block_text_comparison.py:76 - ===============skip cnt：59 || material_id='m_00050a' || rule='术语解释' || end_result=True===============
2025-07-08 22:16:01 - block_text_comparison.py:76 - ===============skip cnt：60 || material_id='m_00051a' || rule='续保条款' || end_result=True===============
2025-07-08 22:16:01 - block_text_comparison.py:76 - ===============skip cnt：61 || material_id='m_00052a' || rule='赔付 & 领取规则' || end_result=False===============
2025-07-08 22:16:01 - block_text_comparison.py:76 - ===============skip cnt：62 || material_id='m_00053a' || rule='保障相关时间' || end_result=True===============
2025-07-08 22:16:01 - block_text_comparison.py:76 - ===============skip cnt：63 || material_id='m_00054a' || rule='术语解释' || end_result=True===============
2025-07-08 22:16:01 - block_text_comparison.py:76 - ===============skip cnt：64 || material_id='m_00043a' || rule='赔付 & 领取规则' || end_result=False===============
2025-07-08 22:16:01 - block_text_comparison.py:76 - ===============skip cnt：65 || material_id='m_00055a' || rule='责任免除' || end_result=True===============
2025-07-08 22:16:01 - block_text_comparison.py:76 - ===============skip cnt：66 || material_id='m_00056a' || rule='赔付 & 领取规则' || end_result=False===============
2025-07-08 22:16:01 - block_text_comparison.py:76 - ===============skip cnt：67 || material_id='m_00043a' || rule='保障相关时间' || end_result=False===============
2025-07-08 22:16:01 - block_text_comparison.py:84 - ===============cnt：67 || material_id='m_00044a' || rule='附加条款' || label=None===============
2025-07-08 22:16:01 - block_text_comparison.py:90 - load data data/clean_data_qwen2.5-72b-instruct/materials/m_00044a/ADDITIONAL_AGREEMENT/附加条款.txt...
2025-07-08 22:16:01 - block_text_comparison.py:90 - load data data/clean_data_qwen2.5-72b-instruct/materials/m_00044a/CLAUSE/附加条款.txt...
2025-07-08 22:16:01 - block_text_comparison.py:90 - load data data/clean_data_qwen2.5-72b-instruct/materials/m_00044a/HEALTH_INFORM/附加条款.txt...
2025-07-08 22:16:01 - block_text_comparison.py:90 - load data data/clean_data_qwen2.5-72b-instruct/materials/m_00044a/INSURE_NOTICE/附加条款.txt...
2025-07-08 22:16:01 - block_text_comparison.py:90 - load data data/clean_data_qwen2.5-72b-instruct/materials/m_00044a/LIABILITY_EXCLUSION/附加条款.txt...
2025-07-08 22:16:01 - block_text_comparison.py:104 - ===============<=1 cnt=67 || material_id='m_00044a' || rule='附加条款' || end_result=False===============
2025-07-08 22:16:01 - block_text_comparison.py:76 - ===============skip cnt：69 || material_id='m_00055a' || rule='退保条款' || end_result=False===============
2025-07-08 22:16:01 - block_text_comparison.py:76 - ===============skip cnt：70 || material_id='m_00057a' || rule='续保条款' || end_result=True===============
2025-07-08 22:16:01 - block_text_comparison.py:76 - ===============skip cnt：71 || material_id='m_00058a' || rule='续保条款' || end_result=True===============
2025-07-08 22:16:01 - block_text_comparison.py:76 - ===============skip cnt：72 || material_id='m_00059a' || rule='责任免除' || end_result=True===============
2025-07-08 22:16:01 - block_text_comparison.py:76 - ===============skip cnt：73 || material_id='m_00060a' || rule='基础产品销售信息' || end_result=False===============
2025-07-08 22:16:01 - block_text_comparison.py:76 - ===============skip cnt：74 || material_id='m_00061a' || rule='投保条款' || end_result=False===============
2025-07-08 22:16:01 - block_text_comparison.py:76 - ===============skip cnt：75 || material_id='m_00062a' || rule='赔付 & 领取规则' || end_result=False===============
2025-07-08 22:16:01 - block_text_comparison.py:76 - ===============skip cnt：76 || material_id='m_00056a' || rule='续保条款' || end_result=True===============
2025-07-08 22:16:01 - block_text_comparison.py:76 - ===============skip cnt：77 || material_id='m_00063a' || rule='保障责任' || end_result=True===============
2025-07-08 22:16:01 - block_text_comparison.py:76 - ===============skip cnt：78 || material_id='m_00064a' || rule='保障责任' || end_result=True===============
2025-07-08 22:16:01 - block_text_comparison.py:76 - ===============skip cnt：79 || material_id='m_00047a' || rule='保障相关时间' || end_result=True===============
2025-07-08 22:16:01 - block_text_comparison.py:76 - ===============skip cnt：80 || material_id='m_00065a' || rule='基础产品销售信息' || end_result=True===============
2025-07-08 22:16:01 - block_text_comparison.py:76 - ===============skip cnt：81 || material_id='m_00066a' || rule='出险条款' || end_result=True===============
2025-07-08 22:16:01 - block_text_comparison.py:76 - ===============skip cnt：82 || material_id='m_00067a' || rule='投保条款' || end_result=False===============
2025-07-08 22:16:01 - block_text_comparison.py:76 - ===============skip cnt：83 || material_id='m_00068a' || rule='赔付 & 领取规则' || end_result=False===============
2025-07-08 22:16:01 - block_text_comparison.py:76 - ===============skip cnt：84 || material_id='m_00069a' || rule='保障责任' || end_result=False===============
2025-07-08 22:16:01 - block_text_comparison.py:76 - ===============skip cnt：85 || material_id='m_00061a' || rule='赔付 & 领取规则' || end_result=True===============
2025-07-08 22:16:01 - block_text_comparison.py:76 - ===============skip cnt：86 || material_id='m_00070a' || rule='赔付 & 领取规则' || end_result=False===============
2025-07-08 22:16:01 - block_text_comparison.py:76 - ===============skip cnt：87 || material_id='m_00071a' || rule='术语解释' || end_result=True===============
2025-07-08 22:16:01 - block_text_comparison.py:76 - ===============skip cnt：88 || material_id='m_00072a' || rule='保障相关时间' || end_result=True===============
2025-07-08 22:16:01 - block_text_comparison.py:76 - ===============skip cnt：89 || material_id='m_00073a' || rule='保障责任' || end_result=True===============
2025-07-08 22:16:01 - block_text_comparison.py:76 - ===============skip cnt：90 || material_id='m_00036a' || rule='赔付 & 领取规则' || end_result=False===============
2025-07-08 22:16:01 - block_text_comparison.py:84 - ===============cnt：90 || material_id='m_00074a' || rule='附加条款' || label=None===============
2025-07-08 22:16:01 - block_text_comparison.py:90 - load data data/clean_data_qwen2.5-72b-instruct/materials/m_00074a/ADDITIONAL_AGREEMENT/附加条款.txt...
2025-07-08 22:16:01 - block_text_comparison.py:90 - load data data/clean_data_qwen2.5-72b-instruct/materials/m_00074a/CLAUSE/附加条款.txt...
2025-07-08 22:16:01 - block_text_comparison.py:90 - load data data/clean_data_qwen2.5-72b-instruct/materials/m_00074a/HEAD_IMG/附加条款.txt...
2025-07-08 22:16:01 - block_text_comparison.py:90 - load data data/clean_data_qwen2.5-72b-instruct/materials/m_00074a/INSURE_NOTICE/附加条款.txt...
2025-07-08 22:16:01 - block_text_comparison.py:90 - load data data/clean_data_qwen2.5-72b-instruct/materials/m_00074a/INTRODUCE_IMG/附加条款.txt...
2025-07-08 22:16:01 - block_text_comparison.py:90 - load data data/clean_data_qwen2.5-72b-instruct/materials/m_00074a/LIABILITY_EXCLUSION/附加条款.txt...
2025-07-08 22:16:01 - block_text_comparison.py:90 - load data data/clean_data_qwen2.5-72b-instruct/materials/m_00074a/PRODUCT_MANUAL/附加条款.txt...
2025-07-08 22:16:01 - block_text_comparison.py:104 - ===============<=1 cnt=90 || material_id='m_00074a' || rule='附加条款' || end_result=False===============
2025-07-08 22:16:01 - block_text_comparison.py:76 - ===============skip cnt：92 || material_id='m_00036a' || rule='投保条款' || end_result=False===============
2025-07-08 22:16:01 - block_text_comparison.py:76 - ===============skip cnt：93 || material_id='m_00075a' || rule='投保条款' || end_result=False===============
2025-07-08 22:16:01 - block_text_comparison.py:76 - ===============skip cnt：94 || material_id='m_00076a' || rule='保障相关时间' || end_result=True===============
2025-07-08 22:16:01 - block_text_comparison.py:76 - ===============skip cnt：95 || material_id='m_00077a' || rule='出险条款' || end_result=True===============
2025-07-08 22:16:01 - block_text_comparison.py:76 - ===============skip cnt：96 || material_id='m_00078a' || rule='投保条款' || end_result=True===============
2025-07-08 22:16:01 - block_text_comparison.py:76 - ===============skip cnt：97 || material_id='m_00079a' || rule='赔付 & 领取规则' || end_result=False===============
2025-07-08 22:16:01 - block_text_comparison.py:76 - ===============skip cnt：98 || material_id='m_00080a' || rule='投保条款' || end_result=False===============
2025-07-08 22:16:01 - block_text_comparison.py:84 - ===============cnt：98 || material_id='m_00081a' || rule='附加条款' || label=None===============
2025-07-08 22:16:01 - block_text_comparison.py:90 - load data data/clean_data_qwen2.5-72b-instruct/materials/m_00081a/ADDITIONAL_AGREEMENT/附加条款.txt...
2025-07-08 22:16:01 - block_text_comparison.py:90 - load data data/clean_data_qwen2.5-72b-instruct/materials/m_00081a/CLAUSE/附加条款.txt...
2025-07-08 22:16:01 - block_text_comparison.py:90 - load data data/clean_data_qwen2.5-72b-instruct/materials/m_00081a/HEALTH_INFORM/附加条款.txt...
2025-07-08 22:16:01 - block_text_comparison.py:90 - load data data/clean_data_qwen2.5-72b-instruct/materials/m_00081a/INSURE_NOTICE/附加条款.txt...
2025-07-08 22:16:01 - block_text_comparison.py:90 - load data data/clean_data_qwen2.5-72b-instruct/materials/m_00081a/LIABILITY_EXCLUSION/附加条款.txt...
2025-07-08 22:16:02 - block_text_comparison.py:116 - ```
``` 
vs
 
根据提供的文本内容，关于“附加条款（约定该产品的附加条款，如特别约定等）”的信息为空，文本中并未提及具体的附加条款内容。因此，输出一个空字符串。
```
```
 
>>> result=<res>文本一致</res>
<冲突文本段>：无。
2025-07-08 22:16:02 - block_text_comparison.py:120 - results: [True]
2025-07-08 22:16:02 - block_text_comparison.py:128 - ===============cnt=98 || material_id='m_00081a' || rule='附加条款' || end_result=True===============
2025-07-08 22:16:02 - block_text_comparison.py:76 - ===============skip cnt：100 || material_id='m_00039a' || rule='赔付 & 领取规则' || end_result=False===============
2025-07-08 22:16:02 - block_text_comparison.py:76 - ===============skip cnt：101 || material_id='m_00082a' || rule='投保条款' || end_result=True===============
2025-07-08 22:16:02 - block_text_comparison.py:76 - ===============skip cnt：102 || material_id='m_00083a' || rule='投保条款' || end_result=False===============
2025-07-08 22:16:02 - block_text_comparison.py:76 - ===============skip cnt：103 || material_id='m_00084a' || rule='保障相关时间' || end_result=True===============
2025-07-08 22:16:02 - block_text_comparison.py:76 - ===============skip cnt：104 || material_id='m_00075a' || rule='保障相关时间' || end_result=True===============
2025-07-08 22:16:02 - block_text_comparison.py:76 - ===============skip cnt：105 || material_id='m_00085a' || rule='赔付 & 领取规则' || end_result=False===============
2025-07-08 22:16:02 - block_text_comparison.py:76 - ===============skip cnt：106 || material_id='m_00013a' || rule='续保条款' || end_result=True===============
2025-07-08 22:16:02 - block_text_comparison.py:76 - ===============skip cnt：107 || material_id='m_00055a' || rule='保障责任' || end_result=True===============
2025-07-08 22:16:02 - block_text_comparison.py:76 - ===============skip cnt：108 || material_id='m_00086a' || rule='赔付 & 领取规则' || end_result=False===============
2025-07-08 22:16:02 - block_text_comparison.py:76 - ===============skip cnt：109 || material_id='m_00087a' || rule='投保条款' || end_result=True===============
2025-07-08 22:16:02 - block_text_comparison.py:76 - ===============skip cnt：110 || material_id='m_00088a' || rule='赔付 & 领取规则' || end_result=False===============
2025-07-08 22:16:02 - block_text_comparison.py:84 - ===============cnt：110 || material_id='m_00089a' || rule='附加条款' || label=None===============
2025-07-08 22:16:02 - block_text_comparison.py:90 - load data data/clean_data_qwen2.5-72b-instruct/materials/m_00089a/ADDITIONAL_AGREEMENT/附加条款.txt...
2025-07-08 22:16:02 - block_text_comparison.py:90 - load data data/clean_data_qwen2.5-72b-instruct/materials/m_00089a/CLAUSE/附加条款.txt...
2025-07-08 22:16:02 - block_text_comparison.py:90 - load data data/clean_data_qwen2.5-72b-instruct/materials/m_00089a/HEAD_IMG/附加条款.txt...
2025-07-08 22:16:02 - block_text_comparison.py:90 - load data data/clean_data_qwen2.5-72b-instruct/materials/m_00089a/INSURE_NOTICE/附加条款.txt...
2025-07-08 22:16:02 - block_text_comparison.py:90 - load data data/clean_data_qwen2.5-72b-instruct/materials/m_00089a/INTRODUCE_IMG/附加条款.txt...
2025-07-08 22:16:02 - block_text_comparison.py:90 - load data data/clean_data_qwen2.5-72b-instruct/materials/m_00089a/LIABILITY_EXCLUSION/附加条款.txt...
2025-07-08 22:16:02 - block_text_comparison.py:90 - load data data/clean_data_qwen2.5-72b-instruct/materials/m_00089a/PRODUCT_MANUAL/附加条款.txt...
2025-07-08 22:16:02 - block_text_comparison.py:104 - ===============<=1 cnt=110 || material_id='m_00089a' || rule='附加条款' || end_result=False===============
2025-07-08 22:16:02 - block_text_comparison.py:76 - ===============skip cnt：112 || material_id='m_00005a' || rule='保障相关时间' || end_result=True===============
2025-07-08 22:16:02 - block_text_comparison.py:76 - ===============skip cnt：113 || material_id='m_00017a' || rule='保障相关时间' || end_result=False===============
2025-07-08 22:16:02 - block_text_comparison.py:84 - ===============cnt：113 || material_id='m_00090a' || rule='附加条款' || label=None===============
2025-07-08 22:16:02 - block_text_comparison.py:90 - load data data/clean_data_qwen2.5-72b-instruct/materials/m_00090a/ADDITIONAL_AGREEMENT/附加条款.txt...
2025-07-08 22:16:02 - block_text_comparison.py:90 - load data data/clean_data_qwen2.5-72b-instruct/materials/m_00090a/CLAUSE/附加条款.txt...
2025-07-08 22:16:02 - block_text_comparison.py:90 - load data data/clean_data_qwen2.5-72b-instruct/materials/m_00090a/HEAD_IMG/附加条款.txt...
2025-07-08 22:16:02 - block_text_comparison.py:90 - load data data/clean_data_qwen2.5-72b-instruct/materials/m_00090a/INSURE_NOTICE/附加条款.txt...
2025-07-08 22:16:02 - block_text_comparison.py:90 - load data data/clean_data_qwen2.5-72b-instruct/materials/m_00090a/INTRODUCE_IMG/附加条款.txt...
2025-07-08 22:16:02 - block_text_comparison.py:90 - load data data/clean_data_qwen2.5-72b-instruct/materials/m_00090a/LIABILITY_EXCLUSION/附加条款.txt...
2025-07-08 22:16:03 - block_text_comparison.py:116 - ```
``` 
vs
 ```
【附加条款】
《平安附加未成年人责任保险条款》C00001730922018053018542
【重要告知】
4.8. 本保险优选医疗计划急性肠胃炎医疗责任赔付标准为：符合当地基本医疗保险主管部门规定可报销的、必要、合理的医疗费用扣除第三方赔付后的支出，我司按照约定扣除100元免赔额之后：1）若被保险人以参加基本医疗保险或其他费用补偿型医疗保险身份接受治疗并结算的，按100%赔付医疗保险金。2）若被保险人未参加基本医疗保险或其他费用补偿型医疗保险身份接受治疗并结算的，按60%赔付医疗保险金。
4.11. 本保险意外伤害骨折、关节脱位保险金的赔付评定标准及计算方式参照本保险《平安产险意外伤害保险（互联网版）》及所附《骨折或关节脱位给付比例表》。
``` 
>>> result=<res>文本一致</res>
<冲突文本段>：无。
2025-07-08 22:16:03 - block_text_comparison.py:120 - results: [True]
2025-07-08 22:16:03 - block_text_comparison.py:128 - ===============cnt=113 || material_id='m_00090a' || rule='附加条款' || end_result=True===============
2025-07-08 22:16:03 - block_text_comparison.py:76 - ===============skip cnt：115 || material_id='m_00091a' || rule='保障责任' || end_result=True===============
2025-07-08 22:16:03 - block_text_comparison.py:76 - ===============skip cnt：116 || material_id='m_00036a' || rule='责任免除' || end_result=False===============
2025-07-08 22:16:03 - block_text_comparison.py:76 - ===============skip cnt：117 || material_id='m_00092a' || rule='赔付 & 领取规则' || end_result=False===============
2025-07-08 22:16:03 - block_text_comparison.py:76 - ===============skip cnt：118 || material_id='m_00093a' || rule='投保条款' || end_result=True===============
2025-07-08 22:16:03 - block_text_comparison.py:76 - ===============skip cnt：119 || material_id='m_00034a' || rule='投保条款' || end_result=False===============
2025-07-08 22:16:03 - block_text_comparison.py:76 - ===============skip cnt：120 || material_id='m_00094a' || rule='责任免除' || end_result=False===============
2025-07-08 22:16:03 - block_text_comparison.py:76 - ===============skip cnt：121 || material_id='m_00095a' || rule='退保条款' || end_result=True===============
2025-07-08 22:16:03 - block_text_comparison.py:76 - ===============skip cnt：122 || material_id='m_00096a' || rule='基础产品销售信息' || end_result=True===============
2025-07-08 22:16:03 - block_text_comparison.py:76 - ===============skip cnt：123 || material_id='m_00046a' || rule='责任免除' || end_result=True===============
2025-07-08 22:16:03 - block_text_comparison.py:84 - ===============cnt：123 || material_id='m_00097a' || rule='附加条款' || label=None===============
2025-07-08 22:16:03 - block_text_comparison.py:90 - load data data/clean_data_qwen2.5-72b-instruct/materials/m_00097a/ADDITIONAL_AGREEMENT/附加条款.txt...
2025-07-08 22:16:03 - block_text_comparison.py:90 - load data data/clean_data_qwen2.5-72b-instruct/materials/m_00097a/CLAUSE/附加条款.txt...
2025-07-08 22:16:03 - block_text_comparison.py:90 - load data data/clean_data_qwen2.5-72b-instruct/materials/m_00097a/HEAD_IMG/附加条款.txt...
2025-07-08 22:16:03 - block_text_comparison.py:90 - load data data/clean_data_qwen2.5-72b-instruct/materials/m_00097a/INSURE_NOTICE/附加条款.txt...
2025-07-08 22:16:03 - block_text_comparison.py:90 - load data data/clean_data_qwen2.5-72b-instruct/materials/m_00097a/INTRODUCE_IMG/附加条款.txt...
2025-07-08 22:16:03 - block_text_comparison.py:90 - load data data/clean_data_qwen2.5-72b-instruct/materials/m_00097a/LIABILITY_EXCLUSION/附加条款.txt...
2025-07-08 22:16:03 - block_text_comparison.py:104 - ===============<=1 cnt=123 || material_id='m_00097a' || rule='附加条款' || end_result=False===============
2025-07-08 22:16:03 - block_text_comparison.py:76 - ===============skip cnt：125 || material_id='m_00016a' || rule='投保条款' || end_result=False===============
2025-07-08 22:16:03 - block_text_comparison.py:84 - ===============cnt：125 || material_id='m_00063a' || rule='附加条款' || label=None===============
2025-07-08 22:16:03 - block_text_comparison.py:90 - load data data/clean_data_qwen2.5-72b-instruct/materials/m_00063a/ADDITIONAL_AGREEMENT/附加条款.txt...
2025-07-08 22:16:03 - block_text_comparison.py:90 - load data data/clean_data_qwen2.5-72b-instruct/materials/m_00063a/CLAUSE/附加条款.txt...
2025-07-08 22:16:03 - block_text_comparison.py:90 - load data data/clean_data_qwen2.5-72b-instruct/materials/m_00063a/HEAD_IMG/附加条款.txt...
2025-07-08 22:16:03 - block_text_comparison.py:90 - load data data/clean_data_qwen2.5-72b-instruct/materials/m_00063a/HEALTH_INFORM/附加条款.txt...
2025-07-08 22:16:03 - block_text_comparison.py:90 - load data data/clean_data_qwen2.5-72b-instruct/materials/m_00063a/INSURE_NOTICE/附加条款.txt...
2025-07-08 22:16:03 - block_text_comparison.py:90 - load data data/clean_data_qwen2.5-72b-instruct/materials/m_00063a/INTRODUCE_IMG/附加条款.txt...
2025-07-08 22:16:03 - block_text_comparison.py:90 - load data data/clean_data_qwen2.5-72b-instruct/materials/m_00063a/LIABILITY_EXCLUSION/附加条款.txt...
2025-07-08 22:16:03 - block_text_comparison.py:104 - ===============<=1 cnt=125 || material_id='m_00063a' || rule='附加条款' || end_result=False===============
2025-07-08 22:16:03 - block_text_comparison.py:76 - ===============skip cnt：127 || material_id='m_00098a' || rule='出险条款' || end_result=False===============
2025-07-08 22:16:03 - block_text_comparison.py:76 - ===============skip cnt：128 || material_id='m_00067a' || rule='退保条款' || end_result=True===============
2025-07-08 22:16:03 - block_text_comparison.py:76 - ===============skip cnt：129 || material_id='m_00099a' || rule='投保条款' || end_result=False===============
2025-07-08 22:16:03 - block_text_comparison.py:76 - ===============skip cnt：130 || material_id='m_00052a' || rule='保障相关时间' || end_result=False===============
2025-07-08 22:16:03 - block_text_comparison.py:76 - ===============skip cnt：131 || material_id='m_00100a' || rule='保障责任' || end_result=False===============
2025-07-08 22:16:03 - block_text_comparison.py:76 - ===============skip cnt：132 || material_id='m_00101a' || rule='保障责任' || end_result=True===============
2025-07-08 22:16:03 - block_text_comparison.py:76 - ===============skip cnt：133 || material_id='m_00102a' || rule='出险条款' || end_result=True===============
2025-07-08 22:16:03 - block_text_comparison.py:76 - ===============skip cnt：134 || material_id='m_00103a' || rule='基础产品销售信息' || end_result=True===============
2025-07-08 22:16:03 - block_text_comparison.py:76 - ===============skip cnt：135 || material_id='m_00104a' || rule='续保条款' || end_result=True===============
2025-07-08 22:16:03 - block_text_comparison.py:76 - ===============skip cnt：136 || material_id='m_00105a' || rule='投保条款' || end_result=True===============
2025-07-08 22:16:03 - block_text_comparison.py:76 - ===============skip cnt：137 || material_id='m_00065a' || rule='投保条款' || end_result=False===============
2025-07-08 22:16:03 - block_text_comparison.py:76 - ===============skip cnt：138 || material_id='m_00090a' || rule='术语解释' || end_result=True===============
2025-07-08 22:16:03 - block_text_comparison.py:76 - ===============skip cnt：139 || material_id='m_00106a' || rule='保障相关时间' || end_result=True===============
2025-07-08 22:16:03 - block_text_comparison.py:76 - ===============skip cnt：140 || material_id='m_00107a' || rule='赔付 & 领取规则' || end_result=False===============
2025-07-08 22:16:03 - block_text_comparison.py:76 - ===============skip cnt：141 || material_id='m_00108a' || rule='续保条款' || end_result=True===============
2025-07-08 22:16:03 - block_text_comparison.py:76 - ===============skip cnt：142 || material_id='m_00083a' || rule='保障相关时间' || end_result=False===============
2025-07-08 22:16:03 - block_text_comparison.py:76 - ===============skip cnt：143 || material_id='m_00109a' || rule='出险条款' || end_result=True===============
2025-07-08 22:16:03 - block_text_comparison.py:76 - ===============skip cnt：144 || material_id='m_00110a' || rule='退保条款' || end_result=True===============
2025-07-08 22:16:03 - block_text_comparison.py:76 - ===============skip cnt：145 || material_id='m_00030a' || rule='赔付 & 领取规则' || end_result=False===============
2025-07-08 22:16:03 - block_text_comparison.py:76 - ===============skip cnt：146 || material_id='m_00111a' || rule='退保条款' || end_result=True===============
2025-07-08 22:16:03 - block_text_comparison.py:76 - ===============skip cnt：147 || material_id='m_00082a' || rule='责任免除' || end_result=False===============
2025-07-08 22:16:03 - block_text_comparison.py:76 - ===============skip cnt：148 || material_id='m_00004a' || rule='责任免除' || end_result=True===============
2025-07-08 22:16:03 - block_text_comparison.py:76 - ===============skip cnt：149 || material_id='m_00112a' || rule='投保条款' || end_result=False===============
2025-07-08 22:16:03 - block_text_comparison.py:76 - ===============skip cnt：150 || material_id='m_00113a' || rule='保障相关时间' || end_result=True===============
2025-07-08 22:16:03 - block_text_comparison.py:76 - ===============skip cnt：151 || material_id='m_00114a' || rule='投保条款' || end_result=False===============
2025-07-08 22:16:03 - block_text_comparison.py:76 - ===============skip cnt：152 || material_id='m_00115a' || rule='出险条款' || end_result=True===============
2025-07-08 22:16:03 - block_text_comparison.py:76 - ===============skip cnt：153 || material_id='m_00068a' || rule='投保条款' || end_result=True===============
2025-07-08 22:16:03 - block_text_comparison.py:76 - ===============skip cnt：154 || material_id='m_00086a' || rule='退保条款' || end_result=True===============
2025-07-08 22:16:03 - block_text_comparison.py:76 - ===============skip cnt：155 || material_id='m_00116a' || rule='退保条款' || end_result=True===============
2025-07-08 22:16:03 - block_text_comparison.py:76 - ===============skip cnt：156 || material_id='m_00114a' || rule='赔付 & 领取规则' || end_result=False===============
2025-07-08 22:16:03 - block_text_comparison.py:76 - ===============skip cnt：157 || material_id='m_00051a' || rule='保障责任' || end_result=False===============
2025-07-08 22:16:03 - block_text_comparison.py:76 - ===============skip cnt：158 || material_id='m_00117a' || rule='赔付 & 领取规则' || end_result=False===============
2025-07-08 22:16:03 - block_text_comparison.py:76 - ===============skip cnt：159 || material_id='m_00118a' || rule='投保条款' || end_result=False===============
2025-07-08 22:16:03 - block_text_comparison.py:76 - ===============skip cnt：160 || material_id='m_00119a' || rule='责任免除' || end_result=False===============
2025-07-08 22:16:03 - block_text_comparison.py:76 - ===============skip cnt：161 || material_id='m_00025a' || rule='术语解释' || end_result=True===============
2025-07-08 22:16:03 - block_text_comparison.py:76 - ===============skip cnt：162 || material_id='m_00046a' || rule='基础产品销售信息' || end_result=True===============
2025-07-08 22:16:03 - block_text_comparison.py:76 - ===============skip cnt：163 || material_id='m_00102a' || rule='退保条款' || end_result=True===============
2025-07-08 22:16:03 - block_text_comparison.py:76 - ===============skip cnt：164 || material_id='m_00120a' || rule='保障相关时间' || end_result=True===============
2025-07-08 22:16:03 - block_text_comparison.py:76 - ===============skip cnt：165 || material_id='m_00098a' || rule='责任免除' || end_result=False===============
2025-07-08 22:16:03 - block_text_comparison.py:76 - ===============skip cnt：166 || material_id='m_00008a' || rule='赔付 & 领取规则' || end_result=False===============
2025-07-08 22:16:03 - block_text_comparison.py:76 - ===============skip cnt：167 || material_id='m_00121a' || rule='退保条款' || end_result=True===============
2025-07-08 22:16:03 - block_text_comparison.py:76 - ===============skip cnt：168 || material_id='m_00026a' || rule='术语解释' || end_result=True===============
2025-07-08 22:16:03 - block_text_comparison.py:76 - ===============skip cnt：169 || material_id='m_00122a' || rule='保障责任' || end_result=True===============
2025-07-08 22:16:03 - block_text_comparison.py:76 - ===============skip cnt：170 || material_id='m_00072a' || rule='出险条款' || end_result=True===============
2025-07-08 22:16:03 - block_text_comparison.py:76 - ===============skip cnt：171 || material_id='m_00123a' || rule='术语解释' || end_result=True===============
2025-07-08 22:16:03 - block_text_comparison.py:76 - ===============skip cnt：172 || material_id='m_00089a' || rule='赔付 & 领取规则' || end_result=False===============
2025-07-08 22:16:03 - block_text_comparison.py:76 - ===============skip cnt：173 || material_id='m_00052a' || rule='责任免除' || end_result=False===============
2025-07-08 22:16:03 - block_text_comparison.py:76 - ===============skip cnt：174 || material_id='m_00005a' || rule='基础产品销售信息' || end_result=False===============
2025-07-08 22:16:03 - block_text_comparison.py:76 - ===============skip cnt：175 || material_id='m_00124a' || rule='责任免除' || end_result=False===============
2025-07-08 22:16:03 - block_text_comparison.py:76 - ===============skip cnt：176 || material_id='m_00125a' || rule='投保条款' || end_result=True===============
2025-07-08 22:16:03 - block_text_comparison.py:76 - ===============skip cnt：177 || material_id='m_00126a' || rule='保障责任' || end_result=True===============
2025-07-08 22:16:03 - block_text_comparison.py:76 - ===============skip cnt：178 || material_id='m_00127a' || rule='赔付 & 领取规则' || end_result=False===============
2025-07-08 22:16:03 - block_text_comparison.py:76 - ===============skip cnt：179 || material_id='m_00128a' || rule='基础产品销售信息' || end_result=True===============
2025-07-08 22:16:03 - block_text_comparison.py:76 - ===============skip cnt：180 || material_id='m_00129a' || rule='保障相关时间' || end_result=True===============
2025-07-08 22:16:03 - block_text_comparison.py:76 - ===============skip cnt：181 || material_id='m_00032a' || rule='保障责任' || end_result=False===============
2025-07-08 22:16:03 - block_text_comparison.py:76 - ===============skip cnt：182 || material_id='m_00004a' || rule='退保条款' || end_result=True===============
2025-07-08 22:16:03 - block_text_comparison.py:76 - ===============skip cnt：183 || material_id='m_00130a' || rule='赔付 & 领取规则' || end_result=True===============
2025-07-08 22:16:03 - block_text_comparison.py:76 - ===============skip cnt：184 || material_id='m_00041a' || rule='责任免除' || end_result=True===============
2025-07-08 22:16:03 - block_text_comparison.py:76 - ===============skip cnt：185 || material_id='m_00088a' || rule='保障责任' || end_result=True===============
2025-07-08 22:16:03 - block_text_comparison.py:76 - ===============skip cnt：186 || material_id='m_00131a' || rule='出险条款' || end_result=True===============
2025-07-08 22:16:03 - block_text_comparison.py:76 - ===============skip cnt：187 || material_id='m_00132a' || rule='保障责任' || end_result=True===============
2025-07-08 22:16:03 - block_text_comparison.py:76 - ===============skip cnt：188 || material_id='m_00129a' || rule='术语解释' || end_result=True===============
2025-07-08 22:16:03 - block_text_comparison.py:76 - ===============skip cnt：189 || material_id='m_00116a' || rule='责任免除' || end_result=False===============
2025-07-08 22:16:03 - block_text_comparison.py:76 - ===============skip cnt：190 || material_id='m_00133a' || rule='责任免除' || end_result=True===============
2025-07-08 22:16:03 - block_text_comparison.py:76 - ===============skip cnt：191 || material_id='m_00134a' || rule='基础产品销售信息' || end_result=True===============
2025-07-08 22:16:03 - block_text_comparison.py:76 - ===============skip cnt：192 || material_id='m_00016a' || rule='基础产品销售信息' || end_result=False===============
2025-07-08 22:16:03 - block_text_comparison.py:84 - ===============cnt：192 || material_id='m_00135a' || rule='附加条款' || label=None===============
2025-07-08 22:16:03 - block_text_comparison.py:90 - load data data/clean_data_qwen2.5-72b-instruct/materials/m_00135a/ADDITIONAL_AGREEMENT/附加条款.txt...
2025-07-08 22:16:03 - block_text_comparison.py:90 - load data data/clean_data_qwen2.5-72b-instruct/materials/m_00135a/CLAUSE/附加条款.txt...
2025-07-08 22:16:03 - block_text_comparison.py:90 - load data data/clean_data_qwen2.5-72b-instruct/materials/m_00135a/HEALTH_INFORM/附加条款.txt...
2025-07-08 22:16:03 - block_text_comparison.py:90 - load data data/clean_data_qwen2.5-72b-instruct/materials/m_00135a/INSURE_NOTICE/附加条款.txt...
2025-07-08 22:16:03 - block_text_comparison.py:90 - load data data/clean_data_qwen2.5-72b-instruct/materials/m_00135a/INTRODUCE_IMG/附加条款.txt...
2025-07-08 22:16:03 - block_text_comparison.py:90 - load data data/clean_data_qwen2.5-72b-instruct/materials/m_00135a/LIABILITY_EXCLUSION/附加条款.txt...
2025-07-08 22:16:03 - block_text_comparison.py:104 - ===============<=1 cnt=192 || material_id='m_00135a' || rule='附加条款' || end_result=False===============
2025-07-08 22:16:03 - block_text_comparison.py:84 - ===============cnt：193 || material_id='m_00136a' || rule='附加条款' || label=None===============
2025-07-08 22:16:03 - block_text_comparison.py:90 - load data data/clean_data_qwen2.5-72b-instruct/materials/m_00136a/ADDITIONAL_AGREEMENT/附加条款.txt...
2025-07-08 22:16:03 - block_text_comparison.py:90 - load data data/clean_data_qwen2.5-72b-instruct/materials/m_00136a/CLAUSE/附加条款.txt...
2025-07-08 22:16:03 - block_text_comparison.py:90 - load data data/clean_data_qwen2.5-72b-instruct/materials/m_00136a/HEALTH_INFORM/附加条款.txt...
2025-07-08 22:16:03 - block_text_comparison.py:90 - load data data/clean_data_qwen2.5-72b-instruct/materials/m_00136a/INSURE_NOTICE/附加条款.txt...
2025-07-08 22:16:03 - block_text_comparison.py:90 - load data data/clean_data_qwen2.5-72b-instruct/materials/m_00136a/LIABILITY_EXCLUSION/附加条款.txt...
2025-07-08 22:16:05 - block_text_comparison.py:116 - ```
【产品须知】
    1.本保障计划名称为美亚“臻馨优选”个人中端医疗保障计划，适用保险条款为《美亚个人住院及特殊门诊医疗保险(2023年A款）（互联网专属）》及其他附加条款。
``` 
vs
 ```
第一条 附加合同的订立和构成 《美亚附加个人特定疾病药械补偿医疗保险》合同（以下简称本附加合同），依主合同投保人的申请，经本公司同意而订立。本附加合同附加于主合同而成立，主合同的条款也适用于本附加合同，若主合同与本附加合同的条款互有冲突，则以本附加合同为准。若本附加合同的承保项目在保险单上或批注项内未载明，本附加合同不发生效力。
第二条 本附加合同生效 本附加合同的生效时间同主合同的生效时间，或以本附加合同的批注所载明的生效时间为准。
第三条 保险责任 本附加合同项下保险责任包括院外特定药品费用保障、临床急需进口药品费用保障和特定医疗器械费用保障，投保人可选择投保其中一项保障，也可选择投保多项保障，所投保的保障由本公司和投保人协商确定，在保险单中载明，且一经确定，在本附加合同有效期内不得变更。对于本附加合同项下承保的保险事故，若被保险人因同一保险事故亦可在主合同项下获得任何保险保障的，则本公司仅依照本附加合同承担保险赔偿责任。对于本附加合同项下承保范围内的医疗费用，若被保险人从其他社会福利机构或任何其他第三方、或依任何医疗保险取得补偿，本公司仅给付剩余的部分。本公司在赔偿本附加合同项下承保范围内的医疗费用时，应适用保险单所载的免赔额（如有），本公司对前述低于免赔额（如有）的费用不承担赔偿责任，如前述费用超过免赔额（如有）的，则对超出免赔额（如有）部分的费用按照保险单所载适用的赔偿比例（如有）承担赔偿责任。一、院外特定药品费用保障 在本附加合同有效期内，若任何被保险人在约定的等待期（具体以保险单所载为准，最长不超过180天）后经医院的专科医生初次确诊罹患恶性肿瘤，则对于其因此治疗过程中实际发生的需个人支付的、合理且必需的且同时满足以下条件的院外特定药品费用，本公司在保险单所载本附加合同项下该被保险人相应的保险金额内，以保险单所载比例（如自付比例和赔偿比例）为限承担保险责任：1. 院外特定药品须由医院专科医生开具处方且为被保险人当前治疗所必需；2. 每次院外特定药品处方剂量不超过30天；3. 开具的院外特定药品处方仅限治疗被保险人在等待期后初次确诊的恶性肿瘤；4. 院外特定药品必须为本附加合同有效期届满前在中国国家药品监督管理局批准且已在中国上市的药物，并在药品清单列表中；5. 上述处方中所列院外特定药品须在本公司指定药店购买；6. 购买上述处方中所列院外特定药品前，已按本公司指定流程提交相应材料并通过处方审核，具体流程按本附加合同条款第五条“授权申请、药品处方审核及购药流程”执行。在本附加合同有效期届满时，若上述恶性肿瘤治疗仍未结束或发生恶性肿瘤转移，且首次购买符合约定条件的院外特定药品的日期在本附加合同有效期内的，本公司仍按照本附加合同约定承担赔偿院外特定药品费用的责任，但本保障项下承保的院外特定药品的最长购买时间不超过本附加合同有效期届满日起30天。二、临床急需进口药品费用保障 在本附加合同有效期内，若任何被保险人在约定的等待期（具体以保险单所载为准，最长不超过180天）后经医院的专科医生初次确诊罹患恶性肿瘤，则对于其因此治疗过程中实际发生的需个人支付的、合理且必需的且同时满足以下条件的临床急需进口药品费用，本公司在保险单所载本附加合同项下该被保险人相应的保险金额内，以保险单所载比例（如自付比例和赔偿比例）为限承担保险责任：1. 临床急需进口药品须由海南博鳌乐城医疗机构的专科医生开具处方；2. 每次临床急需进口药品处方剂量不超过30天；3. 开具的临床急需进口药品处方仅限治疗被保险人在等待期后初次确诊的恶性肿瘤；4. 临床急需进口药品需在本附加合同约定的药品清单列表中；5. 购买临床急需进口药品前，已按本公司指定流程提交相应材料并通过审核，具体流程按本附加合同条款第六条“海南博鳌乐城医疗机构购药流程”执行。在本附加合同有效期届满时，若上述恶性肿瘤治疗仍未结束或发生恶性肿瘤转移，且首次购买符合约定条件的临床急需进口药品的日期在本附加合同有效期内的，本公司仍按照本附加合同约定承担赔偿临床急需进口药品费用的责任，但本保障项下承保的临床急需进口药品的最长购买时间不超过本附加合同有效期届满日起30天。三、特定医疗器械费用保障 在本附加合同有效期内，若任何被保险人在约定的等待期（具体以保险单所载为准，最长不超过180天）后经医院的专科医生初次确诊罹患本附加合同约定的适应症，经专科医生诊断需使用特定医疗器械进行治疗的，则对于其因此治疗过程中实际发生的需个人支付的、合理且必需的且同时满足以下条件的特定医疗器械费用，本公司在保险单所载本附加合同项下该被保险人相应的保险金额内，以保险单所载比例（如自付比例和赔偿比例）为限承担保险责任，但每种器械仅限赔偿一次：1. 特定医疗器械须在本附加合同条款附表一《医疗器械清单》中；2. 特定医疗器械须由医院的专科医生开具的处方或医嘱，且特定医疗器械费用须发生在开具的处方或医嘱的医生所执业的医院内或指定药房内；3. 特定医疗器械须符合本附加合同条款附表一《医疗器械清单》中的适应症；4. 购买特定医疗器械前，已按本公司指定流程提交相应材料并通过审核，具体流程按本附加合同条款第七条“特定医疗器械申请流程”执行。对于不满足上述条件的特定医疗器械费用，本公司不承担赔偿特定医疗器械费用的责任。本项保障仅承担特定医疗器械本身的费用，不承担因使用特定医疗器械而产生的住院医疗费用。被保险人在本附加合同有效期间内开始接受本附加合同约定的特定医疗器械治疗，但在本附加合同保险期间届满时仍未结束本次治疗的，本公司将继续承担因本次治疗发生的符合上述条件的特定医疗器械费用，但本保障项下承保的最长不超过本附加合同有效期届满日起30天。
第四条 责任免除 主合同中责任免除条款均适用于本附加合同，若主合同中责任免除条款与本条款有相抵触之处，则应以本条款为准。任何在下列期间发生的或由下列原因导致的医疗费用，或出现下列任一情形时，本公司不承担给付保险金的责任：（一） 仅有临床不适症状，入院诊断和出院诊断均不是恶性肿瘤或适应症的治疗；（二） 使用未获得中国国家药品监督管理局许可或批准上市的药品或药物；（三） 进行未经科学或者医学认可的试验性或者研究性治疗及由此产生的后续相关费用；（四） 被保险人在中国境外接受治疗；（五） 被保险人未遵医嘱，私自服用、涂用或注射特定药品；（六） 被保险人未在本公司指定或认可的药店购买的药品；（七） 被保险人未按本附加合同约定的流程进行申请或经申请未审核通过；（八） 被保险人首次购买特定药品的日期不在本附加合同有效期内的；（九） 特定药品处方的开具与中国国家药品监督管理局批准的该药品说明书中所列明的适应症和用法用量不符；（十） 被保险人提交审核的医学材料不能证明该药品对被保险人当前的疾病状态产生有益的治疗疗效；（十一） 特定药品涉及慈善援助的，被保险人从慈善机构获得援助的药品费用；（十二） 经本公司或专科医生审核，被保险人的疾病状况确定对申请购买的药品已经耐药后仍继续购买该药品；（十三） 被保险人接种预防恶性肿瘤的疫苗、进行基因检测、鉴定恶性肿瘤的遗传性、被保险人发生实验性治疗以及采取未经科学或医学认可的医疗手段所产生的任何费用。
第五条 授权申请、药品处方审核及购药流程 在本附加合同有效期内，若被保险人因符合本附加合同约定的恶性肿瘤而需在本公司指定药店购买专科医生开具的药品处方中所列明的药品，应按照以下流程进行授权申请、药品处方审核和药品购买：（一） 授权申请和药品处方审核：被保险人向本公司提交恶性肿瘤院外特定药品授权申请（以下简称“授权申请”），并提供下列授权申请材料：1. 保险索赔申请表；2. 被保险人的有效身份证件；3. 门（急）诊病历、住院病历、手术记录（如涉及）、医生处方、病理检查报告、检查报告、化验报告、费用清单等所有与该疾病就诊相关的医疗文件；4. 医生开具的特定药品处方；5. 医院开具的外购药证明；6. 被保险人所能提供的其他与本项申请有关的材料。本公司基于提交的资料进行药品处方审核。若被保险人提交的相关材料不足以支持药品处方审核，或者医学材料中相关的科学方法检验报告结果不支持药品处方的开具，本公司有权要求并一次性通知被保险人补充提供有关证明和资料。如果被保险人未提交授权申请或者处方审核未通过，本公司不承担赔偿恶性肿瘤院外特定药品费用的责任。（二） 药品购买 特定药品授权申请及特定药品处方首次经本公司审核通过后，本公司将指引被保险人，携带有效药品处方、被保险人的有效身份证件、被保险人的中华人民共和国社会保障卡（如有）到本公司与被保险人确认取药的指定药店自取药品。非首次购药按上述规定申请经本公司审核通过后，被保险人可选择去指定药店自取药品或送药上门服务。
第六条 海南博鳌乐城医疗机构购药流程 （一） 授权申请 被保险人在海南博鳌乐城医疗机构购买临床急需进口药品的，须在购买临床急需进口药品前向本公司提交临床急需进口药品用药申请，并按照要求提交相关材料，主要包括与被保险人相关的个人信息、诊断证明、与诊断证明相关的病理显微镜检查、血液检验及其他科学方法检验报告、药品处方及其他所需要的医学材料。本公司会对临床急需进口药品适用性进行初审。（二） 进口药品适用性初审 本公司将按照本附加合同约定的保险责任对被保险人进行临床急需进口药品适用性初审。该适用性初审以药品说明书为依据并结合被保险人病情和基因检测报告等材料进行审慎评估。对于临床急需进口药品适用性初审中，被保险人提交的相关材料不足以支持使用临床急需进口药品，或者材料中相关的科学方法检验报告结果不支持使用临床急需进口药品，本公司有权一次性通知被保险人补充其他与临床急需进口药品适用性初审相关的材料。如果被保险人临床急需进口药品适用性初审未通过，本公司不承担赔偿临床急需进口药品费用的责任。（三） 海南博鳌乐城医疗机构病情诊断及临床急需进口药品申请 临床急需进口药品适用性初审通过后，被保险人需通过海南博鳌乐城医疗机构专科医生提供的病情诊断，确认该进口药品临床急需，并经国务院授权的省人民政府批准。如果海南博鳌乐城医疗机构提出的进口药品申请未获批准，本公司不承担赔偿临床急需进口药品费用的责任。（四） 海南博鳌乐城医疗机构购药 临床急需特定药品处方经本公司审核通过后，被保险人选择到本公司指定药店自取特定药品的，则须在审核通过后的30天内（含第30天）携带有效药品处方、被保险人的有效身份证件及被保险人的中华人民共和国社会保障卡（如有）到本公司的指定药店自取药品。
第七条 特定医疗器械申请流程 若被保险人于等待期后经医院的专科医生初次确诊罹患本附加合同约定的附表一《医疗器械清单》中所列的适应症而进行特定医疗器械治疗的，需按照以下流程进行特定医疗器械授权申请及材料审核和特定器械费用垫付：（一）特定医疗器械授权申请和材料审核：被保险人向本公司提交特定医疗器械授权申请（以下简称“授权申请”），并提供下列授权申请材料：1.保险索赔申请表；2.被保险人的有效身份证件；3.支持审核的全部证明、信息和证据，包括但不限于医院出具的门诊及住院病历资料、医学诊断书、病理检查报告、影像报告、检查化验报告、医疗费用原始单据、费用明细单据等原件；4.与确认保险事故性质、原因、损失程度等有关的其他证明和资料；5.若被保险人委托他人申请的，还应提供保险金转账授权书原件、委托人和受托人的身份证明等相关证明文件。受益人为无民事行为能力人或者限制民事行为能力人的，由其监护人代为申领保险金，并需要提供监护人的身份证明等材料。本公司基于提交的资料进行材料审核。若被保险人提交的相关材料不足以支持材料审核，或者医学材料中相关的科学方法检验报告结果不支持特定医疗器械使用的情形，本公司有权要求并一次性通知被保险人补充提供有关证明和资料。若特定医疗器械授权申请及材料审核未通过，本公司不承担赔偿特定医疗器械费用的责任。（二）特定医疗器械费用垫付 特定医疗器械授权申请及材料审核通过后，将由本公司指定的授权服务提供商提供特定医疗器械费用垫付服务。
第八条 附加合同效力的终止 本附加合同发生下列情况之一时将自动终止：（1）主合同效力终止；（2）保险期间届满，投保人未续保或本公司不接受本附加合同续保；（3）投保人于本附加合同有效期内向本公司申请解除本附加合同；（4）本附加合同因其他条款所列情况而终止。注：在（2）项所提及的情况下，本附加合同效力于保险单满期日二十四时自动终止。
第九条 释义 一、本附加合同所称的院外：系指非被保险人就诊的医院。二、本附加合同所称的恶性肿瘤：系指主合同条款项下“释义”部分所述的恶性肿瘤-重度。三、本附加合同所称的特定药品：系指本附加合同有效期限届满日前，中国国家药品监督管理局批准并已在中国上市的特种药品（具体以本附加合同投保时国家卫健委发布适用的《新型抗肿瘤药物临床应用指导原则》中规定的新型抗肿瘤药物为准）。特定药品的适应症以中国国家药品监督管理局批准的药品说明书为准。四、本附加合同所称的处方：系指由注册的执业医师和在诊疗活动中为患者开具的、由取得药学专业技术职务任职资格的药学专业技术人员审核、调配、核对，并为患者用药凭证的医疗文书。处方包括医疗机构病区用药医嘱单。五、本附加合同所称的药品清单：系指投保本附加合同时由本公司与投保人协商约定的药品清单，具体以本公司网站最新公布的为准，若在本附加合同有效期内本公司根据医疗水平的发展对药品清单进行更新的，则以本公司通过正式渠道（包括但不限于官网、官微）公布或通知调整后的清单为准。药品分类以药品处方开具时《国家基本医疗保险、工伤保险和生育保险药品目录》的有效版本为准。六、本附加合同所称的指定药店：系指授权服务提供商提供的药店名单，若在本附加合同有效期内本公司予以调整的，则以本公司通过正式渠道（包括但不限于官网、官微）公布或通知调整后的机构为准。指定药店应同时满足以下条件：（1）取得国家药品经营许可证、GSP认证；（2）具有完善的冷链药品送达能力；（3）具有医师、执业药师等专业人员提供服务。七、本附加合同所称的临床急需进口药品：系指海南博鳌乐城医疗机构因临床急需，经国务院药品监督管理部门或者国务院授权的省、自治区、直辖市人民政府批准后，进口的少量药品。八、本附加合同所称的海南博鳌乐城医疗机构：系指上海交通大学医学院附属瑞金医院海南医院、博鳌超级医院、博鳌国际医院、博鳌恒大国际医院、慈铭博鳌国际医院、海南博鳌和睦家医疗中心、海南省人民医院乐城院区。本公司保留对上述医疗机构名单做出适当调整的权利。若在本附加合同有效期内本公司予以调整的，则以本公司通过正式渠道（包括但不限于官网、官微）公布或通知调整后的机构为准。九、本附加合同所称的适应症：系指乳腺癌、先前植入体失败而导致严重疼痛或严重的关节残疾、血管坏死和股骨骨折不连导致髋关节的结构破坏，详情见本附加合同条款附表一《医疗器械清单》。十、本附加合同所称的耐药：系指以下两种情况之一：（一）实体肿瘤病灶按照RECIST（实体瘤治疗疗效评价标准）出现疾病进展；（二）非实体肿瘤（包含白血病、多发性骨髓瘤、骨髓纤维化、淋巴瘤等血液系统恶性肿瘤）在临床上常无明确的肿块或者肿块较小难以发现，经规范治疗后，按相关专业机构（包括：中国临床肿瘤学会（CSCO）、中华医学会血液学分会、中国抗癌协会血液肿瘤专业委员会、国家卫计委、美国国家综合癌症网络（NCCN）等）的指南规范，通过骨髓形态学、流式细胞仪、特定基因检测等结果进行综合评价，得出疾病进展的结论。十一、本附加合同所称的实验性治疗：系指用于药物用途或外科手术、未被国际医学科研究组织普遍接受为对疾病或损伤安全、有效的医疗手段、医学设备或药物；以及处于学习、研究、测试等任何临床试验阶段的治疗、医学操作、疗程治疗、医疗设备或药物。十二、本附加合同所称的有益的治疗疗效：系指按照世界卫生组织（WHO）发布的《实体瘤治疗疗效评价标准（RECIST）》，肿瘤病灶没有进展。十三、本附加合同所称的授权服务提供商：系指本公司授权的为被保险人提供药事服务的机构。十四、本附加合同所称的境外：系指中国大陆以外的国家和地区，包括台湾省、香港及澳门特别行政区。
```
```
第一条 附加合同的订立和构成 《美亚附加个人门急诊医药医疗保险》合同（以下简称本附加合同），依主合同投保人的申请，经本公司同意而订立。本附加合同附加于主合同而成立，主合同的条款也适用于本附加合同，若主合同与本附加合同的条款互有冲突，则以本附加合同为准。若本附加合同的承保项目在保险单上或批注项内未载明，本附加合同不发生效力。
第二条 本附加合同生效 本附加合同的生效时间同主合同的生效时间，或以本附加合同的批注所载明的生效时间为准。
第三条 保险责任 本附加合同项下保险责任包括意外门急诊医疗费用保障和门急诊医疗费用保障，投保人只可选择投保其中一项保障，所投保的保障由本公司和投保人协商确定，在保险单中载明，且一经确定，在本附加合同有效期内不得变更。（一）意外门急诊医疗费用保障 在本附加合同有效期内，若任何被保险人因遭受意外事故而在医院进行门急诊治疗的，则对于该被保险人因此在医院接受非主合同项下承保的门诊或急诊治疗而实际支出的合理且必需的医疗费用，本公司以保险单所载本附加合同项下该被保险人相应的保险金额为限承担相应的保险责任。（二）门急诊医疗费用保障 在本附加合同有效期内，若任何被保险人遭受意外事故或在等待期后罹患疾病的，则对于该被保险人因此在医院接受非主合同项下承保的门诊或急诊治疗而实际支出的、合理且必需的医疗费用，包括挂号费、诊察费、治疗费、药品费、检查检验费、手术费、非正式住院的留院观察费用、中式理疗费、西式理疗费、中医治疗费用（不含中式理疗和药品费）、牙科意外伤害医疗费用，本公司以保险单所载本附加合同项下该被保险人相应的保险金额、保险责任范围内医疗费用项目适用的赔偿次数、赔偿限额为限承担相应的保险责任。对于本附加合同项下承保范围内的药品医疗费用，若被保险人已从其他社会福利机构或任何其他第三方、或依任何医疗保险取得补偿，本公司仅给付剩余的部分。本公司在赔偿本附加合同项下承保范围内的药品医疗费用时，应适用保险单所载的免赔额（如有），本公司对前述低于免赔额（如有）的费用不承担赔偿责任，如前述费用超出免赔额（如有）的，则对超出免赔额（如有）部分的费用按照保险单所载适用的赔偿比例（如有）承担赔偿责任。
第四条 责任免除 主合同中责任免除条款均适用于本附加合同，若主合同中责任免除条款与本条款有相抵触之处，则应以本条款为准。对于下列任何费用以及被保险人因以下情形发生的任何费用，或者出现下列任一情形时，本公司不承担任何赔偿责任：（1）预防性、康复性、保健性、美容整形、变性等相关医疗及前述相关医疗的并发症或因前述相关医疗导致的医疗事故；眼镜、义齿、义眼、义肢、助听器等康复性工具；实验性或试验性治疗；健康体检；心理治疗；（2）妊娠（含宫外孕）、流产（含人工流产）、分娩（含剖宫产）、避孕、绝育手术、治疗不孕不育症、人工受孕及由此导致的并发症；牙科治疗、视力矫正手术，但因意外所致的不受此限；（3）肥胖症相关手术、袖状胃切除术（用于治疗糖尿病时除外）；包皮环切术、包皮剥离术、包皮气囊扩张术、性功能障碍治疗；中药类药品（包括植物药、动物药和矿物药），以捐献身体器官为目的的医疗行为，狂犬病抗体检测的相关费用；（4）抗光老化药物、美容用品、大剂量维生素、维他命、健康滋补类中草药、膏方费；（5）自动轮椅或自动床，舒适设备（如电话托臂和床上多用桌），空气质量或温度调控设备（如空调、湿度调节器、除湿器和空气净化器），健身脚踏车、太阳能或加热灯、加热垫、坐浴盆、盥洗凳、浴缸凳、桑拿浴、升降机、涡流按摩浴、健身器材及其他类似设备。
第五条 证明文件/索赔申请 保险金申请人向本公司申请给付保险金时，应提供如下材料：（一）保险索赔申请表；（二）保险金申请人的有效身份证件；（三）医院出具的门（急）诊病历、手术记录（如涉及）、医生处方、病理检查报告、检查报告、化验报告、费用清单等所有相关医疗文件；（四）医疗费用原始收据；（五）保险金申请人所能提供的其他与本项申请有关的材料。
第六条 附加合同效力的终止 本附加合同发生下列情况之一时将自动终止：（1）主合同效力终止；（2）保险期间届满，投保人未续保或本公司不接受本附加合同续保；（3）投保人于本附加合同有效期内向本公司申请解除本附加合同；（4）本附加合同因其他条款所列情况而终止。注：在（2）项所提及的情况下，本附加合同效力于保险单满期日二十四时自动终止。
第七条 释义 一、本附加合同所称的中式理疗费：系指顺势疗法、正骨治疗、针灸治疗。顺势疗法：一种通过小剂量药物治疗以使病人症状渐渐接近常人的治疗方法，包括通过给予小剂量的放松剂治疗腹泻。针灸治疗：包括针法和灸法，但应由具有相应资格的医师实施。针法系指将毫针按一定穴位刺入患者体内，用捻、提等手法来实施治疗。灸法系指将燃烧着的艾绒按一定穴位熏灼皮肤，利用热的刺激实施治疗。二、本附加合同所称的西式理疗费：系指物理治疗、美式脊椎矫正、职业疗法、语言治疗的费用。
```
```
第一条 附加合同的订立和构成 《美亚附加个人住院津贴收入保障保险》合同（以下简称本附加合同），依主合同投保人的申请，经本公司同意而订立。本附加合同附加于主合同而成立，主合同的条款也适用于本附加合同，若主合同与本附加合同的条款互有冲突，则以本附加合同为准。若本附加合同的承保项目在保险单上或批注项内未载明，本附加合同不发生效力。
第二条 本附加合同生效 本附加合同的生效时间同主合同的生效时间，或以本附加合同的批注所载明的生效时间为准。
第三条 保险责任 本附加合同项下保险责任包括一般住院津贴保障、重症疾病住院津贴保障、恶性肿瘤住院津贴保障，投保人只可选择投保其中一项保障，所投保的保障由本公司和投保人协商确定，在保险单中载明，且一经确定，在本附加合同有效期内不得变更。一、一般住院津贴保障 在本附加合同有效期内，若任何被保险人遭受意外事故或在约定的等待期（具体以保险责任明细表所载为准，最长不超过180天）后罹患疾病并因此在医院接受住院治疗的，本公司将依据保险单所载本附加合同项下该被保险人所对应的一般住院每日住院津贴金额，按每次实际住院超出每次住院免赔天数的住院天数向被保险人给付一般住院津贴保险金。二、重症疾病住院津贴保障 在本附加合同有效期内，若任何被保险人因遭受意外事故经医院的专科医生初次确诊罹患或在约定的等待期（具体以保险责任明细表所载为准，最长不超过180天）后经医院的专科医生初次确诊罹患保险单所载承保的重症疾病，并因此在医院接受住院治疗的，本公司将依据保险单所载本附加合同项下该被保险人所对应的重症疾病每日住院津贴金额，按每次实际住院超出每次住院免赔天数的住院天数向被保险人给付重症疾病住院津贴保险金。三、恶性肿瘤住院津贴保障 在本附加合同有效期内，若任何被保险人在约定的等待期（具体以保险责任明细表所载为准，最长不超过180天）后经医院的专科医生初次确诊罹患恶性肿瘤，并在医院接受住院治疗的，本公司将依据保险单所载本附加合同项下该被保险人所对应的恶性肿瘤每日住院津贴金额，按每次实际住院超出每次住院免赔天数的住院天数向被保险人给付恶性肿瘤住院津贴保险金。在适用本附加合同项下保障时，还应适用如下各项规定：1.本公司对于任何被保险人每次住院的给付日数以本附加合同约定的天数（具体以保险责任明细表所载为准）为限，若该被保险人多次住院的，本公司按本附加合同的约定（包括每次住院免赔天数）分别给付每次住院津贴保险金。对同一被保险人在本附加合同有效期内一次或多次住院的累计给付日数以本附加合同约定的天数为限（具体以保险责任明细表所载为准），当累计给付天数达到前述约定天数时，本公司对该被保险人在本附加合同的责任终止；2.在本附加合同有效期届满时，如任何被保险人未结束本次住院治疗的，本公司继续赔偿其因本次住院发生的、最高不超过本附加合同有效期届满后3天内的住院津贴保险金；3.若任何被保险人本次住院治疗与前次住院原因相同，且前次出院与本次入院间隔不超过30天的，则本次住院与前次住院视为同一次住院。
第四条 责任免除 主合同中责任免除条款均适用于本附加合同，若主合同中责任免除条款与本条款有相抵触之处，则应以本条款为准。任何在下列期间发生的或由下列原因导致的被保险人住院，或出现下列任一情形时，本公司不承担给付保险金的责任：（一）被保险人患既往症；（二）因被保险人挑衅或故意行为而导致的打斗、被袭击或被谋杀；（三）被保险人未遵医嘱，私自使用药物（不包括被保险人按使用说明的规定使用非处方药）；（四）视力矫正、精神和行为障碍或受酒精、毒品、管制药物影响；（五）治疗不孕不育症、人工受精、妊娠（包括异位妊娠）、分娩（含难产）、流产、堕胎、节育（含避孕及绝育）、产前产后检查以及由以上原因引起的并发症；（六）美容、外科整形；（七）牙齿修复、牙齿整形，以及非因意外事故而进行的牙齿、牙周、牙床治疗及手术；（八）一般身体检查、疗养、特别护理或静养、康复性治疗、既非手术又非药物的治疗；（九）挂床住院、其他不合理或不必要的住院；（十）任何医疗导致的伤害。
第五条 证明文件/索赔申请 保险金申请人向本公司申请给付保险金时，应提供如下材料：（一）保险索赔申请表；（二）保险金申请人的有效身份证件；（三）门（急）诊病历、住院病历、费用清单等；（四）住院医疗费用原始收据；（五）保险金申请人所能提供的其他与本项申请有关的材料。
第六条 附加合同效力的终止 本附加合同发生下列情况之一时将自动终止：（1）主合同效力终止；（2）保险期间届满，投保人未续保或本公司不接受本附加合同续保；（3）投保人于本附加合同有效期内向本公司申请解除本附加合同；（4）本附加合同因其他条款所列情况而终止。注：在（2）项所提及的情况下，本附加合同效力于保险单满期日二十四时自动终止。
第七条 释义 一、本附加合同所称的医院：系指投保本附加合同时由本公司和投保人协商确定的医院，具体以保险单所载为准。二、本附加合同所称的恶性肿瘤：系指主合同条款项下“释义”部分所述的恶性肿瘤-重度。
```
```
《美亚附加个人重症疾病异地治疗交通住宿费用补偿保险》合同（以下简称本附加合同），依主合同投保人的申请，经本公司同意而订立。本附加合同附加于主合同而成立，主合同的条款也适用于本附加合同，若主合同与本附加合同的条款互有冲突，则以本附加合同为准。若本附加合同的承保项目在保险单上或批注项内未载明，本附加合同不发生效力。
本附加合同的生效时间同主合同的生效时间，或以本附加合同的批注所载明的生效时间为准。
在本附加合同有效期内，若任何被保险人遭受意外事故或在约定的等待期（具体以保险责任明细表所载为准，最长时间不超过180天）后经医院的专科医生初次确诊罹患保险单所载承保的重症疾病，并根据专科医生建议且由转出医院开具转院证明后，前往境内其他省、自治区或直辖市的医院接受治疗，则对于该被保险人及固定一名陪同人员（如有）因前述事项发生的需个人支付的、合理且必需的住宿费和转院途中的交通工具（本附加合同所称交通工具仅指民航班机、火车、公共汽车、轮船）费用，本公司将在保险单所载本附加合同项下该被保险人相应的保险金额内，以保险单所载费用项目、赔偿日数、日限额、自付比例、赔偿比例为限承担保险责任。为明确起见，住宿费为到达转院目的地后的住宿费，各项交通工具的座位等级等费用限制以保险单所载为准。本公司在赔偿本附加合同项下承保范围内的费用时，应适用保险单所载的免赔额（如有），本公司对前述低于免赔额（如有）的费用不承担赔偿责任，如前述费用超过免赔额（如有）的，则对超出免赔额（如有）部分的费用按照保险单所载适用的赔偿比例（如有）承担赔偿责任。
任何在下列期间发生的或由下列原因导致的被保险人异地转院相关费用，或出现下列任一情形时，本公司不承担给付保险金的责任：（1）投保人对被保险人的故意杀害、故意伤害；（2）被保险人故意犯罪或抗拒依法采取的刑事强制措施；（3）被保险人故意自伤；（4）被保险人服用、吸食或注射毒品；（5）被保险人酒后驾驶、无合法有效驾驶证驾驶，或驾驶无合法有效行驶证的机动车；（6）被保险人感染艾滋病病毒或患艾滋病；（7）战争、军事冲突、暴乱或武装叛乱；（8）核爆炸、核辐射或核污染；（9）遗传性疾病、先天性畸形、变形或染色体异常。
保险金申请人向本公司申请给付保险金时，应提供如下材料：（一）保险索赔申请表；（二）保险金申请人的有效身份证件；（三）转出医院及转入医院的门（急）诊病历、住院病历、手术记录（如涉及）、医生处方、病理检查报告、检查报告、化验报告、费用清单等所有与该疾病就诊相关的医疗文件；（四）转院证明；（五）被保险人及陪同人员（如有）的住宿费用、交通费用的支付记录、原始收费收据等；（六）保险金申请人所能提供的其他与本项申请有关的材料。
本附加合同发生下列情况之一时将自动终止：（1）主合同效力终止；（2）保险期间届满，投保人未续保或本公司不接受本附加合同续保；（3）投保人于本附加合同有效期内向本公司申请解除本附加合同；（4）本附加合同因其他条款所列情况而终止。注：在（2）项所提及的情况下，本附加合同效力于保险单满期日二十四时自动终止。
```
```
美亚附加争议处理条款
兹经双方理解并同意，因履行本合同或其附加合同发生的争议，由争议所涉各方协商解决。协商不成的，应依法向本公司签发保险合同的分支机构所在地有管辖权的人民法院起诉。在适用本条款时，不再适用本合同条款项下“争议的处理”的相关规定。保险合同的所有其他规定均保持不变。
(2023 年第一版)
(注册编号: C00003931922023072602541)
美亚附加经济制裁责任免除条款
兹经双方理解并同意，若本公司/保险人在本保险合同项下提供任何保险保障、利益或支付任何保险赔偿金会导致本公司/保险人违反联合国决议项下的任何制裁、禁止性或限制性规定，或者违反中华人民共和国或美国颁布的任何经济贸易制裁、法律法规，则本公司/保险人在本保险合同项下不提供前述保险保障、利益，亦不支付前述保险赔偿金。本保险合同的所有其它规定均保持不变。
注册编号：C00003931922019052907382
备案号：(美亚财险)(备-其他)【2019】(附) 017 号
```
```
美亚附加争议处理条款
兹经双方理解并同意，因履行本合同或其附加合同发生的争议，由争议所涉各方协商解决。协商不成的，应依法向本公司签发保险合同的分支机构所在地有管辖权的人民法院起诉。在适用本条款时，不再适用本合同条款项下“争议的处理”的相关规定。保险合同的所有其他规定均保持不变。
美亚附加经济制裁责任免除条款
兹经双方理解并同意，若本公司/保险人在本保险合同项下提供任何保险保障、利益或支付任何保险赔偿金会导致本公司/保险人违反联合国决议项下的任何制裁、禁止性或限制性规定，或者违反中华人民共和国或美国颁布的任何经济贸易制裁、法律法规，则本公司/保险人在本保险合同项下不提供前述保险保障、利益，亦不支付前述保险赔偿金。本保险合同的所有其它规定均保持不变。
``` 
>>> result=<res>文本一致</res>
<冲突文本段>：无。
2025-07-08 22:16:06 - block_text_comparison.py:116 - ```
【产品须知】
    1.本保障计划名称为美亚“臻馨优选”个人中端医疗保障计划，适用保险条款为《美亚个人住院及特殊门诊医疗保险(2023年A款）（互联网专属）》及其他附加条款。
``` 
vs
 ```
``` 
>>> result=<res>文本一致</res>
<冲突文本段>：无。
2025-07-08 22:16:09 - block_text_comparison.py:116 - ```
第一条 附加合同的订立和构成 《美亚附加个人特定疾病药械补偿医疗保险》合同（以下简称本附加合同），依主合同投保人的申请，经本公司同意而订立。本附加合同附加于主合同而成立，主合同的条款也适用于本附加合同，若主合同与本附加合同的条款互有冲突，则以本附加合同为准。若本附加合同的承保项目在保险单上或批注项内未载明，本附加合同不发生效力。
第二条 本附加合同生效 本附加合同的生效时间同主合同的生效时间，或以本附加合同的批注所载明的生效时间为准。
第三条 保险责任 本附加合同项下保险责任包括院外特定药品费用保障、临床急需进口药品费用保障和特定医疗器械费用保障，投保人可选择投保其中一项保障，也可选择投保多项保障，所投保的保障由本公司和投保人协商确定，在保险单中载明，且一经确定，在本附加合同有效期内不得变更。对于本附加合同项下承保的保险事故，若被保险人因同一保险事故亦可在主合同项下获得任何保险保障的，则本公司仅依照本附加合同承担保险赔偿责任。对于本附加合同项下承保范围内的医疗费用，若被保险人从其他社会福利机构或任何其他第三方、或依任何医疗保险取得补偿，本公司仅给付剩余的部分。本公司在赔偿本附加合同项下承保范围内的医疗费用时，应适用保险单所载的免赔额（如有），本公司对前述低于免赔额（如有）的费用不承担赔偿责任，如前述费用超过免赔额（如有）的，则对超出免赔额（如有）部分的费用按照保险单所载适用的赔偿比例（如有）承担赔偿责任。一、院外特定药品费用保障 在本附加合同有效期内，若任何被保险人在约定的等待期（具体以保险单所载为准，最长不超过180天）后经医院的专科医生初次确诊罹患恶性肿瘤，则对于其因此治疗过程中实际发生的需个人支付的、合理且必需的且同时满足以下条件的院外特定药品费用，本公司在保险单所载本附加合同项下该被保险人相应的保险金额内，以保险单所载比例（如自付比例和赔偿比例）为限承担保险责任：1. 院外特定药品须由医院专科医生开具处方且为被保险人当前治疗所必需；2. 每次院外特定药品处方剂量不超过30天；3. 开具的院外特定药品处方仅限治疗被保险人在等待期后初次确诊的恶性肿瘤；4. 院外特定药品必须为本附加合同有效期届满前在中国国家药品监督管理局批准且已在中国上市的药物，并在药品清单列表中；5. 上述处方中所列院外特定药品须在本公司指定药店购买；6. 购买上述处方中所列院外特定药品前，已按本公司指定流程提交相应材料并通过处方审核，具体流程按本附加合同条款第五条“授权申请、药品处方审核及购药流程”执行。在本附加合同有效期届满时，若上述恶性肿瘤治疗仍未结束或发生恶性肿瘤转移，且首次购买符合约定条件的院外特定药品的日期在本附加合同有效期内的，本公司仍按照本附加合同约定承担赔偿院外特定药品费用的责任，但本保障项下承保的院外特定药品的最长购买时间不超过本附加合同有效期届满日起30天。二、临床急需进口药品费用保障 在本附加合同有效期内，若任何被保险人在约定的等待期（具体以保险单所载为准，最长不超过180天）后经医院的专科医生初次确诊罹患恶性肿瘤，则对于其因此治疗过程中实际发生的需个人支付的、合理且必需的且同时满足以下条件的临床急需进口药品费用，本公司在保险单所载本附加合同项下该被保险人相应的保险金额内，以保险单所载比例（如自付比例和赔偿比例）为限承担保险责任：1. 临床急需进口药品须由海南博鳌乐城医疗机构的专科医生开具处方；2. 每次临床急需进口药品处方剂量不超过30天；3. 开具的临床急需进口药品处方仅限治疗被保险人在等待期后初次确诊的恶性肿瘤；4. 临床急需进口药品需在本附加合同约定的药品清单列表中；5. 购买临床急需进口药品前，已按本公司指定流程提交相应材料并通过审核，具体流程按本附加合同条款第六条“海南博鳌乐城医疗机构购药流程”执行。在本附加合同有效期届满时，若上述恶性肿瘤治疗仍未结束或发生恶性肿瘤转移，且首次购买符合约定条件的临床急需进口药品的日期在本附加合同有效期内的，本公司仍按照本附加合同约定承担赔偿临床急需进口药品费用的责任，但本保障项下承保的临床急需进口药品的最长购买时间不超过本附加合同有效期届满日起30天。三、特定医疗器械费用保障 在本附加合同有效期内，若任何被保险人在约定的等待期（具体以保险单所载为准，最长不超过180天）后经医院的专科医生初次确诊罹患本附加合同约定的适应症，经专科医生诊断需使用特定医疗器械进行治疗的，则对于其因此治疗过程中实际发生的需个人支付的、合理且必需的且同时满足以下条件的特定医疗器械费用，本公司在保险单所载本附加合同项下该被保险人相应的保险金额内，以保险单所载比例（如自付比例和赔偿比例）为限承担保险责任，但每种器械仅限赔偿一次：1. 特定医疗器械须在本附加合同条款附表一《医疗器械清单》中；2. 特定医疗器械须由医院的专科医生开具的处方或医嘱，且特定医疗器械费用须发生在开具的处方或医嘱的医生所执业的医院内或指定药房内；3. 特定医疗器械须符合本附加合同条款附表一《医疗器械清单》中的适应症；4. 购买特定医疗器械前，已按本公司指定流程提交相应材料并通过审核，具体流程按本附加合同条款第七条“特定医疗器械申请流程”执行。对于不满足上述条件的特定医疗器械费用，本公司不承担赔偿特定医疗器械费用的责任。本项保障仅承担特定医疗器械本身的费用，不承担因使用特定医疗器械而产生的住院医疗费用。被保险人在本附加合同有效期间内开始接受本附加合同约定的特定医疗器械治疗，但在本附加合同保险期间届满时仍未结束本次治疗的，本公司将继续承担因本次治疗发生的符合上述条件的特定医疗器械费用，但本保障项下承保的最长不超过本附加合同有效期届满日起30天。
第四条 责任免除 主合同中责任免除条款均适用于本附加合同，若主合同中责任免除条款与本条款有相抵触之处，则应以本条款为准。任何在下列期间发生的或由下列原因导致的医疗费用，或出现下列任一情形时，本公司不承担给付保险金的责任：（一） 仅有临床不适症状，入院诊断和出院诊断均不是恶性肿瘤或适应症的治疗；（二） 使用未获得中国国家药品监督管理局许可或批准上市的药品或药物；（三） 进行未经科学或者医学认可的试验性或者研究性治疗及由此产生的后续相关费用；（四） 被保险人在中国境外接受治疗；（五） 被保险人未遵医嘱，私自服用、涂用或注射特定药品；（六） 被保险人未在本公司指定或认可的药店购买的药品；（七） 被保险人未按本附加合同约定的流程进行申请或经申请未审核通过；（八） 被保险人首次购买特定药品的日期不在本附加合同有效期内的；（九） 特定药品处方的开具与中国国家药品监督管理局批准的该药品说明书中所列明的适应症和用法用量不符；（十） 被保险人提交审核的医学材料不能证明该药品对被保险人当前的疾病状态产生有益的治疗疗效；（十一） 特定药品涉及慈善援助的，被保险人从慈善机构获得援助的药品费用；（十二） 经本公司或专科医生审核，被保险人的疾病状况确定对申请购买的药品已经耐药后仍继续购买该药品；（十三） 被保险人接种预防恶性肿瘤的疫苗、进行基因检测、鉴定恶性肿瘤的遗传性、被保险人发生实验性治疗以及采取未经科学或医学认可的医疗手段所产生的任何费用。
第五条 授权申请、药品处方审核及购药流程 在本附加合同有效期内，若被保险人因符合本附加合同约定的恶性肿瘤而需在本公司指定药店购买专科医生开具的药品处方中所列明的药品，应按照以下流程进行授权申请、药品处方审核和药品购买：（一） 授权申请和药品处方审核：被保险人向本公司提交恶性肿瘤院外特定药品授权申请（以下简称“授权申请”），并提供下列授权申请材料：1. 保险索赔申请表；2. 被保险人的有效身份证件；3. 门（急）诊病历、住院病历、手术记录（如涉及）、医生处方、病理检查报告、检查报告、化验报告、费用清单等所有与该疾病就诊相关的医疗文件；4. 医生开具的特定药品处方；5. 医院开具的外购药证明；6. 被保险人所能提供的其他与本项申请有关的材料。本公司基于提交的资料进行药品处方审核。若被保险人提交的相关材料不足以支持药品处方审核，或者医学材料中相关的科学方法检验报告结果不支持药品处方的开具，本公司有权要求并一次性通知被保险人补充提供有关证明和资料。如果被保险人未提交授权申请或者处方审核未通过，本公司不承担赔偿恶性肿瘤院外特定药品费用的责任。（二） 药品购买 特定药品授权申请及特定药品处方首次经本公司审核通过后，本公司将指引被保险人，携带有效药品处方、被保险人的有效身份证件、被保险人的中华人民共和国社会保障卡（如有）到本公司与被保险人确认取药的指定药店自取药品。非首次购药按上述规定申请经本公司审核通过后，被保险人可选择去指定药店自取药品或送药上门服务。
第六条 海南博鳌乐城医疗机构购药流程 （一） 授权申请 被保险人在海南博鳌乐城医疗机构购买临床急需进口药品的，须在购买临床急需进口药品前向本公司提交临床急需进口药品用药申请，并按照要求提交相关材料，主要包括与被保险人相关的个人信息、诊断证明、与诊断证明相关的病理显微镜检查、血液检验及其他科学方法检验报告、药品处方及其他所需要的医学材料。本公司会对临床急需进口药品适用性进行初审。（二） 进口药品适用性初审 本公司将按照本附加合同约定的保险责任对被保险人进行临床急需进口药品适用性初审。该适用性初审以药品说明书为依据并结合被保险人病情和基因检测报告等材料进行审慎评估。对于临床急需进口药品适用性初审中，被保险人提交的相关材料不足以支持使用临床急需进口药品，或者材料中相关的科学方法检验报告结果不支持使用临床急需进口药品，本公司有权一次性通知被保险人补充其他与临床急需进口药品适用性初审相关的材料。如果被保险人临床急需进口药品适用性初审未通过，本公司不承担赔偿临床急需进口药品费用的责任。（三） 海南博鳌乐城医疗机构病情诊断及临床急需进口药品申请 临床急需进口药品适用性初审通过后，被保险人需通过海南博鳌乐城医疗机构专科医生提供的病情诊断，确认该进口药品临床急需，并经国务院授权的省人民政府批准。如果海南博鳌乐城医疗机构提出的进口药品申请未获批准，本公司不承担赔偿临床急需进口药品费用的责任。（四） 海南博鳌乐城医疗机构购药 临床急需特定药品处方经本公司审核通过后，被保险人选择到本公司指定药店自取特定药品的，则须在审核通过后的30天内（含第30天）携带有效药品处方、被保险人的有效身份证件及被保险人的中华人民共和国社会保障卡（如有）到本公司的指定药店自取药品。
第七条 特定医疗器械申请流程 若被保险人于等待期后经医院的专科医生初次确诊罹患本附加合同约定的附表一《医疗器械清单》中所列的适应症而进行特定医疗器械治疗的，需按照以下流程进行特定医疗器械授权申请及材料审核和特定器械费用垫付：（一）特定医疗器械授权申请和材料审核：被保险人向本公司提交特定医疗器械授权申请（以下简称“授权申请”），并提供下列授权申请材料：1.保险索赔申请表；2.被保险人的有效身份证件；3.支持审核的全部证明、信息和证据，包括但不限于医院出具的门诊及住院病历资料、医学诊断书、病理检查报告、影像报告、检查化验报告、医疗费用原始单据、费用明细单据等原件；4.与确认保险事故性质、原因、损失程度等有关的其他证明和资料；5.若被保险人委托他人申请的，还应提供保险金转账授权书原件、委托人和受托人的身份证明等相关证明文件。受益人为无民事行为能力人或者限制民事行为能力人的，由其监护人代为申领保险金，并需要提供监护人的身份证明等材料。本公司基于提交的资料进行材料审核。若被保险人提交的相关材料不足以支持材料审核，或者医学材料中相关的科学方法检验报告结果不支持特定医疗器械使用的情形，本公司有权要求并一次性通知被保险人补充提供有关证明和资料。若特定医疗器械授权申请及材料审核未通过，本公司不承担赔偿特定医疗器械费用的责任。（二）特定医疗器械费用垫付 特定医疗器械授权申请及材料审核通过后，将由本公司指定的授权服务提供商提供特定医疗器械费用垫付服务。
第八条 附加合同效力的终止 本附加合同发生下列情况之一时将自动终止：（1）主合同效力终止；（2）保险期间届满，投保人未续保或本公司不接受本附加合同续保；（3）投保人于本附加合同有效期内向本公司申请解除本附加合同；（4）本附加合同因其他条款所列情况而终止。注：在（2）项所提及的情况下，本附加合同效力于保险单满期日二十四时自动终止。
第九条 释义 一、本附加合同所称的院外：系指非被保险人就诊的医院。二、本附加合同所称的恶性肿瘤：系指主合同条款项下“释义”部分所述的恶性肿瘤-重度。三、本附加合同所称的特定药品：系指本附加合同有效期限届满日前，中国国家药品监督管理局批准并已在中国上市的特种药品（具体以本附加合同投保时国家卫健委发布适用的《新型抗肿瘤药物临床应用指导原则》中规定的新型抗肿瘤药物为准）。特定药品的适应症以中国国家药品监督管理局批准的药品说明书为准。四、本附加合同所称的处方：系指由注册的执业医师和在诊疗活动中为患者开具的、由取得药学专业技术职务任职资格的药学专业技术人员审核、调配、核对，并为患者用药凭证的医疗文书。处方包括医疗机构病区用药医嘱单。五、本附加合同所称的药品清单：系指投保本附加合同时由本公司与投保人协商约定的药品清单，具体以本公司网站最新公布的为准，若在本附加合同有效期内本公司根据医疗水平的发展对药品清单进行更新的，则以本公司通过正式渠道（包括但不限于官网、官微）公布或通知调整后的清单为准。药品分类以药品处方开具时《国家基本医疗保险、工伤保险和生育保险药品目录》的有效版本为准。六、本附加合同所称的指定药店：系指授权服务提供商提供的药店名单，若在本附加合同有效期内本公司予以调整的，则以本公司通过正式渠道（包括但不限于官网、官微）公布或通知调整后的机构为准。指定药店应同时满足以下条件：（1）取得国家药品经营许可证、GSP认证；（2）具有完善的冷链药品送达能力；（3）具有医师、执业药师等专业人员提供服务。七、本附加合同所称的临床急需进口药品：系指海南博鳌乐城医疗机构因临床急需，经国务院药品监督管理部门或者国务院授权的省、自治区、直辖市人民政府批准后，进口的少量药品。八、本附加合同所称的海南博鳌乐城医疗机构：系指上海交通大学医学院附属瑞金医院海南医院、博鳌超级医院、博鳌国际医院、博鳌恒大国际医院、慈铭博鳌国际医院、海南博鳌和睦家医疗中心、海南省人民医院乐城院区。本公司保留对上述医疗机构名单做出适当调整的权利。若在本附加合同有效期内本公司予以调整的，则以本公司通过正式渠道（包括但不限于官网、官微）公布或通知调整后的机构为准。九、本附加合同所称的适应症：系指乳腺癌、先前植入体失败而导致严重疼痛或严重的关节残疾、血管坏死和股骨骨折不连导致髋关节的结构破坏，详情见本附加合同条款附表一《医疗器械清单》。十、本附加合同所称的耐药：系指以下两种情况之一：（一）实体肿瘤病灶按照RECIST（实体瘤治疗疗效评价标准）出现疾病进展；（二）非实体肿瘤（包含白血病、多发性骨髓瘤、骨髓纤维化、淋巴瘤等血液系统恶性肿瘤）在临床上常无明确的肿块或者肿块较小难以发现，经规范治疗后，按相关专业机构（包括：中国临床肿瘤学会（CSCO）、中华医学会血液学分会、中国抗癌协会血液肿瘤专业委员会、国家卫计委、美国国家综合癌症网络（NCCN）等）的指南规范，通过骨髓形态学、流式细胞仪、特定基因检测等结果进行综合评价，得出疾病进展的结论。十一、本附加合同所称的实验性治疗：系指用于药物用途或外科手术、未被国际医学科研究组织普遍接受为对疾病或损伤安全、有效的医疗手段、医学设备或药物；以及处于学习、研究、测试等任何临床试验阶段的治疗、医学操作、疗程治疗、医疗设备或药物。十二、本附加合同所称的有益的治疗疗效：系指按照世界卫生组织（WHO）发布的《实体瘤治疗疗效评价标准（RECIST）》，肿瘤病灶没有进展。十三、本附加合同所称的授权服务提供商：系指本公司授权的为被保险人提供药事服务的机构。十四、本附加合同所称的境外：系指中国大陆以外的国家和地区，包括台湾省、香港及澳门特别行政区。
```
```
第一条 附加合同的订立和构成 《美亚附加个人门急诊医药医疗保险》合同（以下简称本附加合同），依主合同投保人的申请，经本公司同意而订立。本附加合同附加于主合同而成立，主合同的条款也适用于本附加合同，若主合同与本附加合同的条款互有冲突，则以本附加合同为准。若本附加合同的承保项目在保险单上或批注项内未载明，本附加合同不发生效力。
第二条 本附加合同生效 本附加合同的生效时间同主合同的生效时间，或以本附加合同的批注所载明的生效时间为准。
第三条 保险责任 本附加合同项下保险责任包括意外门急诊医疗费用保障和门急诊医疗费用保障，投保人只可选择投保其中一项保障，所投保的保障由本公司和投保人协商确定，在保险单中载明，且一经确定，在本附加合同有效期内不得变更。（一）意外门急诊医疗费用保障 在本附加合同有效期内，若任何被保险人因遭受意外事故而在医院进行门急诊治疗的，则对于该被保险人因此在医院接受非主合同项下承保的门诊或急诊治疗而实际支出的合理且必需的医疗费用，本公司以保险单所载本附加合同项下该被保险人相应的保险金额为限承担相应的保险责任。（二）门急诊医疗费用保障 在本附加合同有效期内，若任何被保险人遭受意外事故或在等待期后罹患疾病的，则对于该被保险人因此在医院接受非主合同项下承保的门诊或急诊治疗而实际支出的、合理且必需的医疗费用，包括挂号费、诊察费、治疗费、药品费、检查检验费、手术费、非正式住院的留院观察费用、中式理疗费、西式理疗费、中医治疗费用（不含中式理疗和药品费）、牙科意外伤害医疗费用，本公司以保险单所载本附加合同项下该被保险人相应的保险金额、保险责任范围内医疗费用项目适用的赔偿次数、赔偿限额为限承担相应的保险责任。对于本附加合同项下承保范围内的药品医疗费用，若被保险人已从其他社会福利机构或任何其他第三方、或依任何医疗保险取得补偿，本公司仅给付剩余的部分。本公司在赔偿本附加合同项下承保范围内的药品医疗费用时，应适用保险单所载的免赔额（如有），本公司对前述低于免赔额（如有）的费用不承担赔偿责任，如前述费用超出免赔额（如有）的，则对超出免赔额（如有）部分的费用按照保险单所载适用的赔偿比例（如有）承担赔偿责任。
第四条 责任免除 主合同中责任免除条款均适用于本附加合同，若主合同中责任免除条款与本条款有相抵触之处，则应以本条款为准。对于下列任何费用以及被保险人因以下情形发生的任何费用，或者出现下列任一情形时，本公司不承担任何赔偿责任：（1）预防性、康复性、保健性、美容整形、变性等相关医疗及前述相关医疗的并发症或因前述相关医疗导致的医疗事故；眼镜、义齿、义眼、义肢、助听器等康复性工具；实验性或试验性治疗；健康体检；心理治疗；（2）妊娠（含宫外孕）、流产（含人工流产）、分娩（含剖宫产）、避孕、绝育手术、治疗不孕不育症、人工受孕及由此导致的并发症；牙科治疗、视力矫正手术，但因意外所致的不受此限；（3）肥胖症相关手术、袖状胃切除术（用于治疗糖尿病时除外）；包皮环切术、包皮剥离术、包皮气囊扩张术、性功能障碍治疗；中药类药品（包括植物药、动物药和矿物药），以捐献身体器官为目的的医疗行为，狂犬病抗体检测的相关费用；（4）抗光老化药物、美容用品、大剂量维生素、维他命、健康滋补类中草药、膏方费；（5）自动轮椅或自动床，舒适设备（如电话托臂和床上多用桌），空气质量或温度调控设备（如空调、湿度调节器、除湿器和空气净化器），健身脚踏车、太阳能或加热灯、加热垫、坐浴盆、盥洗凳、浴缸凳、桑拿浴、升降机、涡流按摩浴、健身器材及其他类似设备。
第五条 证明文件/索赔申请 保险金申请人向本公司申请给付保险金时，应提供如下材料：（一）保险索赔申请表；（二）保险金申请人的有效身份证件；（三）医院出具的门（急）诊病历、手术记录（如涉及）、医生处方、病理检查报告、检查报告、化验报告、费用清单等所有相关医疗文件；（四）医疗费用原始收据；（五）保险金申请人所能提供的其他与本项申请有关的材料。
第六条 附加合同效力的终止 本附加合同发生下列情况之一时将自动终止：（1）主合同效力终止；（2）保险期间届满，投保人未续保或本公司不接受本附加合同续保；（3）投保人于本附加合同有效期内向本公司申请解除本附加合同；（4）本附加合同因其他条款所列情况而终止。注：在（2）项所提及的情况下，本附加合同效力于保险单满期日二十四时自动终止。
第七条 释义 一、本附加合同所称的中式理疗费：系指顺势疗法、正骨治疗、针灸治疗。顺势疗法：一种通过小剂量药物治疗以使病人症状渐渐接近常人的治疗方法，包括通过给予小剂量的放松剂治疗腹泻。针灸治疗：包括针法和灸法，但应由具有相应资格的医师实施。针法系指将毫针按一定穴位刺入患者体内，用捻、提等手法来实施治疗。灸法系指将燃烧着的艾绒按一定穴位熏灼皮肤，利用热的刺激实施治疗。二、本附加合同所称的西式理疗费：系指物理治疗、美式脊椎矫正、职业疗法、语言治疗的费用。
```
```
第一条 附加合同的订立和构成 《美亚附加个人住院津贴收入保障保险》合同（以下简称本附加合同），依主合同投保人的申请，经本公司同意而订立。本附加合同附加于主合同而成立，主合同的条款也适用于本附加合同，若主合同与本附加合同的条款互有冲突，则以本附加合同为准。若本附加合同的承保项目在保险单上或批注项内未载明，本附加合同不发生效力。
第二条 本附加合同生效 本附加合同的生效时间同主合同的生效时间，或以本附加合同的批注所载明的生效时间为准。
第三条 保险责任 本附加合同项下保险责任包括一般住院津贴保障、重症疾病住院津贴保障、恶性肿瘤住院津贴保障，投保人只可选择投保其中一项保障，所投保的保障由本公司和投保人协商确定，在保险单中载明，且一经确定，在本附加合同有效期内不得变更。一、一般住院津贴保障 在本附加合同有效期内，若任何被保险人遭受意外事故或在约定的等待期（具体以保险责任明细表所载为准，最长不超过180天）后罹患疾病并因此在医院接受住院治疗的，本公司将依据保险单所载本附加合同项下该被保险人所对应的一般住院每日住院津贴金额，按每次实际住院超出每次住院免赔天数的住院天数向被保险人给付一般住院津贴保险金。二、重症疾病住院津贴保障 在本附加合同有效期内，若任何被保险人因遭受意外事故经医院的专科医生初次确诊罹患或在约定的等待期（具体以保险责任明细表所载为准，最长不超过180天）后经医院的专科医生初次确诊罹患保险单所载承保的重症疾病，并因此在医院接受住院治疗的，本公司将依据保险单所载本附加合同项下该被保险人所对应的重症疾病每日住院津贴金额，按每次实际住院超出每次住院免赔天数的住院天数向被保险人给付重症疾病住院津贴保险金。三、恶性肿瘤住院津贴保障 在本附加合同有效期内，若任何被保险人在约定的等待期（具体以保险责任明细表所载为准，最长不超过180天）后经医院的专科医生初次确诊罹患恶性肿瘤，并在医院接受住院治疗的，本公司将依据保险单所载本附加合同项下该被保险人所对应的恶性肿瘤每日住院津贴金额，按每次实际住院超出每次住院免赔天数的住院天数向被保险人给付恶性肿瘤住院津贴保险金。在适用本附加合同项下保障时，还应适用如下各项规定：1.本公司对于任何被保险人每次住院的给付日数以本附加合同约定的天数（具体以保险责任明细表所载为准）为限，若该被保险人多次住院的，本公司按本附加合同的约定（包括每次住院免赔天数）分别给付每次住院津贴保险金。对同一被保险人在本附加合同有效期内一次或多次住院的累计给付日数以本附加合同约定的天数为限（具体以保险责任明细表所载为准），当累计给付天数达到前述约定天数时，本公司对该被保险人在本附加合同的责任终止；2.在本附加合同有效期届满时，如任何被保险人未结束本次住院治疗的，本公司继续赔偿其因本次住院发生的、最高不超过本附加合同有效期届满后3天内的住院津贴保险金；3.若任何被保险人本次住院治疗与前次住院原因相同，且前次出院与本次入院间隔不超过30天的，则本次住院与前次住院视为同一次住院。
第四条 责任免除 主合同中责任免除条款均适用于本附加合同，若主合同中责任免除条款与本条款有相抵触之处，则应以本条款为准。任何在下列期间发生的或由下列原因导致的被保险人住院，或出现下列任一情形时，本公司不承担给付保险金的责任：（一）被保险人患既往症；（二）因被保险人挑衅或故意行为而导致的打斗、被袭击或被谋杀；（三）被保险人未遵医嘱，私自使用药物（不包括被保险人按使用说明的规定使用非处方药）；（四）视力矫正、精神和行为障碍或受酒精、毒品、管制药物影响；（五）治疗不孕不育症、人工受精、妊娠（包括异位妊娠）、分娩（含难产）、流产、堕胎、节育（含避孕及绝育）、产前产后检查以及由以上原因引起的并发症；（六）美容、外科整形；（七）牙齿修复、牙齿整形，以及非因意外事故而进行的牙齿、牙周、牙床治疗及手术；（八）一般身体检查、疗养、特别护理或静养、康复性治疗、既非手术又非药物的治疗；（九）挂床住院、其他不合理或不必要的住院；（十）任何医疗导致的伤害。
第五条 证明文件/索赔申请 保险金申请人向本公司申请给付保险金时，应提供如下材料：（一）保险索赔申请表；（二）保险金申请人的有效身份证件；（三）门（急）诊病历、住院病历、费用清单等；（四）住院医疗费用原始收据；（五）保险金申请人所能提供的其他与本项申请有关的材料。
第六条 附加合同效力的终止 本附加合同发生下列情况之一时将自动终止：（1）主合同效力终止；（2）保险期间届满，投保人未续保或本公司不接受本附加合同续保；（3）投保人于本附加合同有效期内向本公司申请解除本附加合同；（4）本附加合同因其他条款所列情况而终止。注：在（2）项所提及的情况下，本附加合同效力于保险单满期日二十四时自动终止。
第七条 释义 一、本附加合同所称的医院：系指投保本附加合同时由本公司和投保人协商确定的医院，具体以保险单所载为准。二、本附加合同所称的恶性肿瘤：系指主合同条款项下“释义”部分所述的恶性肿瘤-重度。
```
```
《美亚附加个人重症疾病异地治疗交通住宿费用补偿保险》合同（以下简称本附加合同），依主合同投保人的申请，经本公司同意而订立。本附加合同附加于主合同而成立，主合同的条款也适用于本附加合同，若主合同与本附加合同的条款互有冲突，则以本附加合同为准。若本附加合同的承保项目在保险单上或批注项内未载明，本附加合同不发生效力。
本附加合同的生效时间同主合同的生效时间，或以本附加合同的批注所载明的生效时间为准。
在本附加合同有效期内，若任何被保险人遭受意外事故或在约定的等待期（具体以保险责任明细表所载为准，最长时间不超过180天）后经医院的专科医生初次确诊罹患保险单所载承保的重症疾病，并根据专科医生建议且由转出医院开具转院证明后，前往境内其他省、自治区或直辖市的医院接受治疗，则对于该被保险人及固定一名陪同人员（如有）因前述事项发生的需个人支付的、合理且必需的住宿费和转院途中的交通工具（本附加合同所称交通工具仅指民航班机、火车、公共汽车、轮船）费用，本公司将在保险单所载本附加合同项下该被保险人相应的保险金额内，以保险单所载费用项目、赔偿日数、日限额、自付比例、赔偿比例为限承担保险责任。为明确起见，住宿费为到达转院目的地后的住宿费，各项交通工具的座位等级等费用限制以保险单所载为准。本公司在赔偿本附加合同项下承保范围内的费用时，应适用保险单所载的免赔额（如有），本公司对前述低于免赔额（如有）的费用不承担赔偿责任，如前述费用超过免赔额（如有）的，则对超出免赔额（如有）部分的费用按照保险单所载适用的赔偿比例（如有）承担赔偿责任。
任何在下列期间发生的或由下列原因导致的被保险人异地转院相关费用，或出现下列任一情形时，本公司不承担给付保险金的责任：（1）投保人对被保险人的故意杀害、故意伤害；（2）被保险人故意犯罪或抗拒依法采取的刑事强制措施；（3）被保险人故意自伤；（4）被保险人服用、吸食或注射毒品；（5）被保险人酒后驾驶、无合法有效驾驶证驾驶，或驾驶无合法有效行驶证的机动车；（6）被保险人感染艾滋病病毒或患艾滋病；（7）战争、军事冲突、暴乱或武装叛乱；（8）核爆炸、核辐射或核污染；（9）遗传性疾病、先天性畸形、变形或染色体异常。
保险金申请人向本公司申请给付保险金时，应提供如下材料：（一）保险索赔申请表；（二）保险金申请人的有效身份证件；（三）转出医院及转入医院的门（急）诊病历、住院病历、手术记录（如涉及）、医生处方、病理检查报告、检查报告、化验报告、费用清单等所有与该疾病就诊相关的医疗文件；（四）转院证明；（五）被保险人及陪同人员（如有）的住宿费用、交通费用的支付记录、原始收费收据等；（六）保险金申请人所能提供的其他与本项申请有关的材料。
本附加合同发生下列情况之一时将自动终止：（1）主合同效力终止；（2）保险期间届满，投保人未续保或本公司不接受本附加合同续保；（3）投保人于本附加合同有效期内向本公司申请解除本附加合同；（4）本附加合同因其他条款所列情况而终止。注：在（2）项所提及的情况下，本附加合同效力于保险单满期日二十四时自动终止。
```
```
美亚附加争议处理条款
兹经双方理解并同意，因履行本合同或其附加合同发生的争议，由争议所涉各方协商解决。协商不成的，应依法向本公司签发保险合同的分支机构所在地有管辖权的人民法院起诉。在适用本条款时，不再适用本合同条款项下“争议的处理”的相关规定。保险合同的所有其他规定均保持不变。
(2023 年第一版)
(注册编号: C00003931922023072602541)
美亚附加经济制裁责任免除条款
兹经双方理解并同意，若本公司/保险人在本保险合同项下提供任何保险保障、利益或支付任何保险赔偿金会导致本公司/保险人违反联合国决议项下的任何制裁、禁止性或限制性规定，或者违反中华人民共和国或美国颁布的任何经济贸易制裁、法律法规，则本公司/保险人在本保险合同项下不提供前述保险保障、利益，亦不支付前述保险赔偿金。本保险合同的所有其它规定均保持不变。
注册编号：C00003931922019052907382
备案号：(美亚财险)(备-其他)【2019】(附) 017 号
```
```
美亚附加争议处理条款
兹经双方理解并同意，因履行本合同或其附加合同发生的争议，由争议所涉各方协商解决。协商不成的，应依法向本公司签发保险合同的分支机构所在地有管辖权的人民法院起诉。在适用本条款时，不再适用本合同条款项下“争议的处理”的相关规定。保险合同的所有其他规定均保持不变。
美亚附加经济制裁责任免除条款
兹经双方理解并同意，若本公司/保险人在本保险合同项下提供任何保险保障、利益或支付任何保险赔偿金会导致本公司/保险人违反联合国决议项下的任何制裁、禁止性或限制性规定，或者违反中华人民共和国或美国颁布的任何经济贸易制裁、法律法规，则本公司/保险人在本保险合同项下不提供前述保险保障、利益，亦不支付前述保险赔偿金。本保险合同的所有其它规定均保持不变。
``` 
vs
 ```
``` 
>>> result=<res>文本一致</res>
<冲突文本段>：无。
2025-07-08 22:16:09 - block_text_comparison.py:120 - results: [True, True, True]
2025-07-08 22:16:09 - block_text_comparison.py:128 - ===============cnt=193 || material_id='m_00136a' || rule='附加条款' || end_result=True===============
2025-07-08 22:16:09 - block_text_comparison.py:84 - ===============cnt：194 || material_id='m_00137a' || rule='附加条款' || label=None===============
2025-07-08 22:16:09 - block_text_comparison.py:90 - load data data/clean_data_qwen2.5-72b-instruct/materials/m_00137a/ADDITIONAL_AGREEMENT/附加条款.txt...
2025-07-08 22:16:09 - block_text_comparison.py:90 - load data data/clean_data_qwen2.5-72b-instruct/materials/m_00137a/CLAUSE/附加条款.txt...
2025-07-08 22:16:09 - block_text_comparison.py:90 - load data data/clean_data_qwen2.5-72b-instruct/materials/m_00137a/HEALTH_INFORM/附加条款.txt...
2025-07-08 22:16:09 - block_text_comparison.py:90 - load data data/clean_data_qwen2.5-72b-instruct/materials/m_00137a/INSURE_NOTICE/附加条款.txt...
2025-07-08 22:16:09 - block_text_comparison.py:90 - load data data/clean_data_qwen2.5-72b-instruct/materials/m_00137a/LIABILITY_EXCLUSION/附加条款.txt...
2025-07-08 22:16:10 - block_text_comparison.py:116 - ```
特别约定：
1. 投保前连续12个月，在中华人民共和国境内（不包括xianggang、aomen、taiwan地区）居住天数超过240天，投保前一个月内无出入境记录，身体健康且能正常工作、生活的中华人民共和国公民，可作为本保险合同的被保险人。每人最多投保1份，多投无效。本方案的被保险人年龄在30天（含）至99周岁（含），但首次投保的年龄上限为65周岁（含）。
2. 本方案承保的质子重离子医疗责任指定医院为上海质子重离子医院、甘肃武威肿瘤医院重离子中心，质子重离子医疗费用保险金额为100万元，与扩展重大疾病医疗费用保险金额共享保额。
3. 本保单有效期内，100种重大疾病医疗费用保险责任为一般医疗费用保险责任的扩展责任。若被保险人因罹患本保险条款中约定的100种重大疾病（无论一种或多种），保险人首先按照一般医疗费用保险金约定给付一般医疗费用保险金，当对被保险人累计给付金额达到一般医疗费用保险金额后，对于超出的部分，保险人再按照约定的给付比例，在扩展重大疾病医疗费用保险金额内给付保险金，每人扩展100种重大疾病医疗费用保险金额为人民币330万元。
4. 本保单扩展了“特种药品费用、CAR-T医学治疗医疗费用”保险责任，在保险期间内，被保险人在等待期后，初次发生并经中华人民共和国境内二级或二级以上公立医院或者保险人指定或认可的医疗机构的专科医生明确诊断罹患主险条款约定的“恶性肿瘤——重度”，对被保险人在保险期间内为治疗该“恶性肿瘤——重度”，且符合附加险条款中约定的“购药申请、药品处方审核及购药流程”或“CAR-T医学治疗审核评估及就医安排流程”，则对于被保险人在指定药房或者医院实际发生的、合理且必须的特种药品的费用和CAR-T医学治疗医疗费用，保险人在附加险的保险金额内给付保险金。
5. 本保单扩展了“恶性肿瘤赴日医疗”保险责任，在保险期间内，被保险人在等待期后，初次发生并经二级或二级以上公立医院或者保险人指定或认可的医疗机构的专科医生明确诊断罹患恶性肿瘤，向保险人提出恶性肿瘤赴日本治疗书面申请，并经保险人授权的第三方服务提供商安排提供的第二诊疗意见服务，确定被保险人初次罹患恶性肿瘤，可前往授权服务提供商安排的日本指定医院进行恶性肿瘤治疗的，则对于被保险人在指定医院接受恶性肿瘤治疗期间所发生的必要且合理的医疗费用，保险人在扣除约定的免赔额后，按照70%的给付比例向被保险人给付恶性肿瘤赴日医疗费用保险金。
6. 本保单投保年度内被保险人每人年度免赔额为人民币1万元(医疗费用部分)，超出免赔额部分的赔付金额为：
1）购买有社保款： 
先使用社保或公费医疗，保险赔付金额=（责任范围内医疗费用100%-社保和公费医疗-其它第三方获得的医疗费用补偿金额）-（免赔额-免赔额抵扣部分）
未使用社保或公费医疗，保险赔付金额=[（责任范围内医疗费用-其它第三方获得的医疗费用补偿金额）-（免赔额-免赔额抵扣部分）]60%
2）购买无社保款：
保险赔付金额=[（责任范围内医疗费用-其它第三方获得的医疗费用补偿金额）-（免赔额-免赔额抵扣部分）]*100%。
免赔额抵扣部分为其它第三方获得的医疗费用补偿金额，但最高不超过免赔额。
7. 确诊或疑似感染急性法定传染病的客户，若在确诊或疑似隔离的前30天（含）内有出入境记录，保险人不承担该疾病的保险责任。
8. 因客户选取保险方案的差异性，以及保单服务的不断升级，本保单享受服务商提供的具体服务内容可能存在差异，详细内容以保单承保机构解释为准。
``` 
vs
 ```
```
```
```
```
```
根据提供的材料，关于“附加条款（约定该产品的附加条款，如特别约定等）”的信息为空，因此输出如下：
 
>>> result=<res>文本冲突</res>
<冲突文本段>：
1. 片段1中有详细的“附加条款”内容，而片段2中“附加条款”内容为空。
2025-07-08 22:16:10 - block_text_comparison.py:120 - results: [False]
2025-07-08 22:16:10 - block_text_comparison.py:128 - ===============cnt=194 || material_id='m_00137a' || rule='附加条款' || end_result=False===============
2025-07-08 22:16:10 - block_text_comparison.py:76 - ===============skip cnt：196 || material_id='m_00138a' || rule='基础产品销售信息' || end_result=True===============
2025-07-08 22:16:10 - block_text_comparison.py:84 - ===============cnt：196 || material_id='m_00120a' || rule='附加条款' || label=None===============
2025-07-08 22:16:10 - block_text_comparison.py:90 - load data data/clean_data_qwen2.5-72b-instruct/materials/m_00120a/ADDITIONAL_AGREEMENT/附加条款.txt...
2025-07-08 22:16:10 - block_text_comparison.py:90 - load data data/clean_data_qwen2.5-72b-instruct/materials/m_00120a/CLAUSE/附加条款.txt...
2025-07-08 22:16:10 - block_text_comparison.py:90 - load data data/clean_data_qwen2.5-72b-instruct/materials/m_00120a/HEAD_IMG/附加条款.txt...
2025-07-08 22:16:10 - block_text_comparison.py:90 - load data data/clean_data_qwen2.5-72b-instruct/materials/m_00120a/INSURE_NOTICE/附加条款.txt...
2025-07-08 22:16:10 - block_text_comparison.py:90 - load data data/clean_data_qwen2.5-72b-instruct/materials/m_00120a/LIABILITY_EXCLUSION/附加条款.txt...
2025-07-08 22:16:11 - block_text_comparison.py:116 - ```
第五条 下列任何原因造成的损失、费用，保险人不负责赔偿：（一）无明显现场作案痕迹的盗窃行为。在投保主险的基础上，才可以投保本附加险。第二条 本附加险条款未尽事宜，以主险条款的约定为准；本附加险条款与主险条款若有相抵触之处，以本附加险条款的约定为准。主险合同效力终止，本附加险合同效力同时终止；主险合同无效，本附加险合同亦无效。第三条 被保险人所有的、存放在保险单载明地址的房屋内的现金、有价证券及首饰，可以作为本附加险的保险标的。第四条 在保险期间内，被保险人存放于保险单载明地址的房屋内的保险标的遭受外来人员留有明显作案痕迹的入室盗窃或抢劫（以下简称“盗抢”），经出险当地公安机关立案证明且满90日未能破案的，对被保险人因此发生的直接损失，保险人按照本附加险合同的约定负责赔偿。第五条 下列任何原因造成的损失、费用，保险人不负责赔偿：（一）无明显现场作案痕迹的盗窃行为；（二）门窗未锁或其他明显保管不慎行为致使保险标的遭受盗抢；（三）被保险人的雇佣人员、同住人、寄宿人或家庭成员盗抢或纵容他人盗抢；（四）保险标的在室外遭受盗抢。第六条 下列任何损失和费用，保险人也不负责赔偿：（一）现金、有价证券的利息损失；（二）间接损失；（三）保险单载明的免赔额；（四）其他不属于本附加险保险责任范围内的损失和费用。第七条 主险中责任免除事项未纳入本附加险保险责任的，同样适用于本附加险。第八条 保险金额由投保人与保险人协商确定，并在保险单中载明。第九条 每次事故免赔额由保险人与投保人在签订本附加险合同时协商约定，并在保险单中载明。第十条 保险标的发生保险责任范围内的损失，保险人按以下方式计算赔偿：（一）对于每次事故造成的保险标的的损失，保险人经扣除每次事故免赔额后予以赔偿，最高以该保险标的的保险金额为限。（二）在保险期间内，保险人对每一保险标的历次事故的赔偿金额之和不超过该保险标的的保险金额。
```
```
``` 
vs
 ```
``` 
>>> result=<res>文本一致</res>
<冲突文本段>：无。
2025-07-08 22:16:11 - block_text_comparison.py:120 - results: [True]
2025-07-08 22:16:11 - block_text_comparison.py:128 - ===============cnt=196 || material_id='m_00120a' || rule='附加条款' || end_result=True===============
2025-07-08 22:16:11 - block_text_comparison.py:76 - ===============skip cnt：198 || material_id='m_00139a' || rule='基础产品销售信息' || end_result=True===============
2025-07-08 22:16:11 - block_text_comparison.py:76 - ===============skip cnt：199 || material_id='m_00061a' || rule='责任免除' || end_result=False===============
2025-07-08 22:16:11 - block_text_comparison.py:76 - ===============skip cnt：200 || material_id='m_00066a' || rule='赔付 & 领取规则' || end_result=False===============
2025-07-08 22:16:11 - block_text_comparison.py:134 - Done! 文件保存至:data/clean_data_qwen2.5-72b-instruct/clean_data_附加条款_splitv2.csv
