2025-07-08 22:06:48 - block_text_comparison.py:76 - ===============skip cnt：1 || material_id='m_00001a' || rule='基础产品销售信息' || end_result=True===============
2025-07-08 22:06:48 - block_text_comparison.py:76 - ===============skip cnt：2 || material_id='m_00002a' || rule='赔付 & 领取规则' || end_result=False===============
2025-07-08 22:06:48 - block_text_comparison.py:76 - ===============skip cnt：3 || material_id='m_00003a' || rule='责任免除' || end_result=True===============
2025-07-08 22:06:48 - block_text_comparison.py:76 - ===============skip cnt：4 || material_id='m_00004a' || rule='投保条款' || end_result=False===============
2025-07-08 22:06:48 - block_text_comparison.py:76 - ===============skip cnt：5 || material_id='m_00005a' || rule='投保条款' || end_result=False===============
2025-07-08 22:06:48 - block_text_comparison.py:76 - ===============skip cnt：6 || material_id='m_00006a' || rule='责任免除' || end_result=True===============
2025-07-08 22:06:48 - block_text_comparison.py:76 - ===============skip cnt：7 || material_id='m_00007a' || rule='续保条款' || end_result=False===============
2025-07-08 22:06:48 - block_text_comparison.py:76 - ===============skip cnt：8 || material_id='m_00008a' || rule='责任免除' || end_result=False===============
2025-07-08 22:06:48 - block_text_comparison.py:76 - ===============skip cnt：9 || material_id='m_00009a' || rule='出险条款' || end_result=True===============
2025-07-08 22:06:48 - block_text_comparison.py:76 - ===============skip cnt：10 || material_id='m_00010a' || rule='保障相关时间' || end_result=False===============
2025-07-08 22:06:48 - block_text_comparison.py:76 - ===============skip cnt：11 || material_id='m_00011a' || rule='赔付 & 领取规则' || end_result=False===============
2025-07-08 22:06:48 - block_text_comparison.py:76 - ===============skip cnt：12 || material_id='m_00012a' || rule='责任免除' || end_result=False===============
2025-07-08 22:06:48 - block_text_comparison.py:76 - ===============skip cnt：13 || material_id='m_00013a' || rule='责任免除' || end_result=False===============
2025-07-08 22:06:48 - block_text_comparison.py:76 - ===============skip cnt：14 || material_id='m_00014a' || rule='保障责任' || end_result=True===============
2025-07-08 22:06:48 - block_text_comparison.py:84 - ===============cnt：14 || material_id='m_00015a' || rule='退保条款' || label=None===============
2025-07-08 22:06:48 - block_text_comparison.py:90 - load data data/clean_data_qwen2.5-72b-instruct/materials/m_00015a/ADDITIONAL_AGREEMENT/退保条款.txt...
2025-07-08 22:06:48 - block_text_comparison.py:90 - load data data/clean_data_qwen2.5-72b-instruct/materials/m_00015a/CLAUSE/退保条款.txt...
2025-07-08 22:06:48 - block_text_comparison.py:90 - load data data/clean_data_qwen2.5-72b-instruct/materials/m_00015a/HEAD_IMG/退保条款.txt...
2025-07-08 22:06:48 - block_text_comparison.py:90 - load data data/clean_data_qwen2.5-72b-instruct/materials/m_00015a/HEALTH_INFORM/退保条款.txt...
2025-07-08 22:06:48 - block_text_comparison.py:90 - load data data/clean_data_qwen2.5-72b-instruct/materials/m_00015a/INSURE_NOTICE/退保条款.txt...
2025-07-08 22:06:48 - block_text_comparison.py:90 - load data data/clean_data_qwen2.5-72b-instruct/materials/m_00015a/INTRODUCE_IMG/退保条款.txt...
2025-07-08 22:06:48 - block_text_comparison.py:90 - load data data/clean_data_qwen2.5-72b-instruct/materials/m_00015a/LIABILITY_EXCLUSION/退保条款.txt...
2025-07-08 22:06:52 - block_text_comparison.py:116 - 
```
第二十三条 投保人解除保险合同申请 
在本合同成立后，投保人可以申请解除本合同。解除合同时，请填写解除合同申请书并向保险人提供下列证明和资料： 
（一）保险合同或其他保险凭证； 
（二）保险费交付凭证； 
（三）投保人的有效身份证件。 
保险责任开始前，投保人要求解除合同的，应当按照合同约定向保险人支付退保手续费，保险人应当退还保险费；保险责任开始后，投保人要求解除合同的，自保险人收到解除合同申请书时起，本合同终止。保险人自收到解除合同申请书之日起30日内向投保人退还本合同的未满期净保险费。若本合同已发生保险金给付，未满期净保险费为零。 
除本合同另有约定外，退保手续费比例为保险费的3.2%。 
投保人解除合同会遭受一定的损失。 
投保人通过保险人同意或认可的网站等互联网渠道提出解除本合同的申请，视为投保人的书面申请。
``` 
vs
 ```
起保后退保未满期净保险费=保险费×（1-退保手续费比例）×[1-(保险期间已经过天数/保险期间天数)]。经过天数不足一天的按一天计算。退保手续费比例为 3%。
``` 
>>> result=<res>文本冲突</res>
<冲突文本段>：
- 片段1中退保手续费比例为保险费的3.2%。
- 片段2中退保手续费比例为3%。
2025-07-08 22:06:52 - block_text_comparison.py:120 - results: [False]
2025-07-08 22:06:52 - block_text_comparison.py:128 - ===============cnt=14 || material_id='m_00015a' || rule='退保条款' || end_result=False===============
2025-07-08 22:06:52 - block_text_comparison.py:76 - ===============skip cnt：16 || material_id='m_00016a' || rule='保障责任' || end_result=False===============
2025-07-08 22:06:52 - block_text_comparison.py:76 - ===============skip cnt：17 || material_id='m_00017a' || rule='赔付 & 领取规则' || end_result=False===============
2025-07-08 22:06:52 - block_text_comparison.py:84 - ===============cnt：17 || material_id='m_00018a' || rule='退保条款' || label=None===============
2025-07-08 22:06:52 - block_text_comparison.py:90 - load data data/clean_data_qwen2.5-72b-instruct/materials/m_00018a/ADDITIONAL_AGREEMENT/退保条款.txt...
2025-07-08 22:06:52 - block_text_comparison.py:90 - load data data/clean_data_qwen2.5-72b-instruct/materials/m_00018a/CLAUSE/退保条款.txt...
2025-07-08 22:06:52 - block_text_comparison.py:90 - load data data/clean_data_qwen2.5-72b-instruct/materials/m_00018a/HEALTH_INFORM/退保条款.txt...
2025-07-08 22:06:52 - block_text_comparison.py:90 - load data data/clean_data_qwen2.5-72b-instruct/materials/m_00018a/INSURE_NOTICE/退保条款.txt...
2025-07-08 22:06:52 - block_text_comparison.py:90 - load data data/clean_data_qwen2.5-72b-instruct/materials/m_00018a/LIABILITY_EXCLUSION/退保条款.txt...
2025-07-08 22:06:55 - block_text_comparison.py:116 - ```
本合同成立后，投保人可以书面形式通知保险人解除合同，自保险人接到保险合同解除申请书之时起，本合同的效力终止。保险责任开始前，投保人要求解除本合同的，应当按保险费的5%向保险人支付退保手续费，保险人应当退还剩余部分保险费。保险责任开始后解除本合同的，投保人要求解除本合同的，保险人收取自保险责任开始之日起至合同解除之日止按日比例计算应收的保险费后，退还未满期保险费。投保人解除本合同时，应提供下列证明文件和资料：（一）保险合同解除申请书；（二）保险单原件；（三）保险费交付凭证；（四）投保人身份证明。投保人解除合同会受到一定损失。
``` 
vs
 ```
退保：保险责任开始前，投保人要求解除本合同的，应当按保险费的 5% 向保险人支付退保手续费，保险人应当退还剩余部分保险费。保险责任开始后，投保人要求解除本合同的，保险人收取自保险责任开始之日起至合同解除之日止按日比例计算应收的保险费后，退还未满期净保费。但保险人已根据本合同约定给付保险金的投保人不得解除合同。
``` 
>>> result=<res>文本冲突</res>
<冲突文本段>：
- 片段1中提到“退还未满期保险费”，而片段2中提到“退还未满期净保费”。
- 片段1中没有提到“保险人已根据本合同约定给付保险金的投保人不得解除合同”，而片段2中有此说明。
2025-07-08 22:06:55 - block_text_comparison.py:120 - results: [False]
2025-07-08 22:06:55 - block_text_comparison.py:128 - ===============cnt=17 || material_id='m_00018a' || rule='退保条款' || end_result=False===============
2025-07-08 22:06:55 - block_text_comparison.py:76 - ===============skip cnt：19 || material_id='m_00019a' || rule='投保条款' || end_result=False===============
2025-07-08 22:06:55 - block_text_comparison.py:76 - ===============skip cnt：20 || material_id='m_00020a' || rule='续保条款' || end_result=True===============
2025-07-08 22:06:55 - block_text_comparison.py:76 - ===============skip cnt：21 || material_id='m_00021a' || rule='出险条款' || end_result=True===============
2025-07-08 22:06:55 - block_text_comparison.py:76 - ===============skip cnt：22 || material_id='m_00022a' || rule='投保条款' || end_result=False===============
2025-07-08 22:06:55 - block_text_comparison.py:76 - ===============skip cnt：23 || material_id='m_00023a' || rule='续保条款' || end_result=True===============
2025-07-08 22:06:55 - block_text_comparison.py:76 - ===============skip cnt：24 || material_id='m_00024a' || rule='责任免除' || end_result=True===============
2025-07-08 22:06:55 - block_text_comparison.py:76 - ===============skip cnt：25 || material_id='m_00025a' || rule='保障相关时间' || end_result=True===============
2025-07-08 22:06:55 - block_text_comparison.py:76 - ===============skip cnt：26 || material_id='m_00011a' || rule='保障责任' || end_result=False===============
2025-07-08 22:06:55 - block_text_comparison.py:76 - ===============skip cnt：27 || material_id='m_00014a' || rule='责任免除' || end_result=True===============
2025-07-08 22:06:55 - block_text_comparison.py:76 - ===============skip cnt：28 || material_id='m_00026a' || rule='保障责任' || end_result=True===============
2025-07-08 22:06:55 - block_text_comparison.py:76 - ===============skip cnt：29 || material_id='m_00027a' || rule='责任免除' || end_result=True===============
2025-07-08 22:06:55 - block_text_comparison.py:76 - ===============skip cnt：30 || material_id='m_00020a' || rule='保障责任' || end_result=True===============
2025-07-08 22:06:55 - block_text_comparison.py:76 - ===============skip cnt：31 || material_id='m_00010a' || rule='责任免除' || end_result=True===============
2025-07-08 22:06:55 - block_text_comparison.py:76 - ===============skip cnt：32 || material_id='m_00028a' || rule='术语解释' || end_result=True===============
2025-07-08 22:06:55 - block_text_comparison.py:76 - ===============skip cnt：33 || material_id='m_00029a' || rule='保障相关时间' || end_result=True===============
2025-07-08 22:06:55 - block_text_comparison.py:76 - ===============skip cnt：34 || material_id='m_00030a' || rule='基础产品销售信息' || end_result=False===============
2025-07-08 22:06:55 - block_text_comparison.py:76 - ===============skip cnt：35 || material_id='m_00031a' || rule='责任免除' || end_result=False===============
2025-07-08 22:06:55 - block_text_comparison.py:76 - ===============skip cnt：36 || material_id='m_00032a' || rule='责任免除' || end_result=False===============
2025-07-08 22:06:55 - block_text_comparison.py:76 - ===============skip cnt：37 || material_id='m_00033a' || rule='赔付 & 领取规则' || end_result=True===============
2025-07-08 22:06:55 - block_text_comparison.py:76 - ===============skip cnt：38 || material_id='m_00034a' || rule='基础产品销售信息' || end_result=True===============
2025-07-08 22:06:55 - block_text_comparison.py:76 - ===============skip cnt：39 || material_id='m_00035a' || rule='赔付 & 领取规则' || end_result=True===============
2025-07-08 22:06:55 - block_text_comparison.py:76 - ===============skip cnt：40 || material_id='m_00036a' || rule='附加条款' || end_result=False===============
2025-07-08 22:06:55 - block_text_comparison.py:84 - ===============cnt：40 || material_id='m_00037a' || rule='退保条款' || label=None===============
2025-07-08 22:06:55 - block_text_comparison.py:90 - load data data/clean_data_qwen2.5-72b-instruct/materials/m_00037a/ADDITIONAL_AGREEMENT/退保条款.txt...
2025-07-08 22:06:55 - block_text_comparison.py:90 - load data data/clean_data_qwen2.5-72b-instruct/materials/m_00037a/CLAUSE/退保条款.txt...
2025-07-08 22:06:55 - block_text_comparison.py:90 - load data data/clean_data_qwen2.5-72b-instruct/materials/m_00037a/INSURE_NOTICE/退保条款.txt...
2025-07-08 22:06:55 - block_text_comparison.py:90 - load data data/clean_data_qwen2.5-72b-instruct/materials/m_00037a/LIABILITY_EXCLUSION/退保条款.txt...
2025-07-08 22:06:55 - block_text_comparison.py:116 - ```
第二十三条 您解除合同的手续及风险
如您在犹豫期后申请解除本合同，请填写解除合同申请书并向我们提供下列资料：一、保险合同；二、您的有效身份证件。自我们收到解除合同申请书时起，本合同终止。我们自收到解除合同申请书之日起30日内向您退还保险单的现金价值。您犹豫期后解除合同会遭受一定损失。
第二十二条 犹豫期
您在收到本合同并签收之日起可享有15日的犹豫期，在犹豫期内要求解除本合同的，在我们收齐相关文件和资料的次日零时，本合同即被解除，我们自始不承担保险责任。我们在扣除10元工本费后，无息退还已交保险费。
``` 
vs
 ```
2.5 犹豫期及退保 你可通过支付宝页面申请在线退保。您在收到本合同并签收之日起可享有15日的犹豫期，在犹豫期内要求解除合同的，在我们收齐相关文件和资料的次日零时，本合同即被解除，我们自始不承担保险责任，并无息退还已交保险费。犹豫期后退保，我们将退还保险单的现金价值，您会有一定损失。
``` 
>>> result=<res>文本一致</res>
<冲突文本段>：无。
2025-07-08 22:06:55 - block_text_comparison.py:120 - results: [True]
2025-07-08 22:06:55 - block_text_comparison.py:128 - ===============cnt=40 || material_id='m_00037a' || rule='退保条款' || end_result=True===============
2025-07-08 22:06:55 - block_text_comparison.py:76 - ===============skip cnt：42 || material_id='m_00038a' || rule='保障相关时间' || end_result=True===============
2025-07-08 22:06:55 - block_text_comparison.py:76 - ===============skip cnt：43 || material_id='m_00032a' || rule='续保条款' || end_result=True===============
2025-07-08 22:06:55 - block_text_comparison.py:76 - ===============skip cnt：44 || material_id='m_00039a' || rule='保障相关时间' || end_result=False===============
2025-07-08 22:06:55 - block_text_comparison.py:76 - ===============skip cnt：45 || material_id='m_00040a' || rule='保障责任' || end_result=True===============
2025-07-08 22:06:56 - block_text_comparison.py:76 - ===============skip cnt：46 || material_id='m_00041a' || rule='投保条款' || end_result=True===============
2025-07-08 22:06:56 - block_text_comparison.py:76 - ===============skip cnt：47 || material_id='m_00016a' || rule='附加条款' || end_result=True===============
2025-07-08 22:06:56 - block_text_comparison.py:76 - ===============skip cnt：48 || material_id='m_00024a' || rule='保障责任' || end_result=True===============
2025-07-08 22:06:56 - block_text_comparison.py:76 - ===============skip cnt：49 || material_id='m_00042a' || rule='出险条款' || end_result=True===============
2025-07-08 22:06:56 - block_text_comparison.py:76 - ===============skip cnt：50 || material_id='m_00043a' || rule='投保条款' || end_result=False===============
2025-07-08 22:06:56 - block_text_comparison.py:76 - ===============skip cnt：51 || material_id='m_00017a' || rule='术语解释' || end_result=True===============
2025-07-08 22:06:56 - block_text_comparison.py:76 - ===============skip cnt：52 || material_id='m_00044a' || rule='赔付 & 领取规则' || end_result=False===============
2025-07-08 22:06:56 - block_text_comparison.py:76 - ===============skip cnt：53 || material_id='m_00045a' || rule='投保条款' || end_result=False===============
2025-07-08 22:06:56 - block_text_comparison.py:76 - ===============skip cnt：54 || material_id='m_00024a' || rule='保障相关时间' || end_result=False===============
2025-07-08 22:06:56 - block_text_comparison.py:76 - ===============skip cnt：55 || material_id='m_00046a' || rule='投保条款' || end_result=True===============
2025-07-08 22:06:56 - block_text_comparison.py:76 - ===============skip cnt：56 || material_id='m_00047a' || rule='术语解释' || end_result=True===============
2025-07-08 22:06:56 - block_text_comparison.py:76 - ===============skip cnt：57 || material_id='m_00048a' || rule='责任免除' || end_result=False===============
2025-07-08 22:06:56 - block_text_comparison.py:76 - ===============skip cnt：58 || material_id='m_00049a' || rule='责任免除' || end_result=False===============
2025-07-08 22:06:56 - block_text_comparison.py:76 - ===============skip cnt：59 || material_id='m_00050a' || rule='术语解释' || end_result=True===============
2025-07-08 22:06:56 - block_text_comparison.py:76 - ===============skip cnt：60 || material_id='m_00051a' || rule='续保条款' || end_result=True===============
2025-07-08 22:06:56 - block_text_comparison.py:76 - ===============skip cnt：61 || material_id='m_00052a' || rule='赔付 & 领取规则' || end_result=False===============
2025-07-08 22:06:56 - block_text_comparison.py:76 - ===============skip cnt：62 || material_id='m_00053a' || rule='保障相关时间' || end_result=True===============
2025-07-08 22:06:56 - block_text_comparison.py:76 - ===============skip cnt：63 || material_id='m_00054a' || rule='术语解释' || end_result=True===============
2025-07-08 22:06:56 - block_text_comparison.py:76 - ===============skip cnt：64 || material_id='m_00043a' || rule='赔付 & 领取规则' || end_result=False===============
2025-07-08 22:06:56 - block_text_comparison.py:76 - ===============skip cnt：65 || material_id='m_00055a' || rule='责任免除' || end_result=True===============
2025-07-08 22:06:56 - block_text_comparison.py:76 - ===============skip cnt：66 || material_id='m_00056a' || rule='赔付 & 领取规则' || end_result=False===============
2025-07-08 22:06:56 - block_text_comparison.py:76 - ===============skip cnt：67 || material_id='m_00043a' || rule='保障相关时间' || end_result=False===============
2025-07-08 22:06:56 - block_text_comparison.py:76 - ===============skip cnt：68 || material_id='m_00044a' || rule='附加条款' || end_result=True===============
2025-07-08 22:06:56 - block_text_comparison.py:84 - ===============cnt：68 || material_id='m_00055a' || rule='退保条款' || label=None===============
2025-07-08 22:06:56 - block_text_comparison.py:90 - load data data/clean_data_qwen2.5-72b-instruct/materials/m_00055a/ADDITIONAL_AGREEMENT/退保条款.txt...
2025-07-08 22:06:56 - block_text_comparison.py:90 - load data data/clean_data_qwen2.5-72b-instruct/materials/m_00055a/CLAUSE/退保条款.txt...
2025-07-08 22:06:56 - block_text_comparison.py:90 - load data data/clean_data_qwen2.5-72b-instruct/materials/m_00055a/HEAD_IMG/退保条款.txt...
2025-07-08 22:06:56 - block_text_comparison.py:90 - load data data/clean_data_qwen2.5-72b-instruct/materials/m_00055a/INSURE_NOTICE/退保条款.txt...
2025-07-08 22:06:56 - block_text_comparison.py:90 - load data data/clean_data_qwen2.5-72b-instruct/materials/m_00055a/INTRODUCE_IMG/退保条款.txt...
2025-07-08 22:06:56 - block_text_comparison.py:90 - load data data/clean_data_qwen2.5-72b-instruct/materials/m_00055a/LIABILITY_EXCLUSION/退保条款.txt...
2025-07-08 22:06:56 - block_text_comparison.py:116 - ```
8.本保单生效之日零时起2日（含第2日）为犹豫期，犹豫期后投保人申请退保的，退还未满期净保险费。如投保人在本合同成立时选择交清保险费，未满期净保险费=保险费×[1-(保险单已经过天数/保险期间天数)]×（1-35%）；如投保人在本合同成立时选择保费分期交付方式，未满期净保险费 = 本合同的当期保险费×[1-(当期实际经过天数/当期实际天数)]×（1-35%）；经过天数不足一天的按一天计算，如本合同已发生保险金给付，未满期净保险费为零；如被保险人或其家庭成员已使用本保单中的增值服务权益，退保不退还保费。
``` 
vs
 ```
第二十三条 合同的解除 在本合同成立后，投保人可以书面形式或双方认可的其他形式通知保险人解除合同，但保险人已根据本合同的约定给付保险金的除外。投保人解除本合同时，应提供下列证明文件和资料：（一）保险合同解除申请书；（二）保险合同凭据；（三）保险费交付凭证；（四）投保人身份证明。投保人要求解除本合同，自保险人接到保险合同解除申请书之日次日零时起，本合同的效力终止。保险人收到上述证明文件和资料之日起30日内退还本合同的未满期净保险费。投保人通过保险人同意或认可的网站等互联网渠道提出解除本合同的申请，视为投保人的书面申请。
```
```
第二十三条 合同的解除
在本合同成立后，投保人可以书面形式或双方认可的其他形式通知保险人解除合同，但保险人已根据本合同的约定给付保险金的除外。
投保人解除本合同时，应提供下列证明文件和资料：
（一）保险合同解除申请书；
（二）保险合同凭据；
（三）保险费交付凭证；
（四）投保人身份证明。
投保人要求解除本合同，自保险人接到保险合同解除申请书之日次日零时起，本合同的效力终止。保险人收到上述证明文件和资料之日起30日内退还本合同的未满期净保险费。
投保人通过保险人同意或认可的网站等互联网渠道提出解除本合同的申请，视为投保人的书面申请。
```
```
第二十三条 合同的解除 在本合同成立后，投保人可以书面形式或双方认可的其他形式通知保险人解除合同，但保险人已根据本合同的约定给付保险金的除外。投保人解除本合同时，应提供下列证明文件和资料：（一）保险合同解除申请书；（二）保险合同凭据；（三）保险费交付凭证；（四）投保人身份证明。投保人要求解除本合同，自保险人接到保险合同解除申请书之日次日零时起，本合同的效力终止。保险人收到上述证明文件和资料之日起30日内退还本合同的未满期净保险费。投保人通过保险人同意或认可的网站等互联网渠道提出解除本合同的申请，视为投保人的书面申请。
二十二、未满期净保险费：除另有约定外，按下述公式计算未满期净保险费：如投保人在本合同成立时选择一次性交付保险费，未满期净保险费=保险费×[1-(保险单已经过天数/保险期间天数)]×(1-退保手续费率)。经过天数不足一天按一天计算。如投保人在本合同成立时选择分期交付保险费，未满期净保险费=本合同的当期保险费×[1-(当期实际经过天数/当期实际天数)]×(1-退保手续费率)。经过天数不足一天按一天计算。
``` 
>>> result=<res>文本一致</res>
<冲突文本段>：无。
2025-07-08 22:07:00 - block_text_comparison.py:116 - ```
8.本保单生效之日零时起2日（含第2日）为犹豫期，犹豫期后投保人申请退保的，退还未满期净保险费。如投保人在本合同成立时选择交清保险费，未满期净保险费=保险费×[1-(保险单已经过天数/保险期间天数)]×（1-35%）；如投保人在本合同成立时选择保费分期交付方式，未满期净保险费 = 本合同的当期保险费×[1-(当期实际经过天数/当期实际天数)]×（1-35%）；经过天数不足一天的按一天计算，如本合同已发生保险金给付，未满期净保险费为零；如被保险人或其家庭成员已使用本保单中的增值服务权益，退保不退还保费。
``` 
vs
 ```
7.   退保申请时间在保单生效日 2 天内，保单可全额退保；退保申请时间在保单生效日 2 天后，保险人收到退保申请和相关证明文件、资料之日起30日内退还未满期净保险费。如投保人在本合同成立时选择交清保险费，未满期净保险费=保险费×[1-(保险单已经过天数/保险期间天数)]×（1-35%）× 75%；如投保人在本合同成立时选择保费分期交付方式，未满期净保险费 = 本合同的当期保险费×[1-(当期实际经过天数/当期实际天数)]×（1-35%）；经过天数不足一天的按一天计算，如本合同已发生保险金给付，未满期净保险费为零；如被保险人或其家庭成员已使用本保单中的增值服务权益，退保不退还保费。投保人通过保险人同意或认可的网站等互联网渠道提出对本合同进行解除保险合同，视为投保人书面申请。
``` 
>>> result=<res>文本冲突</res>
<冲突文本段>：
- 片段1中，犹豫期后退保的未满期净保险费计算公式为：保险费×[1-(保险单已经过天数/保险期间天数)]×（1-35%）；
- 片段2中，犹豫期后退保的未满期净保险费计算公式为：保险费×[1-(保险单已经过天数/保险期间天数)]×（1-35%）× 75%。

这两个公式存在明显的差异，导致退保金额不同。
2025-07-08 22:07:00 - block_text_comparison.py:120 - results: [True, False]
2025-07-08 22:07:00 - block_text_comparison.py:128 - ===============cnt=68 || material_id='m_00055a' || rule='退保条款' || end_result=False===============
2025-07-08 22:07:00 - block_text_comparison.py:76 - ===============skip cnt：70 || material_id='m_00057a' || rule='续保条款' || end_result=True===============
2025-07-08 22:07:00 - block_text_comparison.py:76 - ===============skip cnt：71 || material_id='m_00058a' || rule='续保条款' || end_result=True===============
2025-07-08 22:07:00 - block_text_comparison.py:76 - ===============skip cnt：72 || material_id='m_00059a' || rule='责任免除' || end_result=True===============
2025-07-08 22:07:00 - block_text_comparison.py:76 - ===============skip cnt：73 || material_id='m_00060a' || rule='基础产品销售信息' || end_result=False===============
2025-07-08 22:07:00 - block_text_comparison.py:76 - ===============skip cnt：74 || material_id='m_00061a' || rule='投保条款' || end_result=False===============
2025-07-08 22:07:00 - block_text_comparison.py:76 - ===============skip cnt：75 || material_id='m_00062a' || rule='赔付 & 领取规则' || end_result=False===============
2025-07-08 22:07:00 - block_text_comparison.py:76 - ===============skip cnt：76 || material_id='m_00056a' || rule='续保条款' || end_result=True===============
2025-07-08 22:07:00 - block_text_comparison.py:76 - ===============skip cnt：77 || material_id='m_00063a' || rule='保障责任' || end_result=True===============
2025-07-08 22:07:00 - block_text_comparison.py:76 - ===============skip cnt：78 || material_id='m_00064a' || rule='保障责任' || end_result=True===============
2025-07-08 22:07:00 - block_text_comparison.py:76 - ===============skip cnt：79 || material_id='m_00047a' || rule='保障相关时间' || end_result=True===============
2025-07-08 22:07:00 - block_text_comparison.py:76 - ===============skip cnt：80 || material_id='m_00065a' || rule='基础产品销售信息' || end_result=True===============
2025-07-08 22:07:00 - block_text_comparison.py:76 - ===============skip cnt：81 || material_id='m_00066a' || rule='出险条款' || end_result=True===============
2025-07-08 22:07:00 - block_text_comparison.py:76 - ===============skip cnt：82 || material_id='m_00067a' || rule='投保条款' || end_result=False===============
2025-07-08 22:07:00 - block_text_comparison.py:76 - ===============skip cnt：83 || material_id='m_00068a' || rule='赔付 & 领取规则' || end_result=False===============
2025-07-08 22:07:00 - block_text_comparison.py:76 - ===============skip cnt：84 || material_id='m_00069a' || rule='保障责任' || end_result=False===============
2025-07-08 22:07:00 - block_text_comparison.py:76 - ===============skip cnt：85 || material_id='m_00061a' || rule='赔付 & 领取规则' || end_result=True===============
2025-07-08 22:07:00 - block_text_comparison.py:76 - ===============skip cnt：86 || material_id='m_00070a' || rule='赔付 & 领取规则' || end_result=False===============
2025-07-08 22:07:00 - block_text_comparison.py:76 - ===============skip cnt：87 || material_id='m_00071a' || rule='术语解释' || end_result=True===============
2025-07-08 22:07:00 - block_text_comparison.py:76 - ===============skip cnt：88 || material_id='m_00072a' || rule='保障相关时间' || end_result=True===============
2025-07-08 22:07:00 - block_text_comparison.py:76 - ===============skip cnt：89 || material_id='m_00073a' || rule='保障责任' || end_result=True===============
2025-07-08 22:07:00 - block_text_comparison.py:76 - ===============skip cnt：90 || material_id='m_00036a' || rule='赔付 & 领取规则' || end_result=False===============
2025-07-08 22:07:00 - block_text_comparison.py:76 - ===============skip cnt：91 || material_id='m_00074a' || rule='附加条款' || end_result=True===============
2025-07-08 22:07:00 - block_text_comparison.py:76 - ===============skip cnt：92 || material_id='m_00036a' || rule='投保条款' || end_result=False===============
2025-07-08 22:07:00 - block_text_comparison.py:76 - ===============skip cnt：93 || material_id='m_00075a' || rule='投保条款' || end_result=False===============
2025-07-08 22:07:00 - block_text_comparison.py:76 - ===============skip cnt：94 || material_id='m_00076a' || rule='保障相关时间' || end_result=True===============
2025-07-08 22:07:00 - block_text_comparison.py:76 - ===============skip cnt：95 || material_id='m_00077a' || rule='出险条款' || end_result=True===============
2025-07-08 22:07:00 - block_text_comparison.py:76 - ===============skip cnt：96 || material_id='m_00078a' || rule='投保条款' || end_result=True===============
2025-07-08 22:07:00 - block_text_comparison.py:76 - ===============skip cnt：97 || material_id='m_00079a' || rule='赔付 & 领取规则' || end_result=False===============
2025-07-08 22:07:00 - block_text_comparison.py:76 - ===============skip cnt：98 || material_id='m_00080a' || rule='投保条款' || end_result=False===============
2025-07-08 22:07:00 - block_text_comparison.py:76 - ===============skip cnt：99 || material_id='m_00081a' || rule='附加条款' || end_result=True===============
2025-07-08 22:07:00 - block_text_comparison.py:76 - ===============skip cnt：100 || material_id='m_00039a' || rule='赔付 & 领取规则' || end_result=False===============
2025-07-08 22:07:00 - block_text_comparison.py:76 - ===============skip cnt：101 || material_id='m_00082a' || rule='投保条款' || end_result=True===============
2025-07-08 22:07:00 - block_text_comparison.py:76 - ===============skip cnt：102 || material_id='m_00083a' || rule='投保条款' || end_result=False===============
2025-07-08 22:07:00 - block_text_comparison.py:76 - ===============skip cnt：103 || material_id='m_00084a' || rule='保障相关时间' || end_result=True===============
2025-07-08 22:07:00 - block_text_comparison.py:76 - ===============skip cnt：104 || material_id='m_00075a' || rule='保障相关时间' || end_result=True===============
2025-07-08 22:07:00 - block_text_comparison.py:76 - ===============skip cnt：105 || material_id='m_00085a' || rule='赔付 & 领取规则' || end_result=False===============
2025-07-08 22:07:00 - block_text_comparison.py:76 - ===============skip cnt：106 || material_id='m_00013a' || rule='续保条款' || end_result=True===============
2025-07-08 22:07:00 - block_text_comparison.py:76 - ===============skip cnt：107 || material_id='m_00055a' || rule='保障责任' || end_result=True===============
2025-07-08 22:07:00 - block_text_comparison.py:76 - ===============skip cnt：108 || material_id='m_00086a' || rule='赔付 & 领取规则' || end_result=False===============
2025-07-08 22:07:00 - block_text_comparison.py:76 - ===============skip cnt：109 || material_id='m_00087a' || rule='投保条款' || end_result=True===============
2025-07-08 22:07:00 - block_text_comparison.py:76 - ===============skip cnt：110 || material_id='m_00088a' || rule='赔付 & 领取规则' || end_result=False===============
2025-07-08 22:07:00 - block_text_comparison.py:76 - ===============skip cnt：111 || material_id='m_00089a' || rule='附加条款' || end_result=True===============
2025-07-08 22:07:00 - block_text_comparison.py:76 - ===============skip cnt：112 || material_id='m_00005a' || rule='保障相关时间' || end_result=True===============
2025-07-08 22:07:00 - block_text_comparison.py:76 - ===============skip cnt：113 || material_id='m_00017a' || rule='保障相关时间' || end_result=False===============
2025-07-08 22:07:00 - block_text_comparison.py:76 - ===============skip cnt：114 || material_id='m_00090a' || rule='附加条款' || end_result=False===============
2025-07-08 22:07:00 - block_text_comparison.py:76 - ===============skip cnt：115 || material_id='m_00091a' || rule='保障责任' || end_result=True===============
2025-07-08 22:07:00 - block_text_comparison.py:76 - ===============skip cnt：116 || material_id='m_00036a' || rule='责任免除' || end_result=False===============
2025-07-08 22:07:00 - block_text_comparison.py:76 - ===============skip cnt：117 || material_id='m_00092a' || rule='赔付 & 领取规则' || end_result=False===============
2025-07-08 22:07:00 - block_text_comparison.py:76 - ===============skip cnt：118 || material_id='m_00093a' || rule='投保条款' || end_result=True===============
2025-07-08 22:07:00 - block_text_comparison.py:76 - ===============skip cnt：119 || material_id='m_00034a' || rule='投保条款' || end_result=False===============
2025-07-08 22:07:00 - block_text_comparison.py:76 - ===============skip cnt：120 || material_id='m_00094a' || rule='责任免除' || end_result=False===============
2025-07-08 22:07:00 - block_text_comparison.py:84 - ===============cnt：120 || material_id='m_00095a' || rule='退保条款' || label=None===============
2025-07-08 22:07:00 - block_text_comparison.py:90 - load data data/clean_data_qwen2.5-72b-instruct/materials/m_00095a/ADDITIONAL_AGREEMENT/退保条款.txt...
2025-07-08 22:07:00 - block_text_comparison.py:90 - load data data/clean_data_qwen2.5-72b-instruct/materials/m_00095a/CLAUSE/退保条款.txt...
2025-07-08 22:07:00 - block_text_comparison.py:90 - load data data/clean_data_qwen2.5-72b-instruct/materials/m_00095a/INSURE_NOTICE/退保条款.txt...
2025-07-08 22:07:00 - block_text_comparison.py:90 - load data data/clean_data_qwen2.5-72b-instruct/materials/m_00095a/LIABILITY_EXCLUSION/退保条款.txt...
2025-07-08 22:07:00 - block_text_comparison.py:104 - ===============<=1 cnt=120 || material_id='m_00095a' || rule='退保条款' || end_result=False===============
2025-07-08 22:07:00 - block_text_comparison.py:76 - ===============skip cnt：122 || material_id='m_00096a' || rule='基础产品销售信息' || end_result=True===============
2025-07-08 22:07:00 - block_text_comparison.py:76 - ===============skip cnt：123 || material_id='m_00046a' || rule='责任免除' || end_result=True===============
2025-07-08 22:07:00 - block_text_comparison.py:76 - ===============skip cnt：124 || material_id='m_00097a' || rule='附加条款' || end_result=True===============
2025-07-08 22:07:00 - block_text_comparison.py:76 - ===============skip cnt：125 || material_id='m_00016a' || rule='投保条款' || end_result=False===============
2025-07-08 22:07:00 - block_text_comparison.py:76 - ===============skip cnt：126 || material_id='m_00063a' || rule='附加条款' || end_result=True===============
2025-07-08 22:07:00 - block_text_comparison.py:76 - ===============skip cnt：127 || material_id='m_00098a' || rule='出险条款' || end_result=False===============
2025-07-08 22:07:00 - block_text_comparison.py:84 - ===============cnt：127 || material_id='m_00067a' || rule='退保条款' || label=None===============
2025-07-08 22:07:00 - block_text_comparison.py:90 - load data data/clean_data_qwen2.5-72b-instruct/materials/m_00067a/ADDITIONAL_AGREEMENT/退保条款.txt...
2025-07-08 22:07:00 - block_text_comparison.py:90 - load data data/clean_data_qwen2.5-72b-instruct/materials/m_00067a/CLAUSE/退保条款.txt...
2025-07-08 22:07:00 - block_text_comparison.py:90 - load data data/clean_data_qwen2.5-72b-instruct/materials/m_00067a/HEAD_IMG/退保条款.txt...
2025-07-08 22:07:00 - block_text_comparison.py:90 - load data data/clean_data_qwen2.5-72b-instruct/materials/m_00067a/INSURE_NOTICE/退保条款.txt...
2025-07-08 22:07:00 - block_text_comparison.py:90 - load data data/clean_data_qwen2.5-72b-instruct/materials/m_00067a/INTRODUCE_IMG/退保条款.txt...
2025-07-08 22:07:00 - block_text_comparison.py:90 - load data data/clean_data_qwen2.5-72b-instruct/materials/m_00067a/PRODUCT_MANUAL/退保条款.txt...
2025-07-08 22:07:01 - block_text_comparison.py:116 - ```
``` 
vs
 ```
5.5 诉讼时效 您于签收本合同当日起，有15日的犹豫期。若您在此期间提出解除本合同，需要填写书面申请书，并提供您的保险合同及有效身份证件。自您书面申请解除本合同之日起，本合同即被解除，我们自始不承担保险责任。本合同解除后30日内，我们无息退还您已交保险费。
6.1 犹豫期 若您在犹豫期后至个人账户注销之前申请解除本合同，请填写解除合同申请书并向我们提供下列资料：（1）保险合同；（2）您的有效身份证件。自我们收到解除合同申请书时起，本合同终止，同时注销个人账户。我们自收到解除合同申请书之日起30日内向您退还本合同解除之日的现金价值（见6.3）。您犹豫期后解除合同会遭受一定损失。
6.2 您解除合同的手续及风险 （一）在本合同生效日后至个人账户注销之前，现金价值按如下规则计算：（1）本合同第1个保单年度至第5个保单年度的现金价值为您已交保险费（不计利息）的一定比例，具体比例如下：
解除合同时所在保单年度 第1个保单年度 95% 第2个保单年度 97% 第3个保单年度 99% 第4个保单年度 100% 第5个保单年度 100%
（2）本合同第6个保单年度至第10个保单年度的现金价值为以下两者之和：①您已交保险费（不计利息）；②账户累计收益10的75%。
（3）本合同第11个保单年度及以后的现金价值为以下两者之和：①您已交保险费（不计利息）；②账户累计收益的90%。
（二）个人账户注销之日零时起，现金价值为零。
6.3 现金价值 在本合同有效期内，若被保险人在犹豫期后发生下述两种情形，您可以申请特殊解除合同：（1）患有本合同约定的重大疾病11；（2）因意外伤害导致伤残，且伤残程度达到人身保险伤残评定标准121-3级。若您申请特殊解除合同时尚未开始领取养老年金或重度失能保险金，则我们退还申请特殊解除合同时的个人账户价值，同时注销个人账户；若您申请特殊解除合同时已经开始领取养老年金或重度失能保险金，则我们按下述方式给付退保金额：（1）若您选择保证返还账户价值终身月领（或年领）方式，我们退还个人账户注销之日零时的个人账户价值与已给付的保险金总和（不计利息）的差额。（2）若您选择固定期限10（或15、20、25）年月领（或年领），我们按以下两者中的较大者退还：①固定领取期内尚未给付的保险金之和（不计利息）；②个人账户注销之日零时的个人账户价值与已给付的保险金总和（不计利息）的差额。您因被保险人发生上述情形申请特殊解除合同时，应填写解除合同申请书，并提供下列证明和资料：（1）保险合同；（2）您的有效身份证件；（3）下表所示的各类情形时须提供的特殊证明和资料：
6.4 特殊解除合同政策 投保人：须具有完全民事行为能力且对被保险人具有保险利益。被保险人：须出生28日（含）以上、85周岁（含）以下且符合我们规定。
``` 
>>> result=<res>文本一致</res>
<冲突文本段>：无。
2025-07-08 22:07:02 - block_text_comparison.py:116 - ```
``` 
vs
 根据提供的文本内容，关于“退保条款（约定退保相关信息，包括但不限于退保条件、退保手续费等）”的信息如下：
### 退保条款
1. **犹豫期**：
   - 本合同支付成功后当日生效，犹豫期为15天，合同生效日期次日将设定为犹豫期的初始日期。
   - 犹豫期内您提出解除本合同，我们将无息退还您所支付的全部保险费。
   - 超过15天犹豫期之后退保，保险公司仅退还本合同的现金价值。
2. **您解除合同的手续及风险**：
   - 若您在犹豫期后至个人账户注销之前申请解除本合同，请填写解除合同申请书并向我们提供下列资料：
     - 保险合同；
     - 您的有效身份证件。
   - 自我们收到解除合同申请书时起，本合同终止，同时注销个人账户。
   - 我们自收到解除合同申请书之日起30日内向您退还本合同解除之日的现金价值。
   - 您犹豫期后解除合同会遭受一定损失。
3. **现金价值**：
   - 在本合同生效日后至个人账户注销之前，现金价值按如下规则计算：
     - 第1个保单年度至第5个保单年度的现金价值为您已交保险费（不计利息）的一定比例，具体比例如下：
       - 第1个保单年度：95%
       - 第2个保单年度：97%
       - 第3个保单年度：99%
       - 第4个保单年度：100%
       - 第5个保单年度：100%
     - 第6个保单年度至第10个保单年度的现金价值为以下两者之和：
       - 您已交保险费（不计利息）；
       - 账户累计收益的75%。
     - 第11个保单年度及以后的现金价值为以下两者之和：
       - 您已交保险费（不计利息）；
       - 账户累计收益的90%。
     - 个人账户注销之日零时起，现金价值为零。
4. **特殊解除合同政策**：
   - 在本合同有效期内，若被保险人在犹豫期后发生下述两种情形，您可以申请特殊解除合同：
     - 患有本合同约定的重大疾病；
     - 因意外伤害导致伤残，且伤残程度达到人身保险伤残评定标准1-3级。
   - 若您申请特殊解除合同时尚未开始领取养老金或重度失能保险金，则我们退还申请特殊解除合同时的个人账户价值，同时注销个人账户。
   - 若您申请特殊解除合同时已经开始领取养老金或重度失能保险金，则我们按下述方式给付退保金额：
     - 若您选择保证返还账户价值终身月领（或年领）方式，我们退还个人账户注销之日零时的个人账户价值与已给付的保险金总和（不计利息）的差额。
     - 若您选择固定期限10（或15、20、25）年月领（或年领），我们按以下两者中的较大者退还：
       - 固定领取期内尚未给付的保险金之和（不计利息）；
       - 个人账户注销之日零时的个人账户价值与已给付的保险金总和（不计利息）的差额。
   - 您因被保险人发生上述情形申请特殊解除合同时，应填写解除合同申请书，并提供下列证明和资料：
     - 保险合同；
     - 您的有效身份证件；
     - 患重大疾病：我们认可的医院的专科医生出具的附有病历、必要病理检验、血液检验及其他科学方法检验报告的疾病诊断书；
     - 意外伤害导致伤残：国家相关部门依法指定或委托的鉴定机构以及我们认可的鉴定机构出具的被保险人伤残程度鉴定书；
     - 特殊解除合同时需要的其他相关材料。
   - 自我们收到解除合同申请书时起，本合同终止，我们自收到解除合同申请书之日起30日内向您退还本合同特殊解除之日的退保金额。 
>>> result=<res>文本一致</res>
<冲突文本段>：无。
2025-07-08 22:07:03 - block_text_comparison.py:116 - ```
``` 
vs
 犹豫期后退保会遭受一定损失。 
>>> result=<res>文本一致</res>
<冲突文本段>：无。
2025-07-08 22:07:04 - block_text_comparison.py:116 - ```
``` 
vs
 ```plaintext
（二）合同解除（退保） 
若您在犹豫期后至个人账户注销之前申请解除本合同，自我们收到解除合同申请书时起，本合同终
止，同时注销个人账户。我们自收到解除合同申请书之日起 30 日内向您退还本合同解除之日的现金价
值。 
您犹豫期后解除合同会遭受一定损失。 
（三）现金价值 
1.在本合同生效日后至个人账户注销之前，现金价值按如下规则计算： 
（1）本合同第 1 个保单年度至第 5 个保单年度的现金价值为您已交保险费（不计利息）的一定比
例，具体比例如下： 
解除合同时所在保单年度 具体比例 
第 1 个保单年度 95% 
第 2 个保单年度 97% 
第 3 个保单年度 99% 
第 4 个保单年度 100% 
第 5 个保单年度 100% 
（2）本合同第 6 个保单年度至第 10 个保单年度的现金价值为以下两者之和： 
①您已交保险费（不计利息）； 
②账户累计收益的 75%。 
（3）本合同第 11 个保单年度及以后的现金价值为以下两者之和： 
①您已交保险费（不计利息）； 
②账户累计收益的 90%。 
2.个人账户注销之日零时起，现金价值为零。 
（四）特殊解除合同政策 
在本合同有效期内，若被保险人在犹豫期后发生下述两种情形，您可以申请特殊解除合同： 
（1）患有本合同约定的重大疾病； 
（2）因意外伤害导致伤残，且伤残程度达到人身保险伤残评定标准 1-3 级。 
若您申请特殊解除合同时尚未开始领取养老年金或重度失能保险金，则我们退还申请特殊解除合同
时的个人账户价值，同时注销个人账户；若您申请特殊解除合同时已经开始领取养老年金或重度失能保
险金，则我们按下述方式给付退保金额： 
（1）若您选择保证返还账户价值终身月领（或年领）方式，我们退还个人账户注销之日零时的个
人账户价值与已给付的保险金总和（不计利息）的差额。 
（2）若您选择固定期限 10（或 15、20、25）年月领（或年领），我们按以下两者中的较大者退还： 
①固定领取期内尚未给付的保险金之和（不计利息）； 
②个人账户注销之日零时的个人账户价值与已给付的保险金总和（不计利息）的差额。 
您因被保险人发生上述情形申请特殊解除合同，自我们收到解除合同申请书时起，本合同终止，我
们自收到解除合同申请书之日起 30 日内向您退还本合同特殊解除之日的退保金额。
``` 
>>> result=<res>文本一致</res>
<冲突文本段>：无。
2025-07-08 22:07:05 - block_text_comparison.py:116 - ```
5.5 诉讼时效 您于签收本合同当日起，有15日的犹豫期。若您在此期间提出解除本合同，需要填写书面申请书，并提供您的保险合同及有效身份证件。自您书面申请解除本合同之日起，本合同即被解除，我们自始不承担保险责任。本合同解除后30日内，我们无息退还您已交保险费。
6.1 犹豫期 若您在犹豫期后至个人账户注销之前申请解除本合同，请填写解除合同申请书并向我们提供下列资料：（1）保险合同；（2）您的有效身份证件。自我们收到解除合同申请书时起，本合同终止，同时注销个人账户。我们自收到解除合同申请书之日起30日内向您退还本合同解除之日的现金价值（见6.3）。您犹豫期后解除合同会遭受一定损失。
6.2 您解除合同的手续及风险 （一）在本合同生效日后至个人账户注销之前，现金价值按如下规则计算：（1）本合同第1个保单年度至第5个保单年度的现金价值为您已交保险费（不计利息）的一定比例，具体比例如下：
解除合同时所在保单年度 第1个保单年度 95% 第2个保单年度 97% 第3个保单年度 99% 第4个保单年度 100% 第5个保单年度 100%
（2）本合同第6个保单年度至第10个保单年度的现金价值为以下两者之和：①您已交保险费（不计利息）；②账户累计收益10的75%。
（3）本合同第11个保单年度及以后的现金价值为以下两者之和：①您已交保险费（不计利息）；②账户累计收益的90%。
（二）个人账户注销之日零时起，现金价值为零。
6.3 现金价值 在本合同有效期内，若被保险人在犹豫期后发生下述两种情形，您可以申请特殊解除合同：（1）患有本合同约定的重大疾病11；（2）因意外伤害导致伤残，且伤残程度达到人身保险伤残评定标准121-3级。若您申请特殊解除合同时尚未开始领取养老年金或重度失能保险金，则我们退还申请特殊解除合同时的个人账户价值，同时注销个人账户；若您申请特殊解除合同时已经开始领取养老年金或重度失能保险金，则我们按下述方式给付退保金额：（1）若您选择保证返还账户价值终身月领（或年领）方式，我们退还个人账户注销之日零时的个人账户价值与已给付的保险金总和（不计利息）的差额。（2）若您选择固定期限10（或15、20、25）年月领（或年领），我们按以下两者中的较大者退还：①固定领取期内尚未给付的保险金之和（不计利息）；②个人账户注销之日零时的个人账户价值与已给付的保险金总和（不计利息）的差额。您因被保险人发生上述情形申请特殊解除合同时，应填写解除合同申请书，并提供下列证明和资料：（1）保险合同；（2）您的有效身份证件；（3）下表所示的各类情形时须提供的特殊证明和资料：
6.4 特殊解除合同政策 投保人：须具有完全民事行为能力且对被保险人具有保险利益。被保险人：须出生28日（含）以上、85周岁（含）以下且符合我们规定。
``` 
vs
 根据提供的文本内容，关于“退保条款（约定退保相关信息，包括但不限于退保条件、退保手续费等）”的信息如下：
### 退保条款
1. **犹豫期**：
   - 本合同支付成功后当日生效，犹豫期为15天，合同生效日期次日将设定为犹豫期的初始日期。
   - 犹豫期内您提出解除本合同，我们将无息退还您所支付的全部保险费。
   - 超过15天犹豫期之后退保，保险公司仅退还本合同的现金价值。
2. **您解除合同的手续及风险**：
   - 若您在犹豫期后至个人账户注销之前申请解除本合同，请填写解除合同申请书并向我们提供下列资料：
     - 保险合同；
     - 您的有效身份证件。
   - 自我们收到解除合同申请书时起，本合同终止，同时注销个人账户。
   - 我们自收到解除合同申请书之日起30日内向您退还本合同解除之日的现金价值。
   - 您犹豫期后解除合同会遭受一定损失。
3. **现金价值**：
   - 在本合同生效日后至个人账户注销之前，现金价值按如下规则计算：
     - 第1个保单年度至第5个保单年度的现金价值为您已交保险费（不计利息）的一定比例，具体比例如下：
       - 第1个保单年度：95%
       - 第2个保单年度：97%
       - 第3个保单年度：99%
       - 第4个保单年度：100%
       - 第5个保单年度：100%
     - 第6个保单年度至第10个保单年度的现金价值为以下两者之和：
       - 您已交保险费（不计利息）；
       - 账户累计收益的75%。
     - 第11个保单年度及以后的现金价值为以下两者之和：
       - 您已交保险费（不计利息）；
       - 账户累计收益的90%。
     - 个人账户注销之日零时起，现金价值为零。
4. **特殊解除合同政策**：
   - 在本合同有效期内，若被保险人在犹豫期后发生下述两种情形，您可以申请特殊解除合同：
     - 患有本合同约定的重大疾病；
     - 因意外伤害导致伤残，且伤残程度达到人身保险伤残评定标准1-3级。
   - 若您申请特殊解除合同时尚未开始领取养老金或重度失能保险金，则我们退还申请特殊解除合同时的个人账户价值，同时注销个人账户。
   - 若您申请特殊解除合同时已经开始领取养老金或重度失能保险金，则我们按下述方式给付退保金额：
     - 若您选择保证返还账户价值终身月领（或年领）方式，我们退还个人账户注销之日零时的个人账户价值与已给付的保险金总和（不计利息）的差额。
     - 若您选择固定期限10（或15、20、25）年月领（或年领），我们按以下两者中的较大者退还：
       - 固定领取期内尚未给付的保险金之和（不计利息）；
       - 个人账户注销之日零时的个人账户价值与已给付的保险金总和（不计利息）的差额。
   - 您因被保险人发生上述情形申请特殊解除合同时，应填写解除合同申请书，并提供下列证明和资料：
     - 保险合同；
     - 您的有效身份证件；
     - 患重大疾病：我们认可的医院的专科医生出具的附有病历、必要病理检验、血液检验及其他科学方法检验报告的疾病诊断书；
     - 意外伤害导致伤残：国家相关部门依法指定或委托的鉴定机构以及我们认可的鉴定机构出具的被保险人伤残程度鉴定书；
     - 特殊解除合同时需要的其他相关材料。
   - 自我们收到解除合同申请书时起，本合同终止，我们自收到解除合同申请书之日起30日内向您退还本合同特殊解除之日的退保金额。 
>>> result=<res>文本一致</res>
<冲突文本段>：无。
2025-07-08 22:07:06 - block_text_comparison.py:116 - ```
5.5 诉讼时效 您于签收本合同当日起，有15日的犹豫期。若您在此期间提出解除本合同，需要填写书面申请书，并提供您的保险合同及有效身份证件。自您书面申请解除本合同之日起，本合同即被解除，我们自始不承担保险责任。本合同解除后30日内，我们无息退还您已交保险费。
6.1 犹豫期 若您在犹豫期后至个人账户注销之前申请解除本合同，请填写解除合同申请书并向我们提供下列资料：（1）保险合同；（2）您的有效身份证件。自我们收到解除合同申请书时起，本合同终止，同时注销个人账户。我们自收到解除合同申请书之日起30日内向您退还本合同解除之日的现金价值（见6.3）。您犹豫期后解除合同会遭受一定损失。
6.2 您解除合同的手续及风险 （一）在本合同生效日后至个人账户注销之前，现金价值按如下规则计算：（1）本合同第1个保单年度至第5个保单年度的现金价值为您已交保险费（不计利息）的一定比例，具体比例如下：
解除合同时所在保单年度 第1个保单年度 95% 第2个保单年度 97% 第3个保单年度 99% 第4个保单年度 100% 第5个保单年度 100%
（2）本合同第6个保单年度至第10个保单年度的现金价值为以下两者之和：①您已交保险费（不计利息）；②账户累计收益10的75%。
（3）本合同第11个保单年度及以后的现金价值为以下两者之和：①您已交保险费（不计利息）；②账户累计收益的90%。
（二）个人账户注销之日零时起，现金价值为零。
6.3 现金价值 在本合同有效期内，若被保险人在犹豫期后发生下述两种情形，您可以申请特殊解除合同：（1）患有本合同约定的重大疾病11；（2）因意外伤害导致伤残，且伤残程度达到人身保险伤残评定标准121-3级。若您申请特殊解除合同时尚未开始领取养老年金或重度失能保险金，则我们退还申请特殊解除合同时的个人账户价值，同时注销个人账户；若您申请特殊解除合同时已经开始领取养老年金或重度失能保险金，则我们按下述方式给付退保金额：（1）若您选择保证返还账户价值终身月领（或年领）方式，我们退还个人账户注销之日零时的个人账户价值与已给付的保险金总和（不计利息）的差额。（2）若您选择固定期限10（或15、20、25）年月领（或年领），我们按以下两者中的较大者退还：①固定领取期内尚未给付的保险金之和（不计利息）；②个人账户注销之日零时的个人账户价值与已给付的保险金总和（不计利息）的差额。您因被保险人发生上述情形申请特殊解除合同时，应填写解除合同申请书，并提供下列证明和资料：（1）保险合同；（2）您的有效身份证件；（3）下表所示的各类情形时须提供的特殊证明和资料：
6.4 特殊解除合同政策 投保人：须具有完全民事行为能力且对被保险人具有保险利益。被保险人：须出生28日（含）以上、85周岁（含）以下且符合我们规定。
``` 
vs
 犹豫期后退保会遭受一定损失。 
>>> result=<res>文本一致</res>
<冲突文本段>：无。
2025-07-08 22:07:07 - block_text_comparison.py:116 - ```
5.5 诉讼时效 您于签收本合同当日起，有15日的犹豫期。若您在此期间提出解除本合同，需要填写书面申请书，并提供您的保险合同及有效身份证件。自您书面申请解除本合同之日起，本合同即被解除，我们自始不承担保险责任。本合同解除后30日内，我们无息退还您已交保险费。
6.1 犹豫期 若您在犹豫期后至个人账户注销之前申请解除本合同，请填写解除合同申请书并向我们提供下列资料：（1）保险合同；（2）您的有效身份证件。自我们收到解除合同申请书时起，本合同终止，同时注销个人账户。我们自收到解除合同申请书之日起30日内向您退还本合同解除之日的现金价值（见6.3）。您犹豫期后解除合同会遭受一定损失。
6.2 您解除合同的手续及风险 （一）在本合同生效日后至个人账户注销之前，现金价值按如下规则计算：（1）本合同第1个保单年度至第5个保单年度的现金价值为您已交保险费（不计利息）的一定比例，具体比例如下：
解除合同时所在保单年度 第1个保单年度 95% 第2个保单年度 97% 第3个保单年度 99% 第4个保单年度 100% 第5个保单年度 100%
（2）本合同第6个保单年度至第10个保单年度的现金价值为以下两者之和：①您已交保险费（不计利息）；②账户累计收益10的75%。
（3）本合同第11个保单年度及以后的现金价值为以下两者之和：①您已交保险费（不计利息）；②账户累计收益的90%。
（二）个人账户注销之日零时起，现金价值为零。
6.3 现金价值 在本合同有效期内，若被保险人在犹豫期后发生下述两种情形，您可以申请特殊解除合同：（1）患有本合同约定的重大疾病11；（2）因意外伤害导致伤残，且伤残程度达到人身保险伤残评定标准121-3级。若您申请特殊解除合同时尚未开始领取养老年金或重度失能保险金，则我们退还申请特殊解除合同时的个人账户价值，同时注销个人账户；若您申请特殊解除合同时已经开始领取养老年金或重度失能保险金，则我们按下述方式给付退保金额：（1）若您选择保证返还账户价值终身月领（或年领）方式，我们退还个人账户注销之日零时的个人账户价值与已给付的保险金总和（不计利息）的差额。（2）若您选择固定期限10（或15、20、25）年月领（或年领），我们按以下两者中的较大者退还：①固定领取期内尚未给付的保险金之和（不计利息）；②个人账户注销之日零时的个人账户价值与已给付的保险金总和（不计利息）的差额。您因被保险人发生上述情形申请特殊解除合同时，应填写解除合同申请书，并提供下列证明和资料：（1）保险合同；（2）您的有效身份证件；（3）下表所示的各类情形时须提供的特殊证明和资料：
6.4 特殊解除合同政策 投保人：须具有完全民事行为能力且对被保险人具有保险利益。被保险人：须出生28日（含）以上、85周岁（含）以下且符合我们规定。
``` 
vs
 ```plaintext
（二）合同解除（退保） 
若您在犹豫期后至个人账户注销之前申请解除本合同，自我们收到解除合同申请书时起，本合同终
止，同时注销个人账户。我们自收到解除合同申请书之日起 30 日内向您退还本合同解除之日的现金价
值。 
您犹豫期后解除合同会遭受一定损失。 
（三）现金价值 
1.在本合同生效日后至个人账户注销之前，现金价值按如下规则计算： 
（1）本合同第 1 个保单年度至第 5 个保单年度的现金价值为您已交保险费（不计利息）的一定比
例，具体比例如下： 
解除合同时所在保单年度 具体比例 
第 1 个保单年度 95% 
第 2 个保单年度 97% 
第 3 个保单年度 99% 
第 4 个保单年度 100% 
第 5 个保单年度 100% 
（2）本合同第 6 个保单年度至第 10 个保单年度的现金价值为以下两者之和： 
①您已交保险费（不计利息）； 
②账户累计收益的 75%。 
（3）本合同第 11 个保单年度及以后的现金价值为以下两者之和： 
①您已交保险费（不计利息）； 
②账户累计收益的 90%。 
2.个人账户注销之日零时起，现金价值为零。 
（四）特殊解除合同政策 
在本合同有效期内，若被保险人在犹豫期后发生下述两种情形，您可以申请特殊解除合同： 
（1）患有本合同约定的重大疾病； 
（2）因意外伤害导致伤残，且伤残程度达到人身保险伤残评定标准 1-3 级。 
若您申请特殊解除合同时尚未开始领取养老年金或重度失能保险金，则我们退还申请特殊解除合同
时的个人账户价值，同时注销个人账户；若您申请特殊解除合同时已经开始领取养老年金或重度失能保
险金，则我们按下述方式给付退保金额： 
（1）若您选择保证返还账户价值终身月领（或年领）方式，我们退还个人账户注销之日零时的个
人账户价值与已给付的保险金总和（不计利息）的差额。 
（2）若您选择固定期限 10（或 15、20、25）年月领（或年领），我们按以下两者中的较大者退还： 
①固定领取期内尚未给付的保险金之和（不计利息）； 
②个人账户注销之日零时的个人账户价值与已给付的保险金总和（不计利息）的差额。 
您因被保险人发生上述情形申请特殊解除合同，自我们收到解除合同申请书时起，本合同终止，我
们自收到解除合同申请书之日起 30 日内向您退还本合同特殊解除之日的退保金额。
``` 
>>> result=<res>文本一致</res>
<冲突文本段>：无。
2025-07-08 22:07:08 - block_text_comparison.py:116 - 根据提供的文本内容，关于“退保条款（约定退保相关信息，包括但不限于退保条件、退保手续费等）”的信息如下：
### 退保条款
1. **犹豫期**：
   - 本合同支付成功后当日生效，犹豫期为15天，合同生效日期次日将设定为犹豫期的初始日期。
   - 犹豫期内您提出解除本合同，我们将无息退还您所支付的全部保险费。
   - 超过15天犹豫期之后退保，保险公司仅退还本合同的现金价值。
2. **您解除合同的手续及风险**：
   - 若您在犹豫期后至个人账户注销之前申请解除本合同，请填写解除合同申请书并向我们提供下列资料：
     - 保险合同；
     - 您的有效身份证件。
   - 自我们收到解除合同申请书时起，本合同终止，同时注销个人账户。
   - 我们自收到解除合同申请书之日起30日内向您退还本合同解除之日的现金价值。
   - 您犹豫期后解除合同会遭受一定损失。
3. **现金价值**：
   - 在本合同生效日后至个人账户注销之前，现金价值按如下规则计算：
     - 第1个保单年度至第5个保单年度的现金价值为您已交保险费（不计利息）的一定比例，具体比例如下：
       - 第1个保单年度：95%
       - 第2个保单年度：97%
       - 第3个保单年度：99%
       - 第4个保单年度：100%
       - 第5个保单年度：100%
     - 第6个保单年度至第10个保单年度的现金价值为以下两者之和：
       - 您已交保险费（不计利息）；
       - 账户累计收益的75%。
     - 第11个保单年度及以后的现金价值为以下两者之和：
       - 您已交保险费（不计利息）；
       - 账户累计收益的90%。
     - 个人账户注销之日零时起，现金价值为零。
4. **特殊解除合同政策**：
   - 在本合同有效期内，若被保险人在犹豫期后发生下述两种情形，您可以申请特殊解除合同：
     - 患有本合同约定的重大疾病；
     - 因意外伤害导致伤残，且伤残程度达到人身保险伤残评定标准1-3级。
   - 若您申请特殊解除合同时尚未开始领取养老金或重度失能保险金，则我们退还申请特殊解除合同时的个人账户价值，同时注销个人账户。
   - 若您申请特殊解除合同时已经开始领取养老金或重度失能保险金，则我们按下述方式给付退保金额：
     - 若您选择保证返还账户价值终身月领（或年领）方式，我们退还个人账户注销之日零时的个人账户价值与已给付的保险金总和（不计利息）的差额。
     - 若您选择固定期限10（或15、20、25）年月领（或年领），我们按以下两者中的较大者退还：
       - 固定领取期内尚未给付的保险金之和（不计利息）；
       - 个人账户注销之日零时的个人账户价值与已给付的保险金总和（不计利息）的差额。
   - 您因被保险人发生上述情形申请特殊解除合同时，应填写解除合同申请书，并提供下列证明和资料：
     - 保险合同；
     - 您的有效身份证件；
     - 患重大疾病：我们认可的医院的专科医生出具的附有病历、必要病理检验、血液检验及其他科学方法检验报告的疾病诊断书；
     - 意外伤害导致伤残：国家相关部门依法指定或委托的鉴定机构以及我们认可的鉴定机构出具的被保险人伤残程度鉴定书；
     - 特殊解除合同时需要的其他相关材料。
   - 自我们收到解除合同申请书时起，本合同终止，我们自收到解除合同申请书之日起30日内向您退还本合同特殊解除之日的退保金额。 
vs
 犹豫期后退保会遭受一定损失。 
>>> result=<res>文本一致</res>
<冲突文本段>：无。
2025-07-08 22:07:10 - block_text_comparison.py:116 - 根据提供的文本内容，关于“退保条款（约定退保相关信息，包括但不限于退保条件、退保手续费等）”的信息如下：
### 退保条款
1. **犹豫期**：
   - 本合同支付成功后当日生效，犹豫期为15天，合同生效日期次日将设定为犹豫期的初始日期。
   - 犹豫期内您提出解除本合同，我们将无息退还您所支付的全部保险费。
   - 超过15天犹豫期之后退保，保险公司仅退还本合同的现金价值。
2. **您解除合同的手续及风险**：
   - 若您在犹豫期后至个人账户注销之前申请解除本合同，请填写解除合同申请书并向我们提供下列资料：
     - 保险合同；
     - 您的有效身份证件。
   - 自我们收到解除合同申请书时起，本合同终止，同时注销个人账户。
   - 我们自收到解除合同申请书之日起30日内向您退还本合同解除之日的现金价值。
   - 您犹豫期后解除合同会遭受一定损失。
3. **现金价值**：
   - 在本合同生效日后至个人账户注销之前，现金价值按如下规则计算：
     - 第1个保单年度至第5个保单年度的现金价值为您已交保险费（不计利息）的一定比例，具体比例如下：
       - 第1个保单年度：95%
       - 第2个保单年度：97%
       - 第3个保单年度：99%
       - 第4个保单年度：100%
       - 第5个保单年度：100%
     - 第6个保单年度至第10个保单年度的现金价值为以下两者之和：
       - 您已交保险费（不计利息）；
       - 账户累计收益的75%。
     - 第11个保单年度及以后的现金价值为以下两者之和：
       - 您已交保险费（不计利息）；
       - 账户累计收益的90%。
     - 个人账户注销之日零时起，现金价值为零。
4. **特殊解除合同政策**：
   - 在本合同有效期内，若被保险人在犹豫期后发生下述两种情形，您可以申请特殊解除合同：
     - 患有本合同约定的重大疾病；
     - 因意外伤害导致伤残，且伤残程度达到人身保险伤残评定标准1-3级。
   - 若您申请特殊解除合同时尚未开始领取养老金或重度失能保险金，则我们退还申请特殊解除合同时的个人账户价值，同时注销个人账户。
   - 若您申请特殊解除合同时已经开始领取养老金或重度失能保险金，则我们按下述方式给付退保金额：
     - 若您选择保证返还账户价值终身月领（或年领）方式，我们退还个人账户注销之日零时的个人账户价值与已给付的保险金总和（不计利息）的差额。
     - 若您选择固定期限10（或15、20、25）年月领（或年领），我们按以下两者中的较大者退还：
       - 固定领取期内尚未给付的保险金之和（不计利息）；
       - 个人账户注销之日零时的个人账户价值与已给付的保险金总和（不计利息）的差额。
   - 您因被保险人发生上述情形申请特殊解除合同时，应填写解除合同申请书，并提供下列证明和资料：
     - 保险合同；
     - 您的有效身份证件；
     - 患重大疾病：我们认可的医院的专科医生出具的附有病历、必要病理检验、血液检验及其他科学方法检验报告的疾病诊断书；
     - 意外伤害导致伤残：国家相关部门依法指定或委托的鉴定机构以及我们认可的鉴定机构出具的被保险人伤残程度鉴定书；
     - 特殊解除合同时需要的其他相关材料。
   - 自我们收到解除合同申请书时起，本合同终止，我们自收到解除合同申请书之日起30日内向您退还本合同特殊解除之日的退保金额。 
vs
 ```plaintext
（二）合同解除（退保） 
若您在犹豫期后至个人账户注销之前申请解除本合同，自我们收到解除合同申请书时起，本合同终
止，同时注销个人账户。我们自收到解除合同申请书之日起 30 日内向您退还本合同解除之日的现金价
值。 
您犹豫期后解除合同会遭受一定损失。 
（三）现金价值 
1.在本合同生效日后至个人账户注销之前，现金价值按如下规则计算： 
（1）本合同第 1 个保单年度至第 5 个保单年度的现金价值为您已交保险费（不计利息）的一定比
例，具体比例如下： 
解除合同时所在保单年度 具体比例 
第 1 个保单年度 95% 
第 2 个保单年度 97% 
第 3 个保单年度 99% 
第 4 个保单年度 100% 
第 5 个保单年度 100% 
（2）本合同第 6 个保单年度至第 10 个保单年度的现金价值为以下两者之和： 
①您已交保险费（不计利息）； 
②账户累计收益的 75%。 
（3）本合同第 11 个保单年度及以后的现金价值为以下两者之和： 
①您已交保险费（不计利息）； 
②账户累计收益的 90%。 
2.个人账户注销之日零时起，现金价值为零。 
（四）特殊解除合同政策 
在本合同有效期内，若被保险人在犹豫期后发生下述两种情形，您可以申请特殊解除合同： 
（1）患有本合同约定的重大疾病； 
（2）因意外伤害导致伤残，且伤残程度达到人身保险伤残评定标准 1-3 级。 
若您申请特殊解除合同时尚未开始领取养老年金或重度失能保险金，则我们退还申请特殊解除合同
时的个人账户价值，同时注销个人账户；若您申请特殊解除合同时已经开始领取养老年金或重度失能保
险金，则我们按下述方式给付退保金额： 
（1）若您选择保证返还账户价值终身月领（或年领）方式，我们退还个人账户注销之日零时的个
人账户价值与已给付的保险金总和（不计利息）的差额。 
（2）若您选择固定期限 10（或 15、20、25）年月领（或年领），我们按以下两者中的较大者退还： 
①固定领取期内尚未给付的保险金之和（不计利息）； 
②个人账户注销之日零时的个人账户价值与已给付的保险金总和（不计利息）的差额。 
您因被保险人发生上述情形申请特殊解除合同，自我们收到解除合同申请书时起，本合同终止，我
们自收到解除合同申请书之日起 30 日内向您退还本合同特殊解除之日的退保金额。
``` 
>>> result=<res>文本一致</res>
<冲突文本段>：无。
2025-07-08 22:07:10 - block_text_comparison.py:116 - 犹豫期后退保会遭受一定损失。 
vs
 ```plaintext
（二）合同解除（退保） 
若您在犹豫期后至个人账户注销之前申请解除本合同，自我们收到解除合同申请书时起，本合同终
止，同时注销个人账户。我们自收到解除合同申请书之日起 30 日内向您退还本合同解除之日的现金价
值。 
您犹豫期后解除合同会遭受一定损失。 
（三）现金价值 
1.在本合同生效日后至个人账户注销之前，现金价值按如下规则计算： 
（1）本合同第 1 个保单年度至第 5 个保单年度的现金价值为您已交保险费（不计利息）的一定比
例，具体比例如下： 
解除合同时所在保单年度 具体比例 
第 1 个保单年度 95% 
第 2 个保单年度 97% 
第 3 个保单年度 99% 
第 4 个保单年度 100% 
第 5 个保单年度 100% 
（2）本合同第 6 个保单年度至第 10 个保单年度的现金价值为以下两者之和： 
①您已交保险费（不计利息）； 
②账户累计收益的 75%。 
（3）本合同第 11 个保单年度及以后的现金价值为以下两者之和： 
①您已交保险费（不计利息）； 
②账户累计收益的 90%。 
2.个人账户注销之日零时起，现金价值为零。 
（四）特殊解除合同政策 
在本合同有效期内，若被保险人在犹豫期后发生下述两种情形，您可以申请特殊解除合同： 
（1）患有本合同约定的重大疾病； 
（2）因意外伤害导致伤残，且伤残程度达到人身保险伤残评定标准 1-3 级。 
若您申请特殊解除合同时尚未开始领取养老年金或重度失能保险金，则我们退还申请特殊解除合同
时的个人账户价值，同时注销个人账户；若您申请特殊解除合同时已经开始领取养老年金或重度失能保
险金，则我们按下述方式给付退保金额： 
（1）若您选择保证返还账户价值终身月领（或年领）方式，我们退还个人账户注销之日零时的个
人账户价值与已给付的保险金总和（不计利息）的差额。 
（2）若您选择固定期限 10（或 15、20、25）年月领（或年领），我们按以下两者中的较大者退还： 
①固定领取期内尚未给付的保险金之和（不计利息）； 
②个人账户注销之日零时的个人账户价值与已给付的保险金总和（不计利息）的差额。 
您因被保险人发生上述情形申请特殊解除合同，自我们收到解除合同申请书时起，本合同终止，我
们自收到解除合同申请书之日起 30 日内向您退还本合同特殊解除之日的退保金额。
``` 
>>> result=<res>文本一致</res>
<冲突文本段>：无。
2025-07-08 22:07:12 - block_text_comparison.py:116 - 6.1 犹豫期 若您在犹豫期后至个人账户注销之前申请解除本合同，请填写解除合同申请书并向我们提供下列资料：（1）保险合同；（2）您的有效身份证件。自我们收到解除合同申请书时起，本合同终止，同时注销个人账户。我们自收到解除合同申请书之日起30日内向您退还本合同解除之日的现金价值（见6.3）。您犹豫期后解除合同会遭受一定损失。 
vs
 1. **犹豫期**： 
>>> result=<res>文本一致</res>
<冲突文本段>：无。
2025-07-08 22:07:12 - block_text_comparison.py:116 - 6.1 犹豫期 若您在犹豫期后至个人账户注销之前申请解除本合同，请填写解除合同申请书并向我们提供下列资料：（1）保险合同；（2）您的有效身份证件。自我们收到解除合同申请书时起，本合同终止，同时注销个人账户。我们自收到解除合同申请书之日起30日内向您退还本合同解除之日的现金价值（见6.3）。您犹豫期后解除合同会遭受一定损失。 
vs
 - 若您在犹豫期后至个人账户注销之前申请解除本合同，请填写解除合同申请书并向我们提供下列资料： 
>>> result=<res>文本一致</res>
<冲突文本段>：无。
2025-07-08 22:07:13 - block_text_comparison.py:116 - 6.1 犹豫期 若您在犹豫期后至个人账户注销之前申请解除本合同，请填写解除合同申请书并向我们提供下列资料：（1）保险合同；（2）您的有效身份证件。自我们收到解除合同申请书时起，本合同终止，同时注销个人账户。我们自收到解除合同申请书之日起30日内向您退还本合同解除之日的现金价值（见6.3）。您犹豫期后解除合同会遭受一定损失。 
vs
 - 自我们收到解除合同申请书时起，本合同终止，同时注销个人账户。 
>>> result=<res>文本一致</res>
<冲突文本段>：无。
2025-07-08 22:07:14 - block_text_comparison.py:116 - 6.1 犹豫期 若您在犹豫期后至个人账户注销之前申请解除本合同，请填写解除合同申请书并向我们提供下列资料：（1）保险合同；（2）您的有效身份证件。自我们收到解除合同申请书时起，本合同终止，同时注销个人账户。我们自收到解除合同申请书之日起30日内向您退还本合同解除之日的现金价值（见6.3）。您犹豫期后解除合同会遭受一定损失。 
vs
 - 我们自收到解除合同申请书之日起30日内向您退还本合同解除之日的现金价值。 
>>> result=<res>文本一致</res>
<冲突文本段>：无。
2025-07-08 22:07:15 - block_text_comparison.py:116 - 6.1 犹豫期 若您在犹豫期后至个人账户注销之前申请解除本合同，请填写解除合同申请书并向我们提供下列资料：（1）保险合同；（2）您的有效身份证件。自我们收到解除合同申请书时起，本合同终止，同时注销个人账户。我们自收到解除合同申请书之日起30日内向您退还本合同解除之日的现金价值（见6.3）。您犹豫期后解除合同会遭受一定损失。 
vs
 - 您犹豫期后解除合同会遭受一定损失。 
>>> result=<res>文本一致</res>
<冲突文本段>：无。
2025-07-08 22:07:16 - block_text_comparison.py:116 - 6.2 您解除合同的手续及风险 （一）在本合同生效日后至个人账户注销之前，现金价值按如下规则计算：（1）本合同第1个保单年度至第5个保单年度的现金价值为您已交保险费（不计利息）的一定比例，具体比例如下： 
vs
 2. **您解除合同的手续及风险**： 
>>> result=<res>文本一致</res>
<冲突文本段>：无。
2025-07-08 22:07:17 - block_text_comparison.py:116 - 6.2 您解除合同的手续及风险 （一）在本合同生效日后至个人账户注销之前，现金价值按如下规则计算：（1）本合同第1个保单年度至第5个保单年度的现金价值为您已交保险费（不计利息）的一定比例，具体比例如下： 
vs
 - 在本合同生效日后至个人账户注销之前，现金价值按如下规则计算： 
>>> result=<res>文本一致</res>
<冲突文本段>：无。
2025-07-08 22:07:17 - block_text_comparison.py:116 - 6.2 您解除合同的手续及风险 （一）在本合同生效日后至个人账户注销之前，现金价值按如下规则计算：（1）本合同第1个保单年度至第5个保单年度的现金价值为您已交保险费（不计利息）的一定比例，具体比例如下： 
vs
 - 第1个保单年度至第5个保单年度的现金价值为您已交保险费（不计利息）的一定比例，具体比例如下： 
>>> result=<res>文本一致</res>
<冲突文本段>：无。
2025-07-08 22:07:19 - block_text_comparison.py:116 - 6.2 您解除合同的手续及风险 （一）在本合同生效日后至个人账户注销之前，现金价值按如下规则计算：（1）本合同第1个保单年度至第5个保单年度的现金价值为您已交保险费（不计利息）的一定比例，具体比例如下： 
vs
 - 您已交保险费（不计利息）； 
>>> result=<res>文本一致</res>
<冲突文本段>：无。
2025-07-08 22:07:19 - block_text_comparison.py:116 - 解除合同时所在保单年度 第1个保单年度 95% 第2个保单年度 97% 第3个保单年度 99% 第4个保单年度 100% 第5个保单年度 100% 
vs
 - 第1个保单年度：95% 
>>> result=<res>文本一致</res>
<冲突文本段>：无。
2025-07-08 22:07:20 - block_text_comparison.py:116 - 解除合同时所在保单年度 第1个保单年度 95% 第2个保单年度 97% 第3个保单年度 99% 第4个保单年度 100% 第5个保单年度 100% 
vs
 - 第2个保单年度：97% 
>>> result=<res>文本一致</res>
<冲突文本段>：无。
2025-07-08 22:07:21 - block_text_comparison.py:116 - 解除合同时所在保单年度 第1个保单年度 95% 第2个保单年度 97% 第3个保单年度 99% 第4个保单年度 100% 第5个保单年度 100% 
vs
 - 第3个保单年度：99% 
>>> result=<res>文本一致</res>
<冲突文本段>：无。
2025-07-08 22:07:22 - block_text_comparison.py:116 - 解除合同时所在保单年度 第1个保单年度 95% 第2个保单年度 97% 第3个保单年度 99% 第4个保单年度 100% 第5个保单年度 100% 
vs
 - 第4个保单年度：100% 
>>> result=<res>文本一致</res>
<冲突文本段>：无。
2025-07-08 22:07:22 - block_text_comparison.py:116 - 解除合同时所在保单年度 第1个保单年度 95% 第2个保单年度 97% 第3个保单年度 99% 第4个保单年度 100% 第5个保单年度 100% 
vs
 - 第5个保单年度：100% 
>>> result=<res>文本一致</res>
<冲突文本段>：无。
2025-07-08 22:07:23 - block_text_comparison.py:116 - （2）本合同第6个保单年度至第10个保单年度的现金价值为以下两者之和：①您已交保险费（不计利息）；②账户累计收益10的75%。 
vs
 - 第6个保单年度至第10个保单年度的现金价值为以下两者之和： 
>>> result=<res>文本一致</res>
<冲突文本段>：无。
2025-07-08 22:07:24 - block_text_comparison.py:116 - （2）本合同第6个保单年度至第10个保单年度的现金价值为以下两者之和：①您已交保险费（不计利息）；②账户累计收益10的75%。 
vs
 - 您已交保险费（不计利息）； 
>>> result=<res>文本一致</res>
<冲突文本段>：无。
2025-07-08 22:07:25 - block_text_comparison.py:116 - （3）本合同第11个保单年度及以后的现金价值为以下两者之和：①您已交保险费（不计利息）；②账户累计收益的90%。 
vs
 - 您已交保险费（不计利息）； 
>>> result=<res>文本一致</res>
<冲突文本段>：无。
2025-07-08 22:07:26 - block_text_comparison.py:116 - （3）本合同第11个保单年度及以后的现金价值为以下两者之和：①您已交保险费（不计利息）；②账户累计收益的90%。 
vs
 - 第11个保单年度及以后的现金价值为以下两者之和： 
>>> result=<res>文本一致</res>
<冲突文本段>：无。
2025-07-08 22:07:27 - block_text_comparison.py:116 - （3）本合同第11个保单年度及以后的现金价值为以下两者之和：①您已交保险费（不计利息）；②账户累计收益的90%。 
vs
 - 账户累计收益的90%。 
>>> result=<res>文本一致</res>
<冲突文本段>：无。
2025-07-08 22:07:28 - block_text_comparison.py:116 - 6.3 现金价值 在本合同有效期内，若被保险人在犹豫期后发生下述两种情形，您可以申请特殊解除合同：（1）患有本合同约定的重大疾病11；（2）因意外伤害导致伤残，且伤残程度达到人身保险伤残评定标准121-3级。若您申请特殊解除合同时尚未开始领取养老年金或重度失能保险金，则我们退还申请特殊解除合同时的个人账户价值，同时注销个人账户；若您申请特殊解除合同时已经开始领取养老年金或重度失能保险金，则我们按下述方式给付退保金额：（1）若您选择保证返还账户价值终身月领（或年领）方式，我们退还个人账户注销之日零时的个人账户价值与已给付的保险金总和（不计利息）的差额。（2）若您选择固定期限10（或15、20、25）年月领（或年领），我们按以下两者中的较大者退还：①固定领取期内尚未给付的保险金之和（不计利息）；②个人账户注销之日零时的个人账户价值与已给付的保险金总和（不计利息）的差额。您因被保险人发生上述情形申请特殊解除合同时，应填写解除合同申请书，并提供下列证明和资料：（1）保险合同；（2）您的有效身份证件；（3）下表所示的各类情形时须提供的特殊证明和资料： 
vs
 - 在本合同有效期内，若被保险人在犹豫期后发生下述两种情形，您可以申请特殊解除合同： 
>>> result=<res>文本一致</res>
<冲突文本段>：无。
2025-07-08 22:07:29 - block_text_comparison.py:116 - 6.3 现金价值 在本合同有效期内，若被保险人在犹豫期后发生下述两种情形，您可以申请特殊解除合同：（1）患有本合同约定的重大疾病11；（2）因意外伤害导致伤残，且伤残程度达到人身保险伤残评定标准121-3级。若您申请特殊解除合同时尚未开始领取养老年金或重度失能保险金，则我们退还申请特殊解除合同时的个人账户价值，同时注销个人账户；若您申请特殊解除合同时已经开始领取养老年金或重度失能保险金，则我们按下述方式给付退保金额：（1）若您选择保证返还账户价值终身月领（或年领）方式，我们退还个人账户注销之日零时的个人账户价值与已给付的保险金总和（不计利息）的差额。（2）若您选择固定期限10（或15、20、25）年月领（或年领），我们按以下两者中的较大者退还：①固定领取期内尚未给付的保险金之和（不计利息）；②个人账户注销之日零时的个人账户价值与已给付的保险金总和（不计利息）的差额。您因被保险人发生上述情形申请特殊解除合同时，应填写解除合同申请书，并提供下列证明和资料：（1）保险合同；（2）您的有效身份证件；（3）下表所示的各类情形时须提供的特殊证明和资料： 
vs
 - 若您申请特殊解除合同时已经开始领取养老金或重度失能保险金，则我们按下述方式给付退保金额： 
>>> result=<res>文本一致</res>
<冲突文本段>：无。
2025-07-08 22:07:30 - block_text_comparison.py:116 - 6.3 现金价值 在本合同有效期内，若被保险人在犹豫期后发生下述两种情形，您可以申请特殊解除合同：（1）患有本合同约定的重大疾病11；（2）因意外伤害导致伤残，且伤残程度达到人身保险伤残评定标准121-3级。若您申请特殊解除合同时尚未开始领取养老年金或重度失能保险金，则我们退还申请特殊解除合同时的个人账户价值，同时注销个人账户；若您申请特殊解除合同时已经开始领取养老年金或重度失能保险金，则我们按下述方式给付退保金额：（1）若您选择保证返还账户价值终身月领（或年领）方式，我们退还个人账户注销之日零时的个人账户价值与已给付的保险金总和（不计利息）的差额。（2）若您选择固定期限10（或15、20、25）年月领（或年领），我们按以下两者中的较大者退还：①固定领取期内尚未给付的保险金之和（不计利息）；②个人账户注销之日零时的个人账户价值与已给付的保险金总和（不计利息）的差额。您因被保险人发生上述情形申请特殊解除合同时，应填写解除合同申请书，并提供下列证明和资料：（1）保险合同；（2）您的有效身份证件；（3）下表所示的各类情形时须提供的特殊证明和资料： 
vs
 - 若您选择保证返还账户价值终身月领（或年领）方式，我们退还个人账户注销之日零时的个人账户价值与已给付的保险金总和（不计利息）的差额。 
>>> result=<res>文本一致</res>
<冲突文本段>：无。
2025-07-08 22:07:31 - block_text_comparison.py:116 - 6.3 现金价值 在本合同有效期内，若被保险人在犹豫期后发生下述两种情形，您可以申请特殊解除合同：（1）患有本合同约定的重大疾病11；（2）因意外伤害导致伤残，且伤残程度达到人身保险伤残评定标准121-3级。若您申请特殊解除合同时尚未开始领取养老年金或重度失能保险金，则我们退还申请特殊解除合同时的个人账户价值，同时注销个人账户；若您申请特殊解除合同时已经开始领取养老年金或重度失能保险金，则我们按下述方式给付退保金额：（1）若您选择保证返还账户价值终身月领（或年领）方式，我们退还个人账户注销之日零时的个人账户价值与已给付的保险金总和（不计利息）的差额。（2）若您选择固定期限10（或15、20、25）年月领（或年领），我们按以下两者中的较大者退还：①固定领取期内尚未给付的保险金之和（不计利息）；②个人账户注销之日零时的个人账户价值与已给付的保险金总和（不计利息）的差额。您因被保险人发生上述情形申请特殊解除合同时，应填写解除合同申请书，并提供下列证明和资料：（1）保险合同；（2）您的有效身份证件；（3）下表所示的各类情形时须提供的特殊证明和资料： 
vs
 - 若您选择固定期限10（或15、20、25）年月领（或年领），我们按以下两者中的较大者退还： 
>>> result=<res>文本一致</res>
<冲突文本段>：无。
2025-07-08 22:07:31 - block_text_comparison.py:116 - 6.3 现金价值 在本合同有效期内，若被保险人在犹豫期后发生下述两种情形，您可以申请特殊解除合同：（1）患有本合同约定的重大疾病11；（2）因意外伤害导致伤残，且伤残程度达到人身保险伤残评定标准121-3级。若您申请特殊解除合同时尚未开始领取养老年金或重度失能保险金，则我们退还申请特殊解除合同时的个人账户价值，同时注销个人账户；若您申请特殊解除合同时已经开始领取养老年金或重度失能保险金，则我们按下述方式给付退保金额：（1）若您选择保证返还账户价值终身月领（或年领）方式，我们退还个人账户注销之日零时的个人账户价值与已给付的保险金总和（不计利息）的差额。（2）若您选择固定期限10（或15、20、25）年月领（或年领），我们按以下两者中的较大者退还：①固定领取期内尚未给付的保险金之和（不计利息）；②个人账户注销之日零时的个人账户价值与已给付的保险金总和（不计利息）的差额。您因被保险人发生上述情形申请特殊解除合同时，应填写解除合同申请书，并提供下列证明和资料：（1）保险合同；（2）您的有效身份证件；（3）下表所示的各类情形时须提供的特殊证明和资料： 
vs
 - 固定领取期内尚未给付的保险金之和（不计利息）； 
>>> result=<res>文本一致</res>
<冲突文本段>：无。
2025-07-08 22:07:33 - block_text_comparison.py:116 - 6.3 现金价值 在本合同有效期内，若被保险人在犹豫期后发生下述两种情形，您可以申请特殊解除合同：（1）患有本合同约定的重大疾病11；（2）因意外伤害导致伤残，且伤残程度达到人身保险伤残评定标准121-3级。若您申请特殊解除合同时尚未开始领取养老年金或重度失能保险金，则我们退还申请特殊解除合同时的个人账户价值，同时注销个人账户；若您申请特殊解除合同时已经开始领取养老年金或重度失能保险金，则我们按下述方式给付退保金额：（1）若您选择保证返还账户价值终身月领（或年领）方式，我们退还个人账户注销之日零时的个人账户价值与已给付的保险金总和（不计利息）的差额。（2）若您选择固定期限10（或15、20、25）年月领（或年领），我们按以下两者中的较大者退还：①固定领取期内尚未给付的保险金之和（不计利息）；②个人账户注销之日零时的个人账户价值与已给付的保险金总和（不计利息）的差额。您因被保险人发生上述情形申请特殊解除合同时，应填写解除合同申请书，并提供下列证明和资料：（1）保险合同；（2）您的有效身份证件；（3）下表所示的各类情形时须提供的特殊证明和资料： 
vs
 - 个人账户注销之日零时的个人账户价值与已给付的保险金总和（不计利息）的差额。 
>>> result=<res>文本一致</res>
<冲突文本段>：无。
2025-07-08 22:07:34 - block_text_comparison.py:116 - 6.3 现金价值 在本合同有效期内，若被保险人在犹豫期后发生下述两种情形，您可以申请特殊解除合同：（1）患有本合同约定的重大疾病11；（2）因意外伤害导致伤残，且伤残程度达到人身保险伤残评定标准121-3级。若您申请特殊解除合同时尚未开始领取养老年金或重度失能保险金，则我们退还申请特殊解除合同时的个人账户价值，同时注销个人账户；若您申请特殊解除合同时已经开始领取养老年金或重度失能保险金，则我们按下述方式给付退保金额：（1）若您选择保证返还账户价值终身月领（或年领）方式，我们退还个人账户注销之日零时的个人账户价值与已给付的保险金总和（不计利息）的差额。（2）若您选择固定期限10（或15、20、25）年月领（或年领），我们按以下两者中的较大者退还：①固定领取期内尚未给付的保险金之和（不计利息）；②个人账户注销之日零时的个人账户价值与已给付的保险金总和（不计利息）的差额。您因被保险人发生上述情形申请特殊解除合同时，应填写解除合同申请书，并提供下列证明和资料：（1）保险合同；（2）您的有效身份证件；（3）下表所示的各类情形时须提供的特殊证明和资料： 
vs
 - 您因被保险人发生上述情形申请特殊解除合同时，应填写解除合同申请书，并提供下列证明和资料： 
>>> result=<res>文本一致</res>
<冲突文本段>：无。
2025-07-08 22:07:35 - block_text_comparison.py:116 - 6.4 特殊解除合同政策 投保人：须具有完全民事行为能力且对被保险人具有保险利益。被保险人：须出生28日（含）以上、85周岁（含）以下且符合我们规定。 
vs
 4. **特殊解除合同政策**： 
>>> result=<res>文本一致</res>
<冲突文本段>：无。
2025-07-08 22:07:35 - block_text_comparison.py:116 - 6.1 犹豫期 若您在犹豫期后至个人账户注销之前申请解除本合同，请填写解除合同申请书并向我们提供下列资料：（1）保险合同；（2）您的有效身份证件。自我们收到解除合同申请书时起，本合同终止，同时注销个人账户。我们自收到解除合同申请书之日起30日内向您退还本合同解除之日的现金价值（见6.3）。您犹豫期后解除合同会遭受一定损失。 
vs
 止，同时注销个人账户。我们自收到解除合同申请书之日起 30 日内向您退还本合同解除之日的现金价 
>>> result=<res>文本一致</res>
<冲突文本段>：无。
2025-07-08 22:07:36 - block_text_comparison.py:116 - （3）本合同第11个保单年度及以后的现金价值为以下两者之和：①您已交保险费（不计利息）；②账户累计收益的90%。 
vs
 （3）本合同第 11 个保单年度及以后的现金价值为以下两者之和： 
>>> result=<res>文本一致</res>
<冲突文本段>：无。
2025-07-08 22:07:37 - block_text_comparison.py:116 - - 我们自收到解除合同申请书之日起30日内向您退还本合同解除之日的现金价值。 
vs
 止，同时注销个人账户。我们自收到解除合同申请书之日起 30 日内向您退还本合同解除之日的现金价 
>>> result=<res>文本一致</res>
<冲突文本段>：无。
2025-07-08 22:07:40 - block_text_comparison.py:116 - - 我们自收到解除合同申请书之日起30日内向您退还本合同解除之日的现金价值。 
vs
 们自收到解除合同申请书之日起 30 日内向您退还本合同特殊解除之日的退保金额。 
>>> result=<res>文本冲突</res>
<冲突文本段>：
- 片段1：我们自收到解除合同申请书之日起30日内向您退还本合同解除之日的现金价值。
- 片段2：我们自收到解除合同申请书之日起 30 日内向您退还本合同特殊解除之日的退保金额。
2025-07-08 22:07:40 - block_text_comparison.py:120 - results: [True, True, True, True, True, True, True, True, True, True, True, True, True, True, True, True, True, True, True, True, True, True, True, True, True, True, True, True, True, True, True, True, True, True, True, True, True, True, True, True, False]
2025-07-08 22:07:40 - block_text_comparison.py:128 - ===============cnt=127 || material_id='m_00067a' || rule='退保条款' || end_result=False===============
2025-07-08 22:07:40 - block_text_comparison.py:76 - ===============skip cnt：129 || material_id='m_00099a' || rule='投保条款' || end_result=False===============
2025-07-08 22:07:40 - block_text_comparison.py:76 - ===============skip cnt：130 || material_id='m_00052a' || rule='保障相关时间' || end_result=False===============
2025-07-08 22:07:40 - block_text_comparison.py:76 - ===============skip cnt：131 || material_id='m_00100a' || rule='保障责任' || end_result=False===============
2025-07-08 22:07:40 - block_text_comparison.py:76 - ===============skip cnt：132 || material_id='m_00101a' || rule='保障责任' || end_result=True===============
2025-07-08 22:07:40 - block_text_comparison.py:76 - ===============skip cnt：133 || material_id='m_00102a' || rule='出险条款' || end_result=True===============
2025-07-08 22:07:40 - block_text_comparison.py:76 - ===============skip cnt：134 || material_id='m_00103a' || rule='基础产品销售信息' || end_result=True===============
2025-07-08 22:07:40 - block_text_comparison.py:76 - ===============skip cnt：135 || material_id='m_00104a' || rule='续保条款' || end_result=True===============
2025-07-08 22:07:40 - block_text_comparison.py:76 - ===============skip cnt：136 || material_id='m_00105a' || rule='投保条款' || end_result=True===============
2025-07-08 22:07:40 - block_text_comparison.py:76 - ===============skip cnt：137 || material_id='m_00065a' || rule='投保条款' || end_result=False===============
2025-07-08 22:07:40 - block_text_comparison.py:76 - ===============skip cnt：138 || material_id='m_00090a' || rule='术语解释' || end_result=True===============
2025-07-08 22:07:40 - block_text_comparison.py:76 - ===============skip cnt：139 || material_id='m_00106a' || rule='保障相关时间' || end_result=True===============
2025-07-08 22:07:40 - block_text_comparison.py:76 - ===============skip cnt：140 || material_id='m_00107a' || rule='赔付 & 领取规则' || end_result=False===============
2025-07-08 22:07:40 - block_text_comparison.py:76 - ===============skip cnt：141 || material_id='m_00108a' || rule='续保条款' || end_result=True===============
2025-07-08 22:07:40 - block_text_comparison.py:76 - ===============skip cnt：142 || material_id='m_00083a' || rule='保障相关时间' || end_result=False===============
2025-07-08 22:07:40 - block_text_comparison.py:76 - ===============skip cnt：143 || material_id='m_00109a' || rule='出险条款' || end_result=True===============
2025-07-08 22:07:40 - block_text_comparison.py:84 - ===============cnt：143 || material_id='m_00110a' || rule='退保条款' || label=None===============
2025-07-08 22:07:40 - block_text_comparison.py:90 - load data data/clean_data_qwen2.5-72b-instruct/materials/m_00110a/ADDITIONAL_AGREEMENT/退保条款.txt...
2025-07-08 22:07:40 - block_text_comparison.py:90 - load data data/clean_data_qwen2.5-72b-instruct/materials/m_00110a/CLAUSE/退保条款.txt...
2025-07-08 22:07:40 - block_text_comparison.py:90 - load data data/clean_data_qwen2.5-72b-instruct/materials/m_00110a/INSURE_NOTICE/退保条款.txt...
2025-07-08 22:07:40 - block_text_comparison.py:90 - load data data/clean_data_qwen2.5-72b-instruct/materials/m_00110a/LIABILITY_EXCLUSION/退保条款.txt...
2025-07-08 22:07:41 - block_text_comparison.py:116 - ```
11.1 您解除合同的手续及风险
您解除合同的情形分为特殊退保与一般退保。
特殊退保的手续及风险
本合同生效后，若被保险人罹患中国保险行业协会颁布的《重大疾病保险的疾病定义使用规范（2020 年修订版）》中定义的重大疾病，或者因遭遇意外伤害导致伤残且达到人身伤残保险评定标准 1 至 3 级的，您可以申请解除本合同。您应填写合同解除申请书，并提供下列证明和资料：
(1) 保险合同；
(2) 您的有效身份证件；
(3) 如果被保险人罹患本合同所指的重大疾病，需要提供我们认可医院的专科医生出具的附有病历、必要病理检验、血液检验及其他科学方法检验报告的疾病诊断书；
(4) 因遭遇意外伤害导致伤残且达到人身伤残保险评定标准 1 至 3 级的，需提供本公司认可鉴定机构出具的被保险人伤残程度的资料或身体伤残程度鉴定书；公安等有权部门出具的意外事故证明；所能够提供的与确认保险事故的性质、原因、伤害程度等有关的其他证明和资料;
(5) 解除合同时需要的其他相关材料。
如果委托他人代为办理，受托人除提供上述证明和资料外，须另行出具委托人的授权委托书和受托人的有效身份证件。
自我们收到合同解除申请书及上述证明和资料之日起，本合同终止。
若您在养老金领取起始日前申请解除本合同，我们退还申请解除合同时的保单账户价值。
若您在养老金领取起始日及其后申请解除本合同，对于合同生效日与养老金领取起始日非同一日且我们已给付的养老金总和小于养老金领取起始日的保单账户价值的，我们将退还养老金领取起始日当时的保单账户价值减去已给付的养老金总和的差额，若我们已给付的养老金总和大于或等于养老金领取起始日的保单账户价值，我们将不再退还任何金额。对于合同生效日与养老金领取起始日为同一日且我们已给付的养老金总和小于您已支付保险费总额的，我们将退还您已支付保险费总额减去已给付的养老金总和的差额，若我们已给付的养老金总和大于或等于您已支付保险费总额，我们将不再退还任何金额。
一般退保的手续及风险
除特殊退保的情况外，如您在犹豫期后申请解除本合同，请填写解除合同申请书并向我们提供下列资料：
(1) 保险合同；
(2) 您的有效身份证件；
(3) 解除合同时需要的其他相关材料。
如果委托他人代为办理，受托人除提供上述证明和资料外，须另行出具委托人的授权委托书和受托人的有效身份证件。
自我们收到解除合同申请书时起，本合同终止。我们自收到解除合同申请书之日起 30 日内向您退还本合同保险单的现金价值。
您犹豫期后解除合同可能会遭受一定损失。
``` 
vs
 【21. 退保条件标准和退保流程时限】  
1. 您解除合同的情形分为一般退保与特殊退保。  
（1）特殊退保的手续及风险：  
本合同生效后，若被保险人罹患中国保险行业协会颁布的《重大疾病保险的疾病定义使用规范（2020 年修订版）》中定义的重大疾病，或者因遭遇意外伤害导致伤残且达到人身伤残保险评定标准 1 至 3 级的，您可以申请解除本合同。  
您应填写合同解除申请书，并提供下列证明和资料：  
① 保险合同；  
② 您的有效身份证件；  
③ 如果被保险人罹患本合同所指的重大疾病，需要提供本公司认可医院的专科医生出具的附有病历、必要病理检验、血液检验及其他科学方法检验报告 的疾病诊断书；  
④ 因遭遇意外伤害导致伤残且达到人身伤残保险评定标准 1 至 3 级的，需提供本公司认可鉴定机构出具的被保险人伤残程度的资料或身体伤残程度鉴定书；公安等有权部门出具的意外事故证明；所能够提供的与确认保险事故的性质、原因、伤害程度等有关的其他证明和资料;  
⑤ 解除合同时需要的其他相关材料。  
自本公司收到合同解除申请书及上述证明和资料之日起，合同终止。  
若您在养老金领取起始日前申请解除本合同，本公司退还申请解除合同时的保单账户价值。  
若您在养老金领取起始日及其后申请解除本合同，对于合同生效日与养老金领取起始日非同一日且本公司已给付的养老金总和小于养老金领取起始日的保单账户价值的，本公司将退还养老金领取起始日当时的保单账户价值减去已给付的养老金总和的差额，若本公司已给付的养老金总和大于或等于养老金领取起始日的保单账户价值，本公司将不再退还任何金额。对于合同生效日与养老金领取起始日为同一日且本公司已给付的养老金总和小于您已支付保险费总额的，本公司将退还您已支付保险费总额减去已给付的养老金总和的差额，若本公司已给付的养老金总和大于或等于您已支付保险费总额，本公司将不再退还任何金额。  
（2）一般退保的手续及风险  
除特殊退保的情况外，如您在犹豫期后申请解除本合同，请填写解除合同申请书并向本公司提供下列资料：  
① 保险合同；  
② 您的有效身份证件；  
③ 解除合同时需要的其他相关材料。  
自本公司收到解除合同申请书时起，本合同终止。  
退保损失提示：在犹豫期后申请一般退保，本公司只退还合同保险单的现金价值。您犹豫期后解除合同可能会遭受一定损失，建议您提前关注现金价值走势，慎重决策。  
2. 退保流程时限：  
申请退保后，对于资料齐全、符合合同约定条件的申请，本公司于当日完成受理，对于申请资料不完整、填写不规范或者不符合合同约定条件的，本公司自收到申请之日起 3 个工作日内一次性通知您补充或修正。本公司将于收到齐全的申请资料且同意退保之日起 2 个工作日内处理完毕，并于之后 5 个工作日内转账支付。  
【22. 现金价值】  
本产品保单账户的现金价值按照下表确定：  
养老金领取起始日之前合同现金价值为项下所有保单账户现金价值之和；  
保单年度           现金价值  
第 1 个保单年度 已支付保险费总额×95%  
第 2 个保单年度 已支付保险费总额×96%  
第 3 个保单年度 已支付保险费总额×97%  
第 4 个保单年度 已支付保险费总额×98%  
第 5 个保单年度 已支付保险费总额×99%  
第 6 个保单年度 已支付保险费总额+15%×max（保单账户价值-已支付保险费总额，0）  
第 7 个保单年度 已支付保险费总额+30%×max（保单账户价值-已支付保险费总额，0）  
第 8 个保单年度 已支付保险费总额+45%×max（保单账户价值-已支付保险费总额，0）  
第 9 个保单年度 已支付保险费总额+60%×max（保单账户价值-已支付保险费总额，0）  
第 10 个保单年度已支付保险费总额+75%×max（保单账户价值-已支付保险费总额，0）  
第 11 个保单年度年及以后  已支付保险费总额+90%×max（保单账户价值-已支付保险费总额，0）  
养老金领取起始日起本合同保险单的现金价值为 0。 
>>> result=<res>文本一致</res>
<冲突文本段>：无。
2025-07-08 22:07:43 - block_text_comparison.py:116 - ```
11.1 您解除合同的手续及风险
您解除合同的情形分为特殊退保与一般退保。
特殊退保的手续及风险
本合同生效后，若被保险人罹患中国保险行业协会颁布的《重大疾病保险的疾病定义使用规范（2020 年修订版）》中定义的重大疾病，或者因遭遇意外伤害导致伤残且达到人身伤残保险评定标准 1 至 3 级的，您可以申请解除本合同。您应填写合同解除申请书，并提供下列证明和资料：
(1) 保险合同；
(2) 您的有效身份证件；
(3) 如果被保险人罹患本合同所指的重大疾病，需要提供我们认可医院的专科医生出具的附有病历、必要病理检验、血液检验及其他科学方法检验报告的疾病诊断书；
(4) 因遭遇意外伤害导致伤残且达到人身伤残保险评定标准 1 至 3 级的，需提供本公司认可鉴定机构出具的被保险人伤残程度的资料或身体伤残程度鉴定书；公安等有权部门出具的意外事故证明；所能够提供的与确认保险事故的性质、原因、伤害程度等有关的其他证明和资料;
(5) 解除合同时需要的其他相关材料。
如果委托他人代为办理，受托人除提供上述证明和资料外，须另行出具委托人的授权委托书和受托人的有效身份证件。
自我们收到合同解除申请书及上述证明和资料之日起，本合同终止。
若您在养老金领取起始日前申请解除本合同，我们退还申请解除合同时的保单账户价值。
若您在养老金领取起始日及其后申请解除本合同，对于合同生效日与养老金领取起始日非同一日且我们已给付的养老金总和小于养老金领取起始日的保单账户价值的，我们将退还养老金领取起始日当时的保单账户价值减去已给付的养老金总和的差额，若我们已给付的养老金总和大于或等于养老金领取起始日的保单账户价值，我们将不再退还任何金额。对于合同生效日与养老金领取起始日为同一日且我们已给付的养老金总和小于您已支付保险费总额的，我们将退还您已支付保险费总额减去已给付的养老金总和的差额，若我们已给付的养老金总和大于或等于您已支付保险费总额，我们将不再退还任何金额。
一般退保的手续及风险
除特殊退保的情况外，如您在犹豫期后申请解除本合同，请填写解除合同申请书并向我们提供下列资料：
(1) 保险合同；
(2) 您的有效身份证件；
(3) 解除合同时需要的其他相关材料。
如果委托他人代为办理，受托人除提供上述证明和资料外，须另行出具委托人的授权委托书和受托人的有效身份证件。
自我们收到解除合同申请书时起，本合同终止。我们自收到解除合同申请书之日起 30 日内向您退还本合同保险单的现金价值。
您犹豫期后解除合同可能会遭受一定损失。
``` 
vs
 ```
3. 解除合同的手续及风险
    您解除合同的情形分为特殊退保与一般退保。
    特殊退保的手续及风险 ：
        本合同生效后，若被保险人罹患中国保险行业协会颁布的《重大疾病保险的疾病定义使用规范（2020 年修订版）》中定义的重大疾病，或者因遭遇意外伤害导致伤残且达到人身伤残保险评定标准1至3级的，您可以申请解除本合同。
        您应填写合同解除申请书，并提供下列证明和资料：
        (1)保险合同；
        (2)您的有效身份证件；
        (3)如果被保险人罹患本合同所指的重大疾病，需要提供本公司认可医院的专科医生出具的附有病历、必要病理检验、血液检验及其他科学方法检验报告的疾病诊断书；
        (4)因遭遇意外伤害导致伤残且达到人身伤残保险评定标准1至3级的，需提供本公司认可鉴定机构出具的被保险人伤残程度的资料或身体伤残程度鉴定书；公安等有权部门出具的意外事故证明；所能够提供的与确认保险事故的性质、原因、伤害程度等有关的其他证明和资料;
        (5)解除合同时需要的其他相关材料。
        如果委托他人代为办理，受托人除提供上述证明和资料外，须另行出具委托人的授权委托书和受托人的有效身份证件。
        自本公司收到合同解除申请书及上述证明和资料之日起，本合同终止。
        若您在养老金领取起始日前申请解除本合同，本公司退还申请解除合同时的保单账户价值。
        若您在养老金领取起始日及其后申请解除本合同，对于合同生效日与养老金领取起始日非同一日且本公司已给付的养老金总和小于养老金领取起始日的保单账户价值的，本公司将退还养老金领取起始日当时的保单账户价值减去已给付的养老金总和的差额，若本公司已给付的养老金总和大于或等于养老金领取起始日的保单账户价值，本公司将不再退还任何金额。对于合同生效日与养老金领取起始日为同一日且本公司已给付的养老金总和小于您已支付保险费总额的，本公司将退还您已支付保险费总额减去已给付的养老金总和的差额，若本公司已给付的养老金总和大于或等于您已支付保险费总额，本公司将不再退还任何金额。
    一般退保的手续及风险：
        除特殊退保的情况外，如您在犹豫期后申请解除本合同，请填写解除合同申请书并向本公司提供下列资料：
        (1)保险合同；
        (2)您的有效身份证件；
        (3)解除合同时需要的其他相关材料。
        如果委托他人代为办理，受托人除提供上述证明和资料外，须另行出具委托人的授权委托书和受托人的有效身份证件。
        自本公司收到解除合同申请书时起，本合同终止。本公司自收到解除合同申请书之日起 30 日内向您退还本合同保险单的现金价值。
    您犹豫期后解除合同可能会遭受一定损失。
4. 费用扣除、退保损失、现金价值
    在犹豫期后申请一般退保的，本公司只退还合同保险单的现金价值。您犹豫期后解除合同，在一定期限内会遭受一定损失，建议您提前关注现金价值走势，慎重决策。
    本产品保单账户的现金价值按照下表确定：
        养老金领取起始日之前本合同现金价值为项下所有保单账户现金价值之和；
        保单年度          现金价值
        第1保单年度   已支付保险费总额×95%
        第2保单年度   已支付保险费总额×96%
        第3保单年度   已支付保险费总额×97%
        第4保单年度   已支付保险费总额×98%
        第5保单年度   已支付保险费总额×99%
        第6保单年度   已支付保险费总额+15%×max（保单账户价值-已支付保险费总额，0）
        第7保单年度   已支付保险费总额+30%×max（保单账户价值-已支付保险费总额，0）
        第8保单年度   已支付保险费总额+45%×max（保单账户价值-已支付保险费总额，0）
        第9保单年度   已支付保险费总额+60%×max（保单账户价值-已支付保险费总额，0）
        第10保单年度   已支付保险费总额+75%×max（保单账户价值-已支付保险费总额，0）
        第11保单年度年及以后   已支付保险费总额+90%×max（保单账户价值-已支付保险费总额，0）
    养老金领取起始日起本合同保险单的现金价值为 0。
``` 
>>> result=<res>文本一致</res>
<冲突文本段>：无。
2025-07-08 22:07:44 - block_text_comparison.py:116 - 【21. 退保条件标准和退保流程时限】  
1. 您解除合同的情形分为一般退保与特殊退保。  
（1）特殊退保的手续及风险：  
本合同生效后，若被保险人罹患中国保险行业协会颁布的《重大疾病保险的疾病定义使用规范（2020 年修订版）》中定义的重大疾病，或者因遭遇意外伤害导致伤残且达到人身伤残保险评定标准 1 至 3 级的，您可以申请解除本合同。  
您应填写合同解除申请书，并提供下列证明和资料：  
① 保险合同；  
② 您的有效身份证件；  
③ 如果被保险人罹患本合同所指的重大疾病，需要提供本公司认可医院的专科医生出具的附有病历、必要病理检验、血液检验及其他科学方法检验报告 的疾病诊断书；  
④ 因遭遇意外伤害导致伤残且达到人身伤残保险评定标准 1 至 3 级的，需提供本公司认可鉴定机构出具的被保险人伤残程度的资料或身体伤残程度鉴定书；公安等有权部门出具的意外事故证明；所能够提供的与确认保险事故的性质、原因、伤害程度等有关的其他证明和资料;  
⑤ 解除合同时需要的其他相关材料。  
自本公司收到合同解除申请书及上述证明和资料之日起，合同终止。  
若您在养老金领取起始日前申请解除本合同，本公司退还申请解除合同时的保单账户价值。  
若您在养老金领取起始日及其后申请解除本合同，对于合同生效日与养老金领取起始日非同一日且本公司已给付的养老金总和小于养老金领取起始日的保单账户价值的，本公司将退还养老金领取起始日当时的保单账户价值减去已给付的养老金总和的差额，若本公司已给付的养老金总和大于或等于养老金领取起始日的保单账户价值，本公司将不再退还任何金额。对于合同生效日与养老金领取起始日为同一日且本公司已给付的养老金总和小于您已支付保险费总额的，本公司将退还您已支付保险费总额减去已给付的养老金总和的差额，若本公司已给付的养老金总和大于或等于您已支付保险费总额，本公司将不再退还任何金额。  
（2）一般退保的手续及风险  
除特殊退保的情况外，如您在犹豫期后申请解除本合同，请填写解除合同申请书并向本公司提供下列资料：  
① 保险合同；  
② 您的有效身份证件；  
③ 解除合同时需要的其他相关材料。  
自本公司收到解除合同申请书时起，本合同终止。  
退保损失提示：在犹豫期后申请一般退保，本公司只退还合同保险单的现金价值。您犹豫期后解除合同可能会遭受一定损失，建议您提前关注现金价值走势，慎重决策。  
2. 退保流程时限：  
申请退保后，对于资料齐全、符合合同约定条件的申请，本公司于当日完成受理，对于申请资料不完整、填写不规范或者不符合合同约定条件的，本公司自收到申请之日起 3 个工作日内一次性通知您补充或修正。本公司将于收到齐全的申请资料且同意退保之日起 2 个工作日内处理完毕，并于之后 5 个工作日内转账支付。  
【22. 现金价值】  
本产品保单账户的现金价值按照下表确定：  
养老金领取起始日之前合同现金价值为项下所有保单账户现金价值之和；  
保单年度           现金价值  
第 1 个保单年度 已支付保险费总额×95%  
第 2 个保单年度 已支付保险费总额×96%  
第 3 个保单年度 已支付保险费总额×97%  
第 4 个保单年度 已支付保险费总额×98%  
第 5 个保单年度 已支付保险费总额×99%  
第 6 个保单年度 已支付保险费总额+15%×max（保单账户价值-已支付保险费总额，0）  
第 7 个保单年度 已支付保险费总额+30%×max（保单账户价值-已支付保险费总额，0）  
第 8 个保单年度 已支付保险费总额+45%×max（保单账户价值-已支付保险费总额，0）  
第 9 个保单年度 已支付保险费总额+60%×max（保单账户价值-已支付保险费总额，0）  
第 10 个保单年度已支付保险费总额+75%×max（保单账户价值-已支付保险费总额，0）  
第 11 个保单年度年及以后  已支付保险费总额+90%×max（保单账户价值-已支付保险费总额，0）  
养老金领取起始日起本合同保险单的现金价值为 0。 
vs
 ```
3. 解除合同的手续及风险
    您解除合同的情形分为特殊退保与一般退保。
    特殊退保的手续及风险 ：
        本合同生效后，若被保险人罹患中国保险行业协会颁布的《重大疾病保险的疾病定义使用规范（2020 年修订版）》中定义的重大疾病，或者因遭遇意外伤害导致伤残且达到人身伤残保险评定标准1至3级的，您可以申请解除本合同。
        您应填写合同解除申请书，并提供下列证明和资料：
        (1)保险合同；
        (2)您的有效身份证件；
        (3)如果被保险人罹患本合同所指的重大疾病，需要提供本公司认可医院的专科医生出具的附有病历、必要病理检验、血液检验及其他科学方法检验报告的疾病诊断书；
        (4)因遭遇意外伤害导致伤残且达到人身伤残保险评定标准1至3级的，需提供本公司认可鉴定机构出具的被保险人伤残程度的资料或身体伤残程度鉴定书；公安等有权部门出具的意外事故证明；所能够提供的与确认保险事故的性质、原因、伤害程度等有关的其他证明和资料;
        (5)解除合同时需要的其他相关材料。
        如果委托他人代为办理，受托人除提供上述证明和资料外，须另行出具委托人的授权委托书和受托人的有效身份证件。
        自本公司收到合同解除申请书及上述证明和资料之日起，本合同终止。
        若您在养老金领取起始日前申请解除本合同，本公司退还申请解除合同时的保单账户价值。
        若您在养老金领取起始日及其后申请解除本合同，对于合同生效日与养老金领取起始日非同一日且本公司已给付的养老金总和小于养老金领取起始日的保单账户价值的，本公司将退还养老金领取起始日当时的保单账户价值减去已给付的养老金总和的差额，若本公司已给付的养老金总和大于或等于养老金领取起始日的保单账户价值，本公司将不再退还任何金额。对于合同生效日与养老金领取起始日为同一日且本公司已给付的养老金总和小于您已支付保险费总额的，本公司将退还您已支付保险费总额减去已给付的养老金总和的差额，若本公司已给付的养老金总和大于或等于您已支付保险费总额，本公司将不再退还任何金额。
    一般退保的手续及风险：
        除特殊退保的情况外，如您在犹豫期后申请解除本合同，请填写解除合同申请书并向本公司提供下列资料：
        (1)保险合同；
        (2)您的有效身份证件；
        (3)解除合同时需要的其他相关材料。
        如果委托他人代为办理，受托人除提供上述证明和资料外，须另行出具委托人的授权委托书和受托人的有效身份证件。
        自本公司收到解除合同申请书时起，本合同终止。本公司自收到解除合同申请书之日起 30 日内向您退还本合同保险单的现金价值。
    您犹豫期后解除合同可能会遭受一定损失。
4. 费用扣除、退保损失、现金价值
    在犹豫期后申请一般退保的，本公司只退还合同保险单的现金价值。您犹豫期后解除合同，在一定期限内会遭受一定损失，建议您提前关注现金价值走势，慎重决策。
    本产品保单账户的现金价值按照下表确定：
        养老金领取起始日之前本合同现金价值为项下所有保单账户现金价值之和；
        保单年度          现金价值
        第1保单年度   已支付保险费总额×95%
        第2保单年度   已支付保险费总额×96%
        第3保单年度   已支付保险费总额×97%
        第4保单年度   已支付保险费总额×98%
        第5保单年度   已支付保险费总额×99%
        第6保单年度   已支付保险费总额+15%×max（保单账户价值-已支付保险费总额，0）
        第7保单年度   已支付保险费总额+30%×max（保单账户价值-已支付保险费总额，0）
        第8保单年度   已支付保险费总额+45%×max（保单账户价值-已支付保险费总额，0）
        第9保单年度   已支付保险费总额+60%×max（保单账户价值-已支付保险费总额，0）
        第10保单年度   已支付保险费总额+75%×max（保单账户价值-已支付保险费总额，0）
        第11保单年度年及以后   已支付保险费总额+90%×max（保单账户价值-已支付保险费总额，0）
    养老金领取起始日起本合同保险单的现金价值为 0。
``` 
>>> result=<res>文本一致</res>
<冲突文本段>：无。
2025-07-08 22:07:44 - block_text_comparison.py:116 - 本合同生效后，若被保险人罹患中国保险行业协会颁布的《重大疾病保险的疾病定义使用规范（2020 年修订版）》中定义的重大疾病，或者因遭遇意外伤害导致伤残且达到人身伤残保险评定标准 1 至 3 级的，您可以申请解除本合同。您应填写合同解除申请书，并提供下列证明和资料： 
vs
 本合同生效后，若被保险人罹患中国保险行业协会颁布的《重大疾病保险的疾病定义使用规范（2020 年修订版）》中定义的重大疾病，或者因遭遇意外伤害导致伤残且达到人身伤残保险评定标准 1 至 3 级的，您可以申请解除本合同。 
>>> result=<res>文本一致</res>
<冲突文本段>：无。
2025-07-08 22:07:45 - block_text_comparison.py:116 - (3) 如果被保险人罹患本合同所指的重大疾病，需要提供我们认可医院的专科医生出具的附有病历、必要病理检验、血液检验及其他科学方法检验报告的疾病诊断书； 
vs
 ③ 如果被保险人罹患本合同所指的重大疾病，需要提供本公司认可医院的专科医生出具的附有病历、必要病理检验、血液检验及其他科学方法检验报告 的疾病诊断书； 
>>> result=<res>文本一致</res>
<冲突文本段>：无。
2025-07-08 22:07:46 - block_text_comparison.py:116 - 若您在养老金领取起始日及其后申请解除本合同，对于合同生效日与养老金领取起始日非同一日且我们已给付的养老金总和小于养老金领取起始日的保单账户价值的，我们将退还养老金领取起始日当时的保单账户价值减去已给付的养老金总和的差额，若我们已给付的养老金总和大于或等于养老金领取起始日的保单账户价值，我们将不再退还任何金额。对于合同生效日与养老金领取起始日为同一日且我们已给付的养老金总和小于您已支付保险费总额的，我们将退还您已支付保险费总额减去已给付的养老金总和的差额，若我们已给付的养老金总和大于或等于您已支付保险费总额，我们将不再退还任何金额。 
vs
 若您在养老金领取起始日及其后申请解除本合同，对于合同生效日与养老金领取起始日非同一日且本公司已给付的养老金总和小于养老金领取起始日的保单账户价值的，本公司将退还养老金领取起始日当时的保单账户价值减去已给付的养老金总和的差额，若本公司已给付的养老金总和大于或等于养老金领取起始日的保单账户价值，本公司将不再退还任何金额。对于合同生效日与养老金领取起始日为同一日且本公司已给付的养老金总和小于您已支付保险费总额的，本公司将退还您已支付保险费总额减去已给付的养老金总和的差额，若本公司已给付的养老金总和大于或等于您已支付保险费总额，本公司将不再退还任何金额。 
>>> result=<res>文本一致</res>
<冲突文本段>：无。
2025-07-08 22:07:46 - block_text_comparison.py:116 - 11.1 您解除合同的手续及风险 
vs
 3. 解除合同的手续及风险 
>>> result=<res>文本一致</res>
<冲突文本段>：无。
2025-07-08 22:07:47 - block_text_comparison.py:116 - 本合同生效后，若被保险人罹患中国保险行业协会颁布的《重大疾病保险的疾病定义使用规范（2020 年修订版）》中定义的重大疾病，或者因遭遇意外伤害导致伤残且达到人身伤残保险评定标准 1 至 3 级的，您可以申请解除本合同。您应填写合同解除申请书，并提供下列证明和资料： 
vs
 本合同生效后，若被保险人罹患中国保险行业协会颁布的《重大疾病保险的疾病定义使用规范（2020 年修订版）》中定义的重大疾病，或者因遭遇意外伤害导致伤残且达到人身伤残保险评定标准1至3级的，您可以申请解除本合同。 
>>> result=<res>文本一致</res>
<冲突文本段>：无。
2025-07-08 22:07:48 - block_text_comparison.py:116 - (3) 如果被保险人罹患本合同所指的重大疾病，需要提供我们认可医院的专科医生出具的附有病历、必要病理检验、血液检验及其他科学方法检验报告的疾病诊断书； 
vs
 (3)如果被保险人罹患本合同所指的重大疾病，需要提供本公司认可医院的专科医生出具的附有病历、必要病理检验、血液检验及其他科学方法检验报告的疾病诊断书； 
>>> result=<res>文本一致</res>
<冲突文本段>：无。
2025-07-08 22:07:49 - block_text_comparison.py:116 - 若您在养老金领取起始日及其后申请解除本合同，对于合同生效日与养老金领取起始日非同一日且我们已给付的养老金总和小于养老金领取起始日的保单账户价值的，我们将退还养老金领取起始日当时的保单账户价值减去已给付的养老金总和的差额，若我们已给付的养老金总和大于或等于养老金领取起始日的保单账户价值，我们将不再退还任何金额。对于合同生效日与养老金领取起始日为同一日且我们已给付的养老金总和小于您已支付保险费总额的，我们将退还您已支付保险费总额减去已给付的养老金总和的差额，若我们已给付的养老金总和大于或等于您已支付保险费总额，我们将不再退还任何金额。 
vs
 若您在养老金领取起始日及其后申请解除本合同，对于合同生效日与养老金领取起始日非同一日且本公司已给付的养老金总和小于养老金领取起始日的保单账户价值的，本公司将退还养老金领取起始日当时的保单账户价值减去已给付的养老金总和的差额，若本公司已给付的养老金总和大于或等于养老金领取起始日的保单账户价值，本公司将不再退还任何金额。对于合同生效日与养老金领取起始日为同一日且本公司已给付的养老金总和小于您已支付保险费总额的，本公司将退还您已支付保险费总额减去已给付的养老金总和的差额，若本公司已给付的养老金总和大于或等于您已支付保险费总额，本公司将不再退还任何金额。 
>>> result=<res>文本一致</res>
<冲突文本段>：无。
2025-07-08 22:07:50 - block_text_comparison.py:116 - 自我们收到解除合同申请书时起，本合同终止。我们自收到解除合同申请书之日起 30 日内向您退还本合同保险单的现金价值。 
vs
 自本公司收到解除合同申请书时起，本合同终止。本公司自收到解除合同申请书之日起 30 日内向您退还本合同保险单的现金价值。 
>>> result=<res>文本一致</res>
<冲突文本段>：无。
2025-07-08 22:07:51 - block_text_comparison.py:116 - 退保损失提示：在犹豫期后申请一般退保，本公司只退还合同保险单的现金价值。您犹豫期后解除合同可能会遭受一定损失，建议您提前关注现金价值走势，慎重决策。 
vs
 在犹豫期后申请一般退保的，本公司只退还合同保险单的现金价值。您犹豫期后解除合同，在一定期限内会遭受一定损失，建议您提前关注现金价值走势，慎重决策。 
>>> result=<res>文本一致</res>
<冲突文本段>：无。
2025-07-08 22:07:51 - block_text_comparison.py:116 - 第 1 个保单年度 已支付保险费总额×95% 
vs
 第1保单年度   已支付保险费总额×95% 
>>> result=<res>文本一致</res>
<冲突文本段>：无。
2025-07-08 22:07:54 - block_text_comparison.py:116 - 第 1 个保单年度 已支付保险费总额×95% 
vs
 第2保单年度   已支付保险费总额×96% 
>>> result=<res>文本冲突</res>
<冲突文本段>：
第 1 个保单年度 已支付保险费总额×95%
第2保单年度   已支付保险费总额×96%
2025-07-08 22:07:54 - block_text_comparison.py:120 - results: [True, True, True, True, True, True, True, True, True, True, True, True, True, False]
2025-07-08 22:07:54 - block_text_comparison.py:128 - ===============cnt=143 || material_id='m_00110a' || rule='退保条款' || end_result=False===============
2025-07-08 22:07:54 - block_text_comparison.py:76 - ===============skip cnt：145 || material_id='m_00030a' || rule='赔付 & 领取规则' || end_result=False===============
2025-07-08 22:07:54 - block_text_comparison.py:84 - ===============cnt：145 || material_id='m_00111a' || rule='退保条款' || label=None===============
2025-07-08 22:07:54 - block_text_comparison.py:90 - load data data/clean_data_qwen2.5-72b-instruct/materials/m_00111a/ADDITIONAL_AGREEMENT/退保条款.txt...
2025-07-08 22:07:54 - block_text_comparison.py:90 - load data data/clean_data_qwen2.5-72b-instruct/materials/m_00111a/CLAUSE/退保条款.txt...
2025-07-08 22:07:54 - block_text_comparison.py:90 - load data data/clean_data_qwen2.5-72b-instruct/materials/m_00111a/HEAD_IMG/退保条款.txt...
2025-07-08 22:07:54 - block_text_comparison.py:90 - load data data/clean_data_qwen2.5-72b-instruct/materials/m_00111a/HEALTH_INFORM/退保条款.txt...
2025-07-08 22:07:54 - block_text_comparison.py:90 - load data data/clean_data_qwen2.5-72b-instruct/materials/m_00111a/INSURE_NOTICE/退保条款.txt...
2025-07-08 22:07:54 - block_text_comparison.py:90 - load data data/clean_data_qwen2.5-72b-instruct/materials/m_00111a/INTRODUCE_IMG/退保条款.txt...
2025-07-08 22:07:54 - block_text_comparison.py:90 - load data data/clean_data_qwen2.5-72b-instruct/materials/m_00111a/LIABILITY_EXCLUSION/退保条款.txt...
2025-07-08 22:07:54 - block_text_comparison.py:90 - load data data/clean_data_qwen2.5-72b-instruct/materials/m_00111a/PRODUCT_MANUAL/退保条款.txt...
2025-07-08 22:07:55 - block_text_comparison.py:116 - ```
犹豫期及权益
    犹豫期后退保会有损失，保险公司仅退还现金价值。我们自收到解除合同申请书之日起30日内向您退还本合同当时的现金价值。
    本合同保险期间内如已发生过保险金给付，我们不退还本合同当时的现金价值。
    解除合同时，您需要填写申请书，并提供您的1）保险合同及2）有效身份证件。自我们收到您解除合同的申请书时起，本合同即被解除，我们自始不承担保险责任。
    您犹豫期后退保会遭受一定损失，请您慎重决策。
    退保资金将由阳光人寿直接退回您交费的支付宝账户。
退保
    1）犹豫期内退保：
    不收取任何费用。
    2)犹豫期外退保：
    您可能会遭受一定损失，我们仅退还您所申请退保保单的现金价值。
``` 
vs
 ```
5 合同解除（退保） 5.1 您解除合同的手续及风险 本合同成立后，您可以解除本合同，请填写解除合同通知书并向我们提供下列证明和资料：（1）保险合同；（2）您的有效身份证件。自我们收到解除合同通知书时起，本合同终止。我们自收到解除合同通知书时起，在 1 个工作日内核定并通知您；情形复杂的，在 3 个工作日内核定并通知您。您在犹豫期后解除本合同的，我们自收到解除合同通知书之日起 30 日内向您退还本合同的现金价值（见 8.20）。本合同保险期间内如已发生过保险金给付，我们退还本合同的现金价值。您在犹豫期后解除合同可能会遭受一定损失。
``` 
>>> result=<res>文本一致</res>
<冲突文本段>：无。
2025-07-08 22:07:56 - block_text_comparison.py:116 - ```
犹豫期及权益
    犹豫期后退保会有损失，保险公司仅退还现金价值。我们自收到解除合同申请书之日起30日内向您退还本合同当时的现金价值。
    本合同保险期间内如已发生过保险金给付，我们不退还本合同当时的现金价值。
    解除合同时，您需要填写申请书，并提供您的1）保险合同及2）有效身份证件。自我们收到您解除合同的申请书时起，本合同即被解除，我们自始不承担保险责任。
    您犹豫期后退保会遭受一定损失，请您慎重决策。
    退保资金将由阳光人寿直接退回您交费的支付宝账户。
退保
    1）犹豫期内退保：
    不收取任何费用。
    2)犹豫期外退保：
    您可能会遭受一定损失，我们仅退还您所申请退保保单的现金价值。
``` 
vs
 ```
5.退保流程
自您签收保险合同的次日起，有 15 日的犹豫期。在此期间请您认真
审视保险合同，如果您认为保险合同与您的需求不相符，您可以在
此期间提出解除保险合同，我们将退还您所交纳的全部保险费。
解除保险合同时，您需要填写解除合同通知书，并提供您的保险合
同及有效身份证件。自我们收到您解除合同的通知书时，保险合同
即被解除，合同解除前发生的保险事故我们不承担保险责任。犹豫
期后退保会有损失，保险公司仅退还现金价值。
如投保人在犹豫期后申请解除保险合同，应填写解除合同通知书并
向我们提供下列证明和资料：
1）保险合同；2）您的有效身份证件。
自本公司收到解除合同通知书时起，保险合同终止。退保金额支付
方式如下：
1 通过支付宝平台办理退保，退保资金将由支付宝退回您缴费的
账户；
2 通过保险公司办理，退保资金将由阳光人寿退回投保人的银行
账户；
如需退保，您可通过支付宝“蚂蚁保-客服-在线服务”申请；犹豫期后
解除合同可能会遭受一定损失，阳光人寿只退还保单现金价值，投
保人要求解除合同，自本公司收到解除合同通知书时起，保险合同
终止。退保资金将由阳光人寿直接退回您交费的支付宝账户。若投
保人选择分期支付方式且到期未交纳保险费，则保险合同的现金价
值均为零。
``` 
>>> result=<res>文本一致</res>
<冲突文本段>：无。
2025-07-08 22:07:57 - block_text_comparison.py:116 - ```
犹豫期及权益
    犹豫期后退保会有损失，保险公司仅退还现金价值。我们自收到解除合同申请书之日起30日内向您退还本合同当时的现金价值。
    本合同保险期间内如已发生过保险金给付，我们不退还本合同当时的现金价值。
    解除合同时，您需要填写申请书，并提供您的1）保险合同及2）有效身份证件。自我们收到您解除合同的申请书时起，本合同即被解除，我们自始不承担保险责任。
    您犹豫期后退保会遭受一定损失，请您慎重决策。
    退保资金将由阳光人寿直接退回您交费的支付宝账户。
退保
    1）犹豫期内退保：
    不收取任何费用。
    2)犹豫期外退保：
    您可能会遭受一定损失，我们仅退还您所申请退保保单的现金价值。
``` 
vs
 犹豫期15天，15天内退保全额退款，犹豫期后退保退还现金价值
 
>>> result=<res>文本一致</res>
<冲突文本段>：无。
2025-07-08 22:07:58 - block_text_comparison.py:116 - ```
5 合同解除（退保） 5.1 您解除合同的手续及风险 本合同成立后，您可以解除本合同，请填写解除合同通知书并向我们提供下列证明和资料：（1）保险合同；（2）您的有效身份证件。自我们收到解除合同通知书时起，本合同终止。我们自收到解除合同通知书时起，在 1 个工作日内核定并通知您；情形复杂的，在 3 个工作日内核定并通知您。您在犹豫期后解除本合同的，我们自收到解除合同通知书之日起 30 日内向您退还本合同的现金价值（见 8.20）。本合同保险期间内如已发生过保险金给付，我们退还本合同的现金价值。您在犹豫期后解除合同可能会遭受一定损失。
``` 
vs
 ```
5.退保流程
自您签收保险合同的次日起，有 15 日的犹豫期。在此期间请您认真
审视保险合同，如果您认为保险合同与您的需求不相符，您可以在
此期间提出解除保险合同，我们将退还您所交纳的全部保险费。
解除保险合同时，您需要填写解除合同通知书，并提供您的保险合
同及有效身份证件。自我们收到您解除合同的通知书时，保险合同
即被解除，合同解除前发生的保险事故我们不承担保险责任。犹豫
期后退保会有损失，保险公司仅退还现金价值。
如投保人在犹豫期后申请解除保险合同，应填写解除合同通知书并
向我们提供下列证明和资料：
1）保险合同；2）您的有效身份证件。
自本公司收到解除合同通知书时起，保险合同终止。退保金额支付
方式如下：
1 通过支付宝平台办理退保，退保资金将由支付宝退回您缴费的
账户；
2 通过保险公司办理，退保资金将由阳光人寿退回投保人的银行
账户；
如需退保，您可通过支付宝“蚂蚁保-客服-在线服务”申请；犹豫期后
解除合同可能会遭受一定损失，阳光人寿只退还保单现金价值，投
保人要求解除合同，自本公司收到解除合同通知书时起，保险合同
终止。退保资金将由阳光人寿直接退回您交费的支付宝账户。若投
保人选择分期支付方式且到期未交纳保险费，则保险合同的现金价
值均为零。
``` 
>>> result=<res>文本一致</res>
<冲突文本段>：无。
2025-07-08 22:07:59 - block_text_comparison.py:116 - ```
5 合同解除（退保） 5.1 您解除合同的手续及风险 本合同成立后，您可以解除本合同，请填写解除合同通知书并向我们提供下列证明和资料：（1）保险合同；（2）您的有效身份证件。自我们收到解除合同通知书时起，本合同终止。我们自收到解除合同通知书时起，在 1 个工作日内核定并通知您；情形复杂的，在 3 个工作日内核定并通知您。您在犹豫期后解除本合同的，我们自收到解除合同通知书之日起 30 日内向您退还本合同的现金价值（见 8.20）。本合同保险期间内如已发生过保险金给付，我们退还本合同的现金价值。您在犹豫期后解除合同可能会遭受一定损失。
``` 
vs
 犹豫期15天，15天内退保全额退款，犹豫期后退保退还现金价值
 
>>> result=<res>文本一致</res>
<冲突文本段>：无。
2025-07-08 22:08:00 - block_text_comparison.py:116 - ```
5.退保流程
自您签收保险合同的次日起，有 15 日的犹豫期。在此期间请您认真
审视保险合同，如果您认为保险合同与您的需求不相符，您可以在
此期间提出解除保险合同，我们将退还您所交纳的全部保险费。
解除保险合同时，您需要填写解除合同通知书，并提供您的保险合
同及有效身份证件。自我们收到您解除合同的通知书时，保险合同
即被解除，合同解除前发生的保险事故我们不承担保险责任。犹豫
期后退保会有损失，保险公司仅退还现金价值。
如投保人在犹豫期后申请解除保险合同，应填写解除合同通知书并
向我们提供下列证明和资料：
1）保险合同；2）您的有效身份证件。
自本公司收到解除合同通知书时起，保险合同终止。退保金额支付
方式如下：
1 通过支付宝平台办理退保，退保资金将由支付宝退回您缴费的
账户；
2 通过保险公司办理，退保资金将由阳光人寿退回投保人的银行
账户；
如需退保，您可通过支付宝“蚂蚁保-客服-在线服务”申请；犹豫期后
解除合同可能会遭受一定损失，阳光人寿只退还保单现金价值，投
保人要求解除合同，自本公司收到解除合同通知书时起，保险合同
终止。退保资金将由阳光人寿直接退回您交费的支付宝账户。若投
保人选择分期支付方式且到期未交纳保险费，则保险合同的现金价
值均为零。
``` 
vs
 犹豫期15天，15天内退保全额退款，犹豫期后退保退还现金价值
 
>>> result=<res>文本一致</res>
<冲突文本段>：无。
2025-07-08 22:08:00 - block_text_comparison.py:120 - results: [True, True, True, True, True, True]
2025-07-08 22:08:00 - block_text_comparison.py:128 - ===============cnt=145 || material_id='m_00111a' || rule='退保条款' || end_result=True===============
2025-07-08 22:08:00 - block_text_comparison.py:76 - ===============skip cnt：147 || material_id='m_00082a' || rule='责任免除' || end_result=False===============
2025-07-08 22:08:00 - block_text_comparison.py:76 - ===============skip cnt：148 || material_id='m_00004a' || rule='责任免除' || end_result=True===============
2025-07-08 22:08:00 - block_text_comparison.py:76 - ===============skip cnt：149 || material_id='m_00112a' || rule='投保条款' || end_result=False===============
2025-07-08 22:08:00 - block_text_comparison.py:76 - ===============skip cnt：150 || material_id='m_00113a' || rule='保障相关时间' || end_result=True===============
2025-07-08 22:08:00 - block_text_comparison.py:76 - ===============skip cnt：151 || material_id='m_00114a' || rule='投保条款' || end_result=False===============
2025-07-08 22:08:00 - block_text_comparison.py:76 - ===============skip cnt：152 || material_id='m_00115a' || rule='出险条款' || end_result=True===============
2025-07-08 22:08:00 - block_text_comparison.py:76 - ===============skip cnt：153 || material_id='m_00068a' || rule='投保条款' || end_result=True===============
2025-07-08 22:08:00 - block_text_comparison.py:84 - ===============cnt：153 || material_id='m_00086a' || rule='退保条款' || label=None===============
2025-07-08 22:08:00 - block_text_comparison.py:90 - load data data/clean_data_qwen2.5-72b-instruct/materials/m_00086a/ADDITIONAL_AGREEMENT/退保条款.txt...
2025-07-08 22:08:00 - block_text_comparison.py:90 - load data data/clean_data_qwen2.5-72b-instruct/materials/m_00086a/CLAUSE/退保条款.txt...
2025-07-08 22:08:00 - block_text_comparison.py:90 - load data data/clean_data_qwen2.5-72b-instruct/materials/m_00086a/HEALTH_INFORM/退保条款.txt...
2025-07-08 22:08:00 - block_text_comparison.py:90 - load data data/clean_data_qwen2.5-72b-instruct/materials/m_00086a/INSURE_NOTICE/退保条款.txt...
2025-07-08 22:08:00 - block_text_comparison.py:90 - load data data/clean_data_qwen2.5-72b-instruct/materials/m_00086a/LIABILITY_EXCLUSION/退保条款.txt...
2025-07-08 22:08:01 - block_text_comparison.py:116 - ```
9. 本保单生效后超过30天申请退保的，退还未满期净保险费。若投保人选择分12期交付保费的，未满期净保险费=当期保险费×[1-(当期实际经过天数/当期实际天数)]；若投保人选择一次性交付保费的，未满期净保险费=保险费×[1-(保险单已经过天数/保险期间天数)]经过天数不足一天的按一天计算，如本保单已发生保险金给付，未满期净保险费为零。
``` 
vs
 
```
第二十五条 合同的解除
在本合同成立后，投保人可以书面形式或双方认可的其他形式通知保险人解除合同，但保险人已根据本合同的约定给付保险金的除外。投保人解除本合同时，应提供下列证明文件和资料：
（一）保险合同解除申请书；
（二）保险合同凭据；
（三）保险费交付凭证；
（四）投保人身份证明。
投保人要求解除本合同，自保险人接到保险合同解除申请书之日次日零时起，本合同的效力终止。保险人收到上述证明文件和资料之日起30日内退还本合同的未满期净保险费。投保人通过保险人同意或认可的网站等互联网渠道提出解除本合同的申请，视为投保人的书面申请。
``` 
>>> result=<res>文本一致</res>
<冲突文本段>：无。
2025-07-08 22:08:02 - block_text_comparison.py:116 - ```
9. 本保单生效后超过30天申请退保的，退还未满期净保险费。若投保人选择分12期交付保费的，未满期净保险费=当期保险费×[1-(当期实际经过天数/当期实际天数)]；若投保人选择一次性交付保费的，未满期净保险费=保险费×[1-(保险单已经过天数/保险期间天数)]经过天数不足一天的按一天计算，如本保单已发生保险金给付，未满期净保险费为零。
``` 
vs
 ```plaintext
本产品生效之日零时起15 日（含第15日）为犹豫期，犹豫期内保单可全额退保；退保申请时间在保单生效日15天后，保险人收到退保申请和相关证明文件、资料之日起30日内退还未满期净保险费。如投保人在本合同成立时选择交清保险费，未满期净保险费=保险费×[1-(保险单已经过天数/保险期间天数)]；如投保人在本合同成立时选择保费分期交付方式，未满期净保险费 = 本合同的当期保险费×[1-(当期实际经过天数/当期实际天数)]；经过天数不足一天的按一天计算，如本保单已发生保险金给付，未满期净保险费为零。
``` 
>>> result=<res>文本一致</res>
<冲突文本段>：无。
2025-07-08 22:08:07 - block_text_comparison.py:116 - 
```
第二十五条 合同的解除
在本合同成立后，投保人可以书面形式或双方认可的其他形式通知保险人解除合同，但保险人已根据本合同的约定给付保险金的除外。投保人解除本合同时，应提供下列证明文件和资料：
（一）保险合同解除申请书；
（二）保险合同凭据；
（三）保险费交付凭证；
（四）投保人身份证明。
投保人要求解除本合同，自保险人接到保险合同解除申请书之日次日零时起，本合同的效力终止。保险人收到上述证明文件和资料之日起30日内退还本合同的未满期净保险费。投保人通过保险人同意或认可的网站等互联网渠道提出解除本合同的申请，视为投保人的书面申请。
``` 
vs
 ```plaintext
本产品生效之日零时起15 日（含第15日）为犹豫期，犹豫期内保单可全额退保；退保申请时间在保单生效日15天后，保险人收到退保申请和相关证明文件、资料之日起30日内退还未满期净保险费。如投保人在本合同成立时选择交清保险费，未满期净保险费=保险费×[1-(保险单已经过天数/保险期间天数)]；如投保人在本合同成立时选择保费分期交付方式，未满期净保险费 = 本合同的当期保险费×[1-(当期实际经过天数/当期实际天数)]；经过天数不足一天的按一天计算，如本保单已发生保险金给付，未满期净保险费为零。
``` 
>>> result=<res>文本冲突</res>
<冲突文本段>：
- 片段1中未提及犹豫期及犹豫期内全额退保的规定，而片段2明确提到犹豫期为15天，并且在犹豫期内可以全额退保。
- 片段1中未详细说明未满期净保险费的计算方法，而片段2详细列出了未满期净保险费的计算公式，包括一次性交清保险费和分期交付保险费的不同计算方式。
2025-07-08 22:08:07 - block_text_comparison.py:120 - results: [True, True, False]
2025-07-08 22:08:07 - block_text_comparison.py:128 - ===============cnt=153 || material_id='m_00086a' || rule='退保条款' || end_result=False===============
2025-07-08 22:08:07 - block_text_comparison.py:84 - ===============cnt：154 || material_id='m_00116a' || rule='退保条款' || label=None===============
2025-07-08 22:08:07 - block_text_comparison.py:90 - load data data/clean_data_qwen2.5-72b-instruct/materials/m_00116a/ADDITIONAL_AGREEMENT/退保条款.txt...
2025-07-08 22:08:07 - block_text_comparison.py:90 - load data data/clean_data_qwen2.5-72b-instruct/materials/m_00116a/CLAUSE/退保条款.txt...
2025-07-08 22:08:07 - block_text_comparison.py:90 - load data data/clean_data_qwen2.5-72b-instruct/materials/m_00116a/INSURE_NOTICE/退保条款.txt...
2025-07-08 22:08:07 - block_text_comparison.py:90 - load data data/clean_data_qwen2.5-72b-instruct/materials/m_00116a/LIABILITY_EXCLUSION/退保条款.txt...
2025-07-08 22:08:07 - block_text_comparison.py:104 - ===============<=1 cnt=154 || material_id='m_00116a' || rule='退保条款' || end_result=False===============
2025-07-08 22:08:07 - block_text_comparison.py:76 - ===============skip cnt：156 || material_id='m_00114a' || rule='赔付 & 领取规则' || end_result=False===============
2025-07-08 22:08:07 - block_text_comparison.py:76 - ===============skip cnt：157 || material_id='m_00051a' || rule='保障责任' || end_result=False===============
2025-07-08 22:08:07 - block_text_comparison.py:76 - ===============skip cnt：158 || material_id='m_00117a' || rule='赔付 & 领取规则' || end_result=False===============
2025-07-08 22:08:07 - block_text_comparison.py:76 - ===============skip cnt：159 || material_id='m_00118a' || rule='投保条款' || end_result=False===============
2025-07-08 22:08:07 - block_text_comparison.py:76 - ===============skip cnt：160 || material_id='m_00119a' || rule='责任免除' || end_result=False===============
2025-07-08 22:08:07 - block_text_comparison.py:76 - ===============skip cnt：161 || material_id='m_00025a' || rule='术语解释' || end_result=True===============
2025-07-08 22:08:07 - block_text_comparison.py:76 - ===============skip cnt：162 || material_id='m_00046a' || rule='基础产品销售信息' || end_result=True===============
2025-07-08 22:08:07 - block_text_comparison.py:84 - ===============cnt：162 || material_id='m_00102a' || rule='退保条款' || label=None===============
2025-07-08 22:08:07 - block_text_comparison.py:90 - load data data/clean_data_qwen2.5-72b-instruct/materials/m_00102a/CLAUSE/退保条款.txt...
2025-07-08 22:08:07 - block_text_comparison.py:90 - load data data/clean_data_qwen2.5-72b-instruct/materials/m_00102a/HEAD_IMG/退保条款.txt...
2025-07-08 22:08:07 - block_text_comparison.py:90 - load data data/clean_data_qwen2.5-72b-instruct/materials/m_00102a/INSURE_NOTICE/退保条款.txt...
2025-07-08 22:08:07 - block_text_comparison.py:90 - load data data/clean_data_qwen2.5-72b-instruct/materials/m_00102a/INTRODUCE_IMG/退保条款.txt...
2025-07-08 22:08:07 - block_text_comparison.py:90 - load data data/clean_data_qwen2.5-72b-instruct/materials/m_00102a/LIABILITY_EXCLUSION/退保条款.txt...
2025-07-08 22:08:13 - block_text_comparison.py:116 - 
```
投保人解除本保险合同时，应提供下列证明文件和资料： 
（1）保险合同解除申请书； 
（2）投保人证明及保险单原件或其他保险凭证； 
（3）投保人身份证明。 
投保人要求解除本保险合同，自保险人接到保险合同解除申请书之时起，本保险合同的效力终止。保险责任开始前，投保人要求解除合同的，应该按照合同约定向保险人支付相当于保险费3%的手续费，保险人应该退还保险费；保险责任开始后，投保人要求解除合同的，按照合同约定扣除自保险责任开始之日起至合同解除之日止应收的部分后，退还未满期保险费。
```
 
vs
 ```
3. 投保人要求解除本合同的，自保险人收到解除合同申请书时起，本合同终止。（1）保险责任开始前，投保人要求解除合同的，应当按保险费的0%向保险人支付退保手续费，保险人应当退还保险费；（2）保险责任开始后，投保人要求解除合同的，保险人应当将已收取的保险费，按照合同约定扣除自保险责任开始之日起至合同解除之日止应收的部分后，退还未满期保险费。 投保人解除本合同会遭受一定损失。
``` 
>>> result=<res>文本冲突</res>
<冲突文本段>：
- 片段1中，保险责任开始前，投保人要求解除合同的，应该按照合同约定向保险人支付相当于保险费3%的手续费，保险人应该退还保险费。
- 片段2中，保险责任开始前，投保人要求解除合同的，应当按保险费的0%向保险人支付退保手续费，保险人应当退还保险费。
2025-07-08 22:08:13 - block_text_comparison.py:120 - results: [False]
2025-07-08 22:08:13 - block_text_comparison.py:128 - ===============cnt=162 || material_id='m_00102a' || rule='退保条款' || end_result=False===============
2025-07-08 22:08:13 - block_text_comparison.py:76 - ===============skip cnt：164 || material_id='m_00120a' || rule='保障相关时间' || end_result=True===============
2025-07-08 22:08:13 - block_text_comparison.py:76 - ===============skip cnt：165 || material_id='m_00098a' || rule='责任免除' || end_result=False===============
2025-07-08 22:08:13 - block_text_comparison.py:76 - ===============skip cnt：166 || material_id='m_00008a' || rule='赔付 & 领取规则' || end_result=False===============
2025-07-08 22:08:13 - block_text_comparison.py:84 - ===============cnt：166 || material_id='m_00121a' || rule='退保条款' || label=None===============
2025-07-08 22:08:13 - block_text_comparison.py:90 - load data data/clean_data_qwen2.5-72b-instruct/materials/m_00121a/ADDITIONAL_AGREEMENT/退保条款.txt...
2025-07-08 22:08:13 - block_text_comparison.py:90 - load data data/clean_data_qwen2.5-72b-instruct/materials/m_00121a/CLAUSE/退保条款.txt...
2025-07-08 22:08:13 - block_text_comparison.py:90 - load data data/clean_data_qwen2.5-72b-instruct/materials/m_00121a/HEALTH_INFORM/退保条款.txt...
2025-07-08 22:08:13 - block_text_comparison.py:90 - load data data/clean_data_qwen2.5-72b-instruct/materials/m_00121a/INSURE_NOTICE/退保条款.txt...
2025-07-08 22:08:13 - block_text_comparison.py:90 - load data data/clean_data_qwen2.5-72b-instruct/materials/m_00121a/LIABILITY_EXCLUSION/退保条款.txt...
2025-07-08 22:08:13 - block_text_comparison.py:90 - load data data/clean_data_qwen2.5-72b-instruct/materials/m_00121a/PRODUCT_MANUAL/退保条款.txt...
2025-07-08 22:08:15 - block_text_comparison.py:116 - ```
6. 本人已知晓，自签收本电子合同之日起，有15日的犹豫期。在此期间，如本人认为本保险合同与本人需求不相符的，本人将在此期间提出解除本保险合同，贵公司将退还本人所交的保险费，并收取不超过10元的工本费；本人知晓犹豫期后退保，会有一定的损失（具体规则见产品条款）。
``` 
vs
 ```plaintext
您有退保的权利，犹豫期内申请退保的，我们将在扣除不超过30元的工本费后，无息退还您已支付的保险费；犹豫期后退保会给您造成一定的损失，请您慎重决策。
如果您在犹豫期后申请解除本合同（简称“退保”），请您填写解除合同申请书，并提供下列证明和资料的原件：
(1) 保险合同；
(2) 您的有效身份证件。
自我们收到解除合同申请书时起，本合同效力终止。我们将于收到上述证明和资料后30日内向您退还本合同终止时的现金价值。
您在犹豫期后解除本合同会遭受一定损失。
``` 
>>> result=<res>文本冲突</res>
<冲突文本段>：
- 片段1中提到犹豫期内退保收取的工本费为“不超过10元”，而片段2中提到犹豫期内退保收取的工本费为“不超过30元”。
2025-07-08 22:08:15 - block_text_comparison.py:120 - results: [False]
2025-07-08 22:08:15 - block_text_comparison.py:128 - ===============cnt=166 || material_id='m_00121a' || rule='退保条款' || end_result=False===============
2025-07-08 22:08:15 - block_text_comparison.py:76 - ===============skip cnt：168 || material_id='m_00026a' || rule='术语解释' || end_result=True===============
2025-07-08 22:08:15 - block_text_comparison.py:76 - ===============skip cnt：169 || material_id='m_00122a' || rule='保障责任' || end_result=True===============
2025-07-08 22:08:15 - block_text_comparison.py:76 - ===============skip cnt：170 || material_id='m_00072a' || rule='出险条款' || end_result=True===============
2025-07-08 22:08:15 - block_text_comparison.py:76 - ===============skip cnt：171 || material_id='m_00123a' || rule='术语解释' || end_result=True===============
2025-07-08 22:08:15 - block_text_comparison.py:76 - ===============skip cnt：172 || material_id='m_00089a' || rule='赔付 & 领取规则' || end_result=False===============
2025-07-08 22:08:15 - block_text_comparison.py:76 - ===============skip cnt：173 || material_id='m_00052a' || rule='责任免除' || end_result=False===============
2025-07-08 22:08:15 - block_text_comparison.py:76 - ===============skip cnt：174 || material_id='m_00005a' || rule='基础产品销售信息' || end_result=False===============
2025-07-08 22:08:15 - block_text_comparison.py:76 - ===============skip cnt：175 || material_id='m_00124a' || rule='责任免除' || end_result=False===============
2025-07-08 22:08:15 - block_text_comparison.py:76 - ===============skip cnt：176 || material_id='m_00125a' || rule='投保条款' || end_result=True===============
2025-07-08 22:08:15 - block_text_comparison.py:76 - ===============skip cnt：177 || material_id='m_00126a' || rule='保障责任' || end_result=True===============
2025-07-08 22:08:15 - block_text_comparison.py:76 - ===============skip cnt：178 || material_id='m_00127a' || rule='赔付 & 领取规则' || end_result=False===============
2025-07-08 22:08:15 - block_text_comparison.py:76 - ===============skip cnt：179 || material_id='m_00128a' || rule='基础产品销售信息' || end_result=True===============
2025-07-08 22:08:15 - block_text_comparison.py:76 - ===============skip cnt：180 || material_id='m_00129a' || rule='保障相关时间' || end_result=True===============
2025-07-08 22:08:15 - block_text_comparison.py:76 - ===============skip cnt：181 || material_id='m_00032a' || rule='保障责任' || end_result=False===============
2025-07-08 22:08:15 - block_text_comparison.py:84 - ===============cnt：181 || material_id='m_00004a' || rule='退保条款' || label=None===============
2025-07-08 22:08:15 - block_text_comparison.py:90 - load data data/clean_data_qwen2.5-72b-instruct/materials/m_00004a/ADDITIONAL_AGREEMENT/退保条款.txt...
2025-07-08 22:08:15 - block_text_comparison.py:90 - load data data/clean_data_qwen2.5-72b-instruct/materials/m_00004a/CLAUSE/退保条款.txt...
2025-07-08 22:08:15 - block_text_comparison.py:90 - load data data/clean_data_qwen2.5-72b-instruct/materials/m_00004a/HEAD_IMG/退保条款.txt...
2025-07-08 22:08:15 - block_text_comparison.py:90 - load data data/clean_data_qwen2.5-72b-instruct/materials/m_00004a/INSURE_NOTICE/退保条款.txt...
2025-07-08 22:08:15 - block_text_comparison.py:90 - load data data/clean_data_qwen2.5-72b-instruct/materials/m_00004a/INTRODUCE_IMG/退保条款.txt...
2025-07-08 22:08:15 - block_text_comparison.py:90 - load data data/clean_data_qwen2.5-72b-instruct/materials/m_00004a/LIABILITY_EXCLUSION/退保条款.txt...
2025-07-08 22:08:20 - block_text_comparison.py:116 - ```
第二十四条   在保险合同成立后，投保人可以书面形式通知保险人解除合同，但保险人已根据本保险合同约定履行赔偿责任的除外。本保险合同自保险人收到投保人的书面申请之日的二十四时起终止。 
    保险责任开始前，投保人要求解除本保险合同的，保险人于收到下述资料起30日内退还投保人保费。
    保险责任开始后，投保人要求解除本保险合同的，保险人于收到下述资料起30日内按保险责任开始之日起至合同解除之日止期间与保险期间的日比例计收保险费，并退还投保人 未满期保险费  （释义二）。 
    投保人解除本保险合同时，需提供下列证明文件和资料： 
    （一）保险单或其他保险凭证； 
    （二）解除合同申请书； 
（三）投保人身份证明。
```
```
第二十六条   在本保险合同成立后，投保人可以书面形式通知保险人解除合同，但保险人已根据本保险合同约定给付保险金的除外。 
投保人解除本保险合同时，应提供下列证明文件和资料： 
（一）保险合同解除申请书； 
（二）保险单； 
（三）保险费交付凭证； 
（四）投保人身份证明。 
投保人要求解除本保险合同，自保险人接到保险合同解除申请书之时起，本保险合同的效力终止。保险人收到上述证明文件和资料之日起三十日内退还保险合同的未满期保险费。
``` 
vs
 ```plaintext
2. 退保流程：  如需退保，可在支付宝-蚂蚁保险-我的-保单详情页点击【 申请 退保】申请 。 保单生效前  或保险生效后25天内，  申请退保并递交齐全退保资料的，将全额退还保险费。若投保人在保单生效  25天  后申请退保的，保险人收到退保申请和相关证明文件、资料  后  按天计算未满期净保费进行退还。 <br />
退保计算公式： 未满期保险费 =本合同的年保险费×[1-（n/m）]） *（1-35%） ，其中，n指当年实际经过天数，m为当年实际天数。经过天数不足一天的按一天计算。
``` 
>>> result=<res>文本冲突</res>
<冲突文本段>：
- 片段1中，保险责任开始前解除合同，保险人于收到下述资料起30日内退还投保人保费；保险责任开始后解除合同，保险人于收到下述资料起30日内按保险责任开始之日起至合同解除之日止期间与保险期间的日比例计收保险费，并退还投保人未满期保险费。
- 片段2中，保单生效前或保险生效后25天内申请退保并递交齐全退保资料的，将全额退还保险费；若投保人在保单生效25天后申请退保的，按天计算未满期净保费进行退还，且未满期保险费计算公式中包含35%的扣减。

以上内容在退保条件和退保费用计算方式上存在明显不一致。
2025-07-08 22:08:20 - block_text_comparison.py:120 - results: [False]
2025-07-08 22:08:20 - block_text_comparison.py:128 - ===============cnt=181 || material_id='m_00004a' || rule='退保条款' || end_result=False===============
2025-07-08 22:08:20 - block_text_comparison.py:76 - ===============skip cnt：183 || material_id='m_00130a' || rule='赔付 & 领取规则' || end_result=True===============
2025-07-08 22:08:20 - block_text_comparison.py:76 - ===============skip cnt：184 || material_id='m_00041a' || rule='责任免除' || end_result=True===============
2025-07-08 22:08:20 - block_text_comparison.py:76 - ===============skip cnt：185 || material_id='m_00088a' || rule='保障责任' || end_result=True===============
2025-07-08 22:08:20 - block_text_comparison.py:76 - ===============skip cnt：186 || material_id='m_00131a' || rule='出险条款' || end_result=True===============
2025-07-08 22:08:20 - block_text_comparison.py:76 - ===============skip cnt：187 || material_id='m_00132a' || rule='保障责任' || end_result=True===============
2025-07-08 22:08:20 - block_text_comparison.py:76 - ===============skip cnt：188 || material_id='m_00129a' || rule='术语解释' || end_result=True===============
2025-07-08 22:08:20 - block_text_comparison.py:76 - ===============skip cnt：189 || material_id='m_00116a' || rule='责任免除' || end_result=False===============
2025-07-08 22:08:20 - block_text_comparison.py:76 - ===============skip cnt：190 || material_id='m_00133a' || rule='责任免除' || end_result=True===============
2025-07-08 22:08:20 - block_text_comparison.py:76 - ===============skip cnt：191 || material_id='m_00134a' || rule='基础产品销售信息' || end_result=True===============
2025-07-08 22:08:20 - block_text_comparison.py:76 - ===============skip cnt：192 || material_id='m_00016a' || rule='基础产品销售信息' || end_result=False===============
2025-07-08 22:08:20 - block_text_comparison.py:76 - ===============skip cnt：193 || material_id='m_00135a' || rule='附加条款' || end_result=True===============
2025-07-08 22:08:20 - block_text_comparison.py:76 - ===============skip cnt：194 || material_id='m_00136a' || rule='附加条款' || end_result=True===============
2025-07-08 22:08:20 - block_text_comparison.py:76 - ===============skip cnt：195 || material_id='m_00137a' || rule='附加条款' || end_result=True===============
2025-07-08 22:08:20 - block_text_comparison.py:76 - ===============skip cnt：196 || material_id='m_00138a' || rule='基础产品销售信息' || end_result=True===============
2025-07-08 22:08:20 - block_text_comparison.py:76 - ===============skip cnt：197 || material_id='m_00120a' || rule='附加条款' || end_result=True===============
2025-07-08 22:08:20 - block_text_comparison.py:76 - ===============skip cnt：198 || material_id='m_00139a' || rule='基础产品销售信息' || end_result=True===============
2025-07-08 22:08:20 - block_text_comparison.py:76 - ===============skip cnt：199 || material_id='m_00061a' || rule='责任免除' || end_result=False===============
2025-07-08 22:08:20 - block_text_comparison.py:76 - ===============skip cnt：200 || material_id='m_00066a' || rule='赔付 & 领取规则' || end_result=False===============
2025-07-08 22:08:20 - block_text_comparison.py:134 - Done! 文件保存至:data/clean_data_qwen2.5-72b-instruct/clean_data_退保条款_splitv2.csv
